******************************************************************************
                  TI ARM Linker PC v20.2.7                     
******************************************************************************
>> Linked Thu May 30 16:14:55 2024

OUTPUT FILE NAME:   <CS6024_HW1_Blink LED.out>
ENTRY POINT SYMBOL: "_c_int00_noargs"  address: 00000649


MEMORY CONFIGURATION

         name            origin    length      used     unused   attr    fill
----------------------  --------  ---------  --------  --------  ----  --------
  MAIN                  00000000   00040000  00000768  0003f898  R  X
  INFO                  00200000   00004000  00000000  00004000  R  X
  SRAM_CODE             01000000   00010000  00000000  00010000  RW X
  SRAM_DATA             20000000   00010000  00000238  0000fdc8  RW  


SEGMENT ALLOCATION MAP

run origin  load origin   length   init length attrs members
----------  ----------- ---------- ----------- ----- -------
00000000    00000000    00000768   00000768    r-x
  00000000    00000000    00000140   00000140    r-- .intvecs
  00000140    00000140    000005d0   000005d0    r-x .text
  00000710    00000710    00000058   00000058    r-- .cinit
20000000    20000000    00000038   00000000    rw-
  20000000    20000000    00000034   00000000    rw- .data
  20000034    20000034    00000004   00000000    rw- .bss
2000fe00    2000fe00    00000200   00000000    rw-
  2000fe00    2000fe00    00000200   00000000    rw- .stack


SECTION ALLOCATION MAP

 output                                  attributes/
section   page    origin      length       input sections
--------  ----  ----------  ----------   ----------------
.intvecs   0    00000000    00000140     
                  00000000    00000140     startup_msp432p401r_ccs.obj (.intvecs:retain)

.text      0    00000140    000005d0     
                  00000140    00000328     system_msp432p401r.obj (.text)
                  00000468    0000009c     rtsv7M4_T_le_v4SPD16_eabi.lib : memcpy_t2.asm.obj (.text)
                  00000504    00000098     main.obj (.text)
                  0000059c    00000068     rtsv7M4_T_le_v4SPD16_eabi.lib : copy_decompress_lzss.c.obj (.text:decompress:lzss:__TI_decompress_lzss)
                  00000604    00000044                                   : autoinit.c.obj (.text:__TI_auto_init_nobinit_nopinit:__TI_auto_init_nobinit_nopinit)
                  00000648    00000034                                   : boot_cortex_m.c.obj (.text:_c_int00_noargs:_c_int00_noargs)
                  0000067c    00000024     msp432p4xx_driverlib.lib : gpio.o (.text:GPIO_setAsOutputPin)
                  000006a0    0000001c     rtsv7M4_T_le_v4SPD16_eabi.lib : copy_zero_init.c.obj (.text:decompress:ZI:__TI_zero_init_nomemset:__TI_zero_init_nomemset)
                  000006bc    00000018     msp432p4xx_driverlib.lib : gpio.o (.text:GPIO_setOutputLowOnPin)
                  000006d4    00000014                              : gpio.o (.text:GPIO_setOutputHighOnPin)
                  000006e8    00000012     startup_msp432p401r_ccs.obj (.text)
                  000006fa    0000000e     rtsv7M4_T_le_v4SPD16_eabi.lib : copy_decompress_none.c.obj (.text:decompress:none:__TI_decompress_none)
                  00000708    00000004                                   : pre_init.c.obj (.text:_system_pre_init)
                  0000070c    00000004                                   : exit.c.obj (.text:abort:abort)

.cinit     0    00000710    00000058     
                  00000710    0000002f     (.cinit..data.load) [load image, compression = lzss]
                  0000073f    00000001     --HOLE-- [fill = 0]
                  00000740    0000000c     (__TI_handler_table)
                  0000074c    00000004     --HOLE-- [fill = 0]
                  00000750    00000008     (.cinit..bss.load) [load image, compression = zero_init]
                  00000758    00000010     (__TI_cinit_table)

.init_array 
*          0    00000000    00000000     UNINITIALIZED

.data      0    20000000    00000034     UNINITIALIZED
                  20000000    00000030     msp432p4xx_driverlib.lib : gpio.o (.data:GPIO_PORT_TO_BASE)
                  20000030    00000004     system_msp432p401r.obj (.data)

.bss       0    20000034    00000004     UNINITIALIZED
                  20000034    00000004     main.obj (.bss)

.stack     0    2000fe00    00000200     UNINITIALIZED
                  2000fe00    00000004     rtsv7M4_T_le_v4SPD16_eabi.lib : boot_cortex_m.c.obj (.stack)
                  2000fe04    000001fc     --HOLE--

__llvm_prf_cnts 
*          0    20000000    00000000     UNINITIALIZED

MODULE SUMMARY

       Module                        code   ro data   rw data
       ------                        ----   -------   -------
    .\
       system_msp432p401r.obj        808    0         4      
       startup_msp432p401r_ccs.obj   18     320       0      
       main.obj                      152    0         4      
    +--+-----------------------------+------+---------+---------+
       Total:                        978    320       8      
                                                             
    C:/Users/rohit/workspace_v12/msp432_driverlib_3_21_00_05/driverlib/MSP432P4xx/ccs/msp432p4xx_driverlib.lib
       gpio.o                        80     0         48     
    +--+-----------------------------+------+---------+---------+
       Total:                        80     0         48     
                                                             
    C:\ti\ccs1230\ccs\tools\compiler\ti-cgt-arm_20.2.7.LTS\lib\rtsv7M4_T_le_v4SPD16_eabi.lib
       memcpy_t2.asm.obj             156    0         0      
       copy_decompress_lzss.c.obj    104    0         0      
       autoinit.c.obj                68     0         0      
       boot_cortex_m.c.obj           52     0         0      
       copy_zero_init.c.obj          28     0         0      
       copy_decompress_none.c.obj    14     0         0      
       exit.c.obj                    4      0         0      
       pre_init.c.obj                4      0         0      
    +--+-----------------------------+------+---------+---------+
       Total:                        430    0         0      
                                                             
       Stack:                        0      0         512    
       Linker Generated:             0      83        0      
    +--+-----------------------------+------+---------+---------+
       Grand Total:                  1488   403       568    


LINKER GENERATED COPY TABLES

__TI_cinit_table @ 00000758 records: 2, size/record: 8, table size: 16
	.data: load addr=00000710, load size=0000002f bytes, run addr=20000000, run size=00000034 bytes, compression=lzss
	.bss: load addr=00000750, load size=00000008 bytes, run addr=20000034, run size=00000004 bytes, compression=zero_init


LINKER GENERATED HANDLER TABLE

__TI_handler_table @ 00000740 records: 3, size/record: 4, table size: 12
	index: 0, handler: __TI_decompress_lzss
	index: 1, handler: __TI_decompress_none
	index: 2, handler: __TI_zero_init


GLOBAL SYMBOLS: SORTED ALPHABETICALLY BY Name 

address   name                          
-------   ----                          
0000070d  C$$EXIT                       
00000555  DELAY_LOOP_Wait               
0000067d  GPIO_setAsOutputPin           
000006d5  GPIO_setOutputHighOnPin       
000006bd  GPIO_setOutputLowOnPin        
00000529  LED_FLASH_Change_State        
00000507  LED_FLASH_Init                
20000030  SystemCoreClock               
00000141  SystemCoreClockUpdate         
000003b5  SystemInit                    
00000519  TIMER32_Init                  
4000480c  WDTCTL_SYM                    
20010000  __STACK_END                   
00000200  __STACK_SIZE                  
00000758  __TI_CINIT_Base               
00000768  __TI_CINIT_Limit              
00000740  __TI_Handler_Table_Base       
0000074c  __TI_Handler_Table_Limit      
00000605  __TI_auto_init_nobinit_nopinit
0000059d  __TI_decompress_lzss          
000006fb  __TI_decompress_none          
ffffffff  __TI_pprof_out_hndl           
ffffffff  __TI_prof_data_size           
ffffffff  __TI_prof_data_start          
00000000  __TI_static_base__            
000006a1  __TI_zero_init_nomemset       
00000469  __aeabi_memcpy                
00000469  __aeabi_memcpy4               
00000469  __aeabi_memcpy8               
ffffffff  __binit__                     
ffffffff  __c_args__                    
UNDEFED   __mpu_init                    
2000fe00  __stack                       
20000000  __start___llvm_prf_cnts       
20000000  __stop___llvm_prf_cnts        
00000649  _c_int00_noargs               
UNDEFED   _system_post_cinit            
00000709  _system_pre_init              
0000070d  abort                         
ffffffff  binit                         
00000000  interruptVectors              
00000505  main                          
00000469  memcpy                        


GLOBAL SYMBOLS: SORTED BY Symbol Address 

address   name                          
-------   ----                          
00000000  __TI_static_base__            
00000000  interruptVectors              
00000141  SystemCoreClockUpdate         
00000200  __STACK_SIZE                  
000003b5  SystemInit                    
00000469  __aeabi_memcpy                
00000469  __aeabi_memcpy4               
00000469  __aeabi_memcpy8               
00000469  memcpy                        
00000505  main                          
00000507  LED_FLASH_Init                
00000519  TIMER32_Init                  
00000529  LED_FLASH_Change_State        
00000555  DELAY_LOOP_Wait               
0000059d  __TI_decompress_lzss          
00000605  __TI_auto_init_nobinit_nopinit
00000649  _c_int00_noargs               
0000067d  GPIO_setAsOutputPin           
000006a1  __TI_zero_init_nomemset       
000006bd  GPIO_setOutputLowOnPin        
000006d5  GPIO_setOutputHighOnPin       
000006fb  __TI_decompress_none          
00000709  _system_pre_init              
0000070d  C$$EXIT                       
0000070d  abort                         
00000740  __TI_Handler_Table_Base       
0000074c  __TI_Handler_Table_Limit      
00000758  __TI_CINIT_Base               
00000768  __TI_CINIT_Limit              
20000000  __start___llvm_prf_cnts       
20000000  __stop___llvm_prf_cnts        
20000030  SystemCoreClock               
2000fe00  __stack                       
20010000  __STACK_END                   
4000480c  WDTCTL_SYM                    
ffffffff  __TI_pprof_out_hndl           
ffffffff  __TI_prof_data_size           
ffffffff  __TI_prof_data_start          
ffffffff  __binit__                     
ffffffff  __c_args__                    
ffffffff  binit                         
UNDEFED   __mpu_init                    
UNDEFED   _system_post_cinit            

[43 symbols]
