Archive member included to satisfy reference by file (symbol)

c:/ti/ccs1230/ccs/tools/compiler/gcc-arm-none-eabi-9-2019-q4-major/bin/../lib/gcc/arm-none-eabi/9.2.1/thumb/v7e-m/nofp\libgcc.a(_arm_mulsf3.o)
                              ./system_msp432p401r.o (__aeabi_fmul)
c:/ti/ccs1230/ccs/tools/compiler/gcc-arm-none-eabi-9-2019-q4-major/bin/../lib/gcc/arm-none-eabi/9.2.1/thumb/v7e-m/nofp\libgcc.a(_arm_addsubsf3.o)
                              ./system_msp432p401r.o (__aeabi_fsub)
c:/ti/ccs1230/ccs/tools/compiler/gcc-arm-none-eabi-9-2019-q4-major/bin/../lib/gcc/arm-none-eabi/9.2.1/thumb/v7e-m/nofp\libgcc.a(_arm_muldivsf3.o)
                              ./system_msp432p401r.o (__aeabi_fdiv)
c:/ti/ccs1230/ccs/tools/compiler/gcc-arm-none-eabi-9-2019-q4-major/bin/../lib/gcc/arm-none-eabi/9.2.1/thumb/v7e-m/nofp\libgcc.a(_arm_fixsfsi.o)
                              ./driverlib/cs.o (__aeabi_f2iz)
c:/ti/ccs1230/ccs/tools/compiler/gcc-arm-none-eabi-9-2019-q4-major/bin/../lib/gcc/arm-none-eabi/9.2.1/thumb/v7e-m/nofp\libgcc.a(_arm_fixunssfsi.o)
                              ./system_msp432p401r.o (__aeabi_f2uiz)
c:/ti/ccs1230/ccs/tools/compiler/gcc-arm-none-eabi-9-2019-q4-major/bin/../lib/gcc/arm-none-eabi/9.2.1/../../../../arm-none-eabi/lib/thumb/v7e-m/nofp\libc.a(lib_a-exit.o)
                              c:/ti/ccs1230/ccs/tools/compiler/gcc-arm-none-eabi-9-2019-q4-major/bin/../lib/gcc/arm-none-eabi/9.2.1/../../../../arm-none-eabi/lib/thumb/v7e-m/nofp/crt0.o (exit)
c:/ti/ccs1230/ccs/tools/compiler/gcc-arm-none-eabi-9-2019-q4-major/bin/../lib/gcc/arm-none-eabi/9.2.1/../../../../arm-none-eabi/lib/thumb/v7e-m/nofp\libc.a(lib_a-impure.o)
                              c:/ti/ccs1230/ccs/tools/compiler/gcc-arm-none-eabi-9-2019-q4-major/bin/../lib/gcc/arm-none-eabi/9.2.1/../../../../arm-none-eabi/lib/thumb/v7e-m/nofp\libc.a(lib_a-exit.o) (_global_impure_ptr)
c:/ti/ccs1230/ccs/tools/compiler/gcc-arm-none-eabi-9-2019-q4-major/bin/../lib/gcc/arm-none-eabi/9.2.1/../../../../arm-none-eabi/lib/thumb/v7e-m/nofp\libc.a(lib_a-init.o)
                              c:/ti/ccs1230/ccs/tools/compiler/gcc-arm-none-eabi-9-2019-q4-major/bin/../lib/gcc/arm-none-eabi/9.2.1/../../../../arm-none-eabi/lib/thumb/v7e-m/nofp/crt0.o (__libc_init_array)
c:/ti/ccs1230/ccs/tools/compiler/gcc-arm-none-eabi-9-2019-q4-major/bin/../lib/gcc/arm-none-eabi/9.2.1/../../../../arm-none-eabi/lib/thumb/v7e-m/nofp\libc.a(lib_a-memcmp.o)
                              ./main.o (memcmp)
c:/ti/ccs1230/ccs/tools/compiler/gcc-arm-none-eabi-9-2019-q4-major/bin/../lib/gcc/arm-none-eabi/9.2.1/../../../../arm-none-eabi/lib/thumb/v7e-m/nofp\libc.a(lib_a-memset.o)
                              c:/ti/ccs1230/ccs/tools/compiler/gcc-arm-none-eabi-9-2019-q4-major/bin/../lib/gcc/arm-none-eabi/9.2.1/../../../../arm-none-eabi/lib/thumb/v7e-m/nofp/crt0.o (memset)
c:/ti/ccs1230/ccs/tools/compiler/gcc-arm-none-eabi-9-2019-q4-major/bin/../lib/gcc/arm-none-eabi/9.2.1/../../../../arm-none-eabi/lib/thumb/v7e-m/nofp\libc.a(lib_a-sprintf.o)
                              ./main.o (sprintf)
c:/ti/ccs1230/ccs/tools/compiler/gcc-arm-none-eabi-9-2019-q4-major/bin/../lib/gcc/arm-none-eabi/9.2.1/../../../../arm-none-eabi/lib/thumb/v7e-m/nofp\libc.a(lib_a-svfprintf.o)
                              c:/ti/ccs1230/ccs/tools/compiler/gcc-arm-none-eabi-9-2019-q4-major/bin/../lib/gcc/arm-none-eabi/9.2.1/../../../../arm-none-eabi/lib/thumb/v7e-m/nofp\libc.a(lib_a-sprintf.o) (_svfprintf_r)
c:/ti/ccs1230/ccs/tools/compiler/gcc-arm-none-eabi-9-2019-q4-major/bin/../lib/gcc/arm-none-eabi/9.2.1/../../../../arm-none-eabi/lib/thumb/v7e-m/nofp\libc.a(lib_a-__call_atexit.o)
                              c:/ti/ccs1230/ccs/tools/compiler/gcc-arm-none-eabi-9-2019-q4-major/bin/../lib/gcc/arm-none-eabi/9.2.1/../../../../arm-none-eabi/lib/thumb/v7e-m/nofp\libc.a(lib_a-exit.o) (__call_exitprocs)
c:/ti/ccs1230/ccs/tools/compiler/gcc-arm-none-eabi-9-2019-q4-major/bin/../lib/gcc/arm-none-eabi/9.2.1/../../../../arm-none-eabi/lib/thumb/v7e-m/nofp\libc.a(lib_a-atexit.o)
                              c:/ti/ccs1230/ccs/tools/compiler/gcc-arm-none-eabi-9-2019-q4-major/bin/../lib/gcc/arm-none-eabi/9.2.1/../../../../arm-none-eabi/lib/thumb/v7e-m/nofp\libc.a(lib_a-__call_atexit.o) (atexit)
c:/ti/ccs1230/ccs/tools/compiler/gcc-arm-none-eabi-9-2019-q4-major/bin/../lib/gcc/arm-none-eabi/9.2.1/../../../../arm-none-eabi/lib/thumb/v7e-m/nofp\libc.a(lib_a-dtoa.o)
                              c:/ti/ccs1230/ccs/tools/compiler/gcc-arm-none-eabi-9-2019-q4-major/bin/../lib/gcc/arm-none-eabi/9.2.1/../../../../arm-none-eabi/lib/thumb/v7e-m/nofp\libc.a(lib_a-svfprintf.o) (_dtoa_r)
c:/ti/ccs1230/ccs/tools/compiler/gcc-arm-none-eabi-9-2019-q4-major/bin/../lib/gcc/arm-none-eabi/9.2.1/../../../../arm-none-eabi/lib/thumb/v7e-m/nofp\libc.a(lib_a-fini.o)
[...]
Memory Configuration

Name             Origin             Length             Attributes
MAIN_FLASH       0x00000000         0x00040000         xr
INFO_FLASH       0x00200000         0x00004000         xr
SRAM_CODE        0x01000000         0x00010000         xrw
SRAM_DATA        0x20000000         0x00010000         rw
*default*        0x00000000         0xffffffff

Linker script and memory map

LOAD c:/ti/ccs1230/ccs/tools/compiler/gcc-arm-none-eabi-9-2019-q4-major/bin/../lib/gcc/arm-none-eabi/9.2.1/thumb/v7e-m/nofp/crti.o
LOAD c:/ti/ccs1230/ccs/tools/compiler/gcc-arm-none-eabi-9-2019-q4-major/bin/../lib/gcc/arm-none-eabi/9.2.1/thumb/v7e-m/nofp/crtbegin.o
LOAD c:/ti/ccs1230/ccs/tools/compiler/gcc-arm-none-eabi-9-2019-q4-major/bin/../lib/gcc/arm-none-eabi/9.2.1/../../../../arm-none-eabi/lib/thumb/v7e-m/nofp/crt0.o
LOAD ./main.o
LOAD ./startup_msp432p401r_gcc.o
LOAD ./system_msp432p401r.o
LOAD ./driverlib/adc14.o
LOAD ./driverlib/aes256.o
LOAD ./driverlib/comp_e.o
LOAD ./driverlib/cpu.o
LOAD ./driverlib/crc32.o
LOAD ./driverlib/cs.o
LOAD ./driverlib/dma.o
LOAD ./driverlib/flash.o
LOAD ./driverlib/fpu.o
LOAD ./driverlib/gpio.o
LOAD ./driverlib/i2c.o
LOAD ./driverlib/interrupt.o
LOAD ./driverlib/mpu.o
LOAD ./driverlib/pcm.o
LOAD ./driverlib/pmap.o
LOAD ./driverlib/pss.o
LOAD ./driverlib/ref_a.o
LOAD ./driverlib/reset.o
LOAD ./driverlib/rtc_c.o
LOAD ./driverlib/spi.o
LOAD ./driverlib/sysctl.o
LOAD ./driverlib/systick.o
LOAD ./driverlib/timer32.o
LOAD ./driverlib/timer_a.o
LOAD ./driverlib/uart.o
LOAD ./driverlib/wdt_a.o
LOAD ./tiny_aes/aes.o
                0x00000000                PROVIDE (_intvecs_base_address = DEFINED (_intvecs_base_address)?_intvecs_base_address:0x0)

.intvecs        0x00000000       0xe4
 *(.intvecs)
 .intvecs       0x00000000       0xe4 ./startup_msp432p401r_gcc.o
                0x00000000                interruptVectors
                0x00200000                PROVIDE (_mailbox_base_address = 0x200000)

.flashMailbox
 *(.flashMailbox)
                0x00201000                PROVIDE (_tlv_base_address = 0x201000)

.tlvTable
 *(.tlvTable)
                0x00202000                PROVIDE (_bsl_base_address = 0x202000)

.bslArea
 *(.bslArea)
                0x20000000                PROVIDE (_vtable_base_address = DEFINED (_vtable_base_address)?_vtable_base_address:0x20000000)

.vtable
 *(.vtable)

.text           0x00000100    0x12f28
 CREATE_OBJECT_SYMBOLS
 *(.text)
 .text          0x00000100        0x0 c:/ti/ccs1230/ccs/tools/compiler/gcc-arm-none-eabi-9-2019-q4-major/bin/../lib/gcc/arm-none-eabi/9.2.1/thumb/v7e-m/nofp/crti.o
 .text          0x00000100       0x40 c:/ti/ccs1230/ccs/tools/compiler/gcc-arm-none-eabi-9-2019-q4-major/bin/../lib/gcc/arm-none-eabi/9.2.1/thumb/v7e-m/nofp/crtbegin.o
 .text          0x00000140       0x74 c:/ti/ccs1230/ccs/tools/compiler/gcc-arm-none-eabi-9-2019-q4-major/bin/../lib/gcc/arm-none-eabi/9.2.1/../../../../arm-none-eabi/lib/thumb/v7e-m/nofp/crt0.o
                0x00000140                _start
                0x00000140                _mainCRTStartup
 .text          0x000001b4      0x208 ./main.o
                0x000001b4                SysTick_Handler
                0x000001d0                init_aes
                0x000001e8                LED_FLASH_Init
                0x000001f8                test_encrypt
                0x00000218                test_decrypt
                0x0000023c                check_encrypt
                0x00000258                check_decrypt
                0x00000274                UART0_putchar
                0x000002a8                UART0_puts
                0x000002d2                uart_init
                0x0000031c                main
 .text          0x000003bc       0x4c ./startup_msp432p401r_gcc.o
                0x000003bc                Reset_Handler
                0x00000400                DebugMon_Handler
                0x00000400                AES256_IRQHandler
                0x00000400                HardFault_Handler
                0x00000400                PendSV_Handler
                0x00000400                NMI_Handler
                0x00000400                RTC_C_IRQHandler
                0x00000400                PORT1_IRQHandler
                0x00000400                FPU_IRQHandler
                0x00000400                PORT2_IRQHandler
                0x00000400                TA3_0_IRQHandler
                0x00000400                UsageFault_Handler
                0x00000400                DMA_INT3_IRQHandler
                0x00000400                TA2_0_IRQHandler
                0x00000400                DMA_INT1_IRQHandler
                0x00000400                WDT_A_IRQHandler
                0x00000400                TA2_N_IRQHandler
                0x00000400                TA1_0_IRQHandler
                0x00000400                CS_IRQHandler
                0x00000400                PSS_IRQHandler
                0x00000400                DMA_INT2_IRQHandler
                0x00000400                EUSCIA3_IRQHandler
                0x00000400                DMA_INT0_IRQHandler
                0x00000400                PORT4_IRQHandler
                0x00000400                PORT5_IRQHandler
                0x00000400                EUSCIB0_IRQHandler
                0x00000400                Default_Handler
                0x00000400                T32_INTC_IRQHandler
                0x00000400                TA3_N_IRQHandler
                0x00000400                TA0_0_IRQHandler
                0x00000400                EUSCIA2_IRQHandler
                0x00000400                PORT6_IRQHandler
                0x00000400                PORT3_IRQHandler
                0x00000400                MemManage_Handler
                0x00000400                SVC_Handler
                0x00000400                TA1_N_IRQHandler
                0x00000400                EUSCIA1_IRQHandler
                0x00000400                COMP_E1_IRQHandler
                0x00000400                EUSCIB2_IRQHandler
                0x00000400                FLCTL_IRQHandler
                0x00000400                EUSCIB3_IRQHandler
                0x00000400                T32_INT1_IRQHandler
                0x00000400                DMA_ERR_IRQHandler
                0x00000400                ADC14_IRQHandler
                0x00000400                EUSCIA0_IRQHandler
                0x00000400                BusFault_Handler
                0x00000400                PCM_IRQHandler
                0x00000400                TA0_N_IRQHandler
                0x00000400                COMP_E0_IRQHandler
                0x00000400                EUSCIB1_IRQHandler
                0x00000400                T32_INT2_IRQHandler
 .text          0x00000408      0x390 ./system_msp432p401r.o
                0x00000408                SystemCoreClockUpdate
                0x00000730                SystemInit
 .text          0x00000798      0xd3c ./driverlib/adc14.o
                0x00000adc                ADC14_enableModule
                0x00000af4                ADC14_disableModule
                0x00000b18                ADC14_enableSampleTimer
                0x00000b5c                ADC14_disableSampleTimer
                0x00000b80                ADC14_initModule
                0x00000bd8                ADC14_setResolution
                0x00000c00                ADC14_getResolution
                0x00000c18                ADC14_setSampleHoldTrigger
                0x00000c6c                ADC14_setSampleHoldTime
                0x00000ca8                ADC14_configureMultiSequenceMode
                0x00000d60                ADC14_configureSingleSampleMode
                0x00000dcc                ADC14_enableConversion
                0x00000e04                ADC14_toggleConversionTrigger
                0x00000e40                ADC14_disableConversion
                0x00000e5c                ADC14_isBusy
                0x00000e7c                ADC14_configureConversionMemory
                0x00000f2c                ADC14_enableComparatorWindow
                0x00000fc4                ADC14_disableComparatorWindow
                0x00001038                ADC14_setComparatorWindowValue
                0x000010e4                ADC14_setResultFormat
                0x00001124                ADC14_getResult
                0x0000114c                ADC14_getMultiSequenceResult
                0x000011d4                ADC14_getResultArray
                0x0000125c                ADC14_enableReferenceBurst
                0x00001280                ADC14_disableReferenceBurst
                0x000012a4                ADC14_setPowerMode
                0x000012fc                ADC14_enableInterrupt
                0x0000134c                ADC14_disableInterrupt
                0x000013a0                ADC14_getInterruptStatus
                0x000013f0                ADC14_getEnabledInterruptStatus
                0x00001450                ADC14_clearInterruptFlag
                0x000014a0                ADC14_registerInterrupt
                0x000014be                ADC14_unregisterInterrupt
 .text          0x000014d4      0x6e4 ./driverlib/aes256.o
                0x000014d4                AES256_setCipherKey
                0x000015a4                AES256_encryptData
                0x00001670                AES256_decryptData
                0x0000173a                AES256_setDecipherKey
                0x0000181c                AES256_clearInterruptFlag
                0x00001840                AES256_getInterruptFlagStatus
                0x00001864                AES256_enableInterrupt
                0x00001888                AES256_disableInterrupt
                0x000018ac                AES256_reset
                0x000018d0                AES256_startEncryptData
                0x00001946                AES256_startDecryptData
                0x000019ba                AES256_startSetDecipherKey
                0x00001a84                AES256_getDataOut
                0x00001aee                AES256_isBusy
                0x00001b1c                AES256_clearErrorFlag
                0x00001b40                AES256_getErrorFlagStatus
                0x00001b64                AES256_registerInterrupt
                0x00001b84                AES256_unregisterInterrupt
                0x00001ba0                AES256_getInterruptStatus
 .text          0x00001bb8      0x6a8 ./driverlib/comp_e.o
                0x00001d64                COMP_E_initModule
                0x00001e64                COMP_E_setReferenceVoltage
                0x00001f0e                COMP_E_setReferenceAccuracy
                0x00001f52                COMP_E_setPowerMode
                0x00001f7e                COMP_E_enableModule
                0x00001fa4                COMP_E_disableModule
                0x00001fca                COMP_E_shortInputs
                0x00001ff0                COMP_E_unshortInputs
                0x00002016                COMP_E_disableInputBuffer
                0x0000203c                COMP_E_enableInputBuffer
                0x00002066                COMP_E_swapIO
                0x00002088                COMP_E_outputValue
                0x000020a8                COMP_E_enableInterrupt
                0x000020ce                COMP_E_getEnabledInterruptStatus
                0x000020ee                COMP_E_disableInterrupt
                0x00002118                COMP_E_clearInterruptFlag
                0x00002142                COMP_E_getInterruptStatus
                0x0000215e                COMP_E_setInterruptEdgeDirection
                0x000021a8                COMP_E_toggleInterruptEdgeDirection
                0x000021ca                COMP_E_registerInterrupt
                0x00002218                COMP_E_unregisterInterrupt
 .text          0x00002260       0x42 ./driverlib/cpu.o
                0x00002260                CPU_cpsid
                0x0000226e                CPU_primask
                0x0000227a                CPU_cpsie
                0x00002288                CPU_wfi
                0x0000228e                CPU_basepriSet
                0x00002296                CPU_basepriGet
 *fill*         0x000022a2        0x2 
 .text          0x000022a4      0x1d4 ./driverlib/crc32.o
                0x000022a4                CRC32_setSeed
                0x000022e0                CRC32_set8BitData
                0x00002310                CRC32_set16BitData
                0x0000233e                CRC32_set32BitData
                0x00002366                CRC32_set8BitDataReversed
                0x00002398                CRC32_set16BitDataReversed
                0x000023c6                CRC32_set32BitDataReversed
                0x000023f0                CRC32_getResult
                0x00002434                CRC32_getResultReversed
 .text          0x00002478     0x10dc ./driverlib/cs.o
                0x000027d0                CS_setExternalClockSourceFrequency
                0x000027f8                CS_initClockSignal
                0x00002984                CS_startHFXT
                0x000029a2                CS_startHFXTWithTimeout
                0x00002a94                CS_startLFXT
                0x00002aae                CS_startLFXTWithTimeout
                0x00002b98                CS_enableClockRequest
                0x00002bcc                CS_disableClockRequest
                0x00002c04                CS_setReferenceOscillatorFrequency
                0x00002c38                CS_enableDCOExternalResistor
                0x00002c64                CS_setDCOExternalResistorCalibration
                0x00002d04                CS_disableDCOExternalResistor
                0x00002d30                CS_setDCOCenteredFrequency
                0x00002d68                CS_tuneDCOFrequency
                0x00002df8                CS_getDCOFrequency
                0x00002fe4                CS_setDCOFrequency
                0x00003238                CS_getBCLK
                0x00003264                CS_getHSMCLK
                0x00003298                CS_getACLK
                0x000032cc                CS_getSMCLK
                0x00003300                CS_getMCLK
                0x00003334                CS_enableFaultCounter
                0x00003378                CS_disableFaultCounter
                0x000033bc                CS_resetFaultCounter
                0x00003400                CS_startFaultCounter
                0x00003454                CS_enableInterrupt
                0x00003488                CS_disableInterrupt
                0x000034c0                CS_getInterruptStatus
                0x000034d4                CS_getEnabledInterruptStatus
                0x000034ec                CS_clearInterruptFlag
                0x00003520                CS_registerInterrupt
                0x0000353e                CS_unregisterInterrupt
 .text          0x00003554      0x9c0 ./driverlib/dma.o
                0x00003554                DMA_enableModule
                0x0000356c                DMA_disableModule
                0x00003584                DMA_getErrorStatus
                0x00003598                DMA_clearErrorStatus
                0x000035b0                DMA_enableChannel
                0x000035d4                DMA_disableChannel
                0x000035f8                DMA_isChannelEnabled
                0x0000362c                DMA_setControlBase
                0x00003648                DMA_getControlBase
                0x0000365c                DMA_getControlAlternateBase
                0x00003670                DMA_requestChannel
                0x00003694                DMA_enableChannelAttribute
                0x00003704                DMA_disableChannelAttribute
                0x00003774                DMA_getChannelAttribute
                0x00003800                DMA_setChannelControl
                0x00003848                DMA_setChannelTransfer
                0x0000394c                DMA_setChannelScatterGather
                0x000039e0                DMA_getChannelSize
                0x00003a28                DMA_getChannelMode
                0x00003a7c                DMA_assignChannel
                0x00003d3c                DMA_assignInterrupt
                0x00003dac                DMA_requestSoftwareTransfer
                0x00003dd8                DMA_getInterruptStatus
                0x00003df0                DMA_clearInterruptFlag
                0x00003e20                DMA_enableInterrupt
                0x00003e7c                DMA_disableInterrupt
                0x00003ed8                DMA_registerInterrupt
                0x00003ef8                DMA_unregisterInterrupt
 .text          0x00003f14     0x1aa8 ./driverlib/flash.o
                0x00004230                FlashCtl_getMemoryInfo
                0x00004614                FlashCtl_enableReadBuffering
                0x00004688                FlashCtl_disableReadBuffering
                0x000046fc                FlashCtl_unprotectSector
                0x000047a0                FlashCtl_protectSector
                0x00004828                FlashCtl_isSectorProtected
                0x000048b8                FlashCtl_verifyMemory
                0x00004b58                FlashCtl_setReadMode
                0x00004bd8                FlashCtl_getReadMode
                0x00004c10                FlashCtl_initiateMassErase
                0x00004c3c                FlashCtl_performMassErase
                0x00004e14                FlashCtl_eraseSector
                0x00004f64                FlashCtl_initiateSectorErase
                0x00005000                FlashCtl_programMemory
                0x000051a8                FlashCtl_setProgramVerification
                0x0000520c                FlashCtl_clearProgramVerification
                0x00005270                FlashCtl_enableWordProgramming
                0x000052b0                FlashCtl_disableWordProgramming
                0x000052c8                FlashCtl_isWordProgrammingEnabled
                0x000052fc                FlashCtl_setWaitState
                0x00005348                FlashCtl_getWaitState
                0x00005384                FlashCtl_enableInterrupt
                0x000053ac                FlashCtl_disableInterrupt
                0x000053d4                FlashCtl_getInterruptStatus
                0x000053ec                FlashCtl_getEnabledInterruptStatus
                0x00005408                FlashCtl_clearInterruptFlag
                0x00005430                FlashCtl_registerInterrupt
                0x0000544e                FlashCtl_unregisterInterrupt
                0x00005462                __FlashCtl_remaskData8Post
                0x000054f4                __FlashCtl_remaskData8Pre
                0x0000558c                __FlashCtl_remaskData32Post
                0x0000566c                __FlashCtl_remaskData32Pre
                0x00005750                __FlashCtl_remaskBurstDataPre
                0x0000588c                __FlashCtl_remaskBurstDataPost
 .text          0x000059bc      0x138 ./driverlib/fpu.o
                0x000059bc                FPU_enableModule
                0x000059dc                FPU_disableModule
                0x000059fc                FPU_enableStacking
                0x00005a1c                FPU_enableLazyStacking
                0x00005a38                FPU_disableStacking
                0x00005a54                FPU_setHalfPrecisionMode
                0x00005a7c                FPU_setNaNMode
                0x00005aa4                FPU_setFlushToZeroMode
                0x00005acc                FPU_setRoundingMode
 .text          0x00005af4      0x794 ./driverlib/gpio.o
                0x00005af4                GPIO_setAsOutputPin
                0x00005b60                GPIO_setAsInputPin
                0x00005bec                GPIO_setAsPeripheralModuleFunctionOutputPin
                0x00005cd4                GPIO_setAsPeripheralModuleFunctionInputPin
                0x00005dc0                GPIO_setOutputHighOnPin
                0x00005df8                GPIO_setOutputLowOnPin
                0x00005e34                GPIO_toggleOutputOnPin
                0x00005e6c                GPIO_setAsInputPinWithPullDownResistor
                0x00005f0c                GPIO_setAsInputPinWithPullUpResistor
                0x00005fa8                GPIO_getInputPinValue
                0x00005fe4                GPIO_enableInterrupt
                0x0000601c                GPIO_disableInterrupt
                0x00006058                GPIO_getInterruptStatus
                0x00006088                GPIO_clearInterruptFlag
                0x000060c4                GPIO_interruptEdgeSelect
                0x00006120                GPIO_getEnabledInterruptStatus
                0x000061b8                GPIO_setDriveStrengthHigh
                0x000061f0                GPIO_setDriveStrengthLow
                0x0000622c                GPIO_registerInterrupt
                0x0000625c                GPIO_unregisterInterrupt
 .text          0x00006288      0xc20 ./driverlib/i2c.o
                0x00006288                I2C_initMaster
                0x0000630c                I2C_initSlave
                0x00006366                I2C_enableModule
                0x00006388                I2C_disableModule
                0x000063aa                I2C_setSlaveAddress
                0x000063c6                I2C_setMode
                0x000063f2                I2C_masterReceiveSingleByte
                0x00006446                I2C_slavePutData
                0x00006464                I2C_slaveGetData
                0x0000647e                I2C_isBusBusy
                0x000064a4                I2C_masterSendSingleByte
                0x00006542                I2C_masterSendSingleByteWithTimeout
                0x00006626                I2C_masterSendMultiByteStart
                0x0000669e                I2C_masterSendMultiByteStartWithTimeout
                0x00006732                I2C_masterSendMultiByteNext
                0x00006782                I2C_masterSendMultiByteNextWithTimeout
                0x000067ec                I2C_masterSendMultiByteFinish
                0x00006868                I2C_masterSendMultiByteFinishWithTimeout
                0x00006918                I2C_masterSendMultiByteStop
                0x0000696e                I2C_masterSendMultiByteStopWithTimeout
                0x000069de                I2C_masterReceiveStart
                0x00006a0a                I2C_masterReceiveMultiByteNext
                0x00006a24                I2C_masterReceiveMultiByteFinish
                0x00006a80                I2C_masterReceiveMultiByteFinishWithTimeout
                0x00006b16                I2C_masterReceiveMultiByteStop
                0x00006b3a                I2C_masterReceiveSingle
                0x00006b82                I2C_getReceiveBufferAddressForDMA
                0x00006b98                I2C_getTransmitBufferAddressForDMA
                0x00006bae                I2C_masterIsStopSent
                0x00006bd2                I2C_masterIsStartSent
                0x00006c00                I2C_masterSendStart
                0x00006c24                I2C_enableMultiMasterMode
                0x00006c58                I2C_disableMultiMasterMode
                0x00006c8c                I2C_enableInterrupt
                0x00006cb2                I2C_disableInterrupt
                0x00006cdc                I2C_clearInterruptFlag
                0x00006d06                I2C_getInterruptStatus
                0x00006d28                I2C_getEnabledInterruptStatus
                0x00006d48                I2C_getMode
                0x00006d64                I2C_registerInterrupt
                0x00006df8                I2C_unregisterInterrupt
                0x00006e84                I2C_slaveSendNAK
 .text          0x00006ea8      0x508 ./driverlib/interrupt.o
                0x00006eae                Interrupt_enableMaster
                0x00006ec6                Interrupt_disableMaster
                0x00006ede                Interrupt_registerInterrupt
                0x00006f40                Interrupt_unregisterInterrupt
                0x00006f64                Interrupt_setPriorityGrouping
                0x00006f94                Interrupt_getPriorityGrouping
                0x00006fdc                Interrupt_setPriority
                0x00007044                Interrupt_getPriority
                0x00007074                Interrupt_enableInterrupt
                0x00007108                Interrupt_disableInterrupt
                0x0000719c                Interrupt_isEnabled
                0x00007238                Interrupt_pendInterrupt
                0x000072b4                Interrupt_unpendInterrupt
                0x0000731c                Interrupt_setPriorityMask
                0x00007336                Interrupt_getPriorityMask
                0x00007346                Interrupt_setVectorTableAddress
                0x00007364                Interrupt_getVectorTableAddress
                0x00007378                Interrupt_enableSleepOnIsrExit
                0x00007394                Interrupt_disableSleepOnIsrExit
 .text          0x000073b0      0x154 ./driverlib/mpu.o
                0x000073b0                MPU_enableModule
                0x000073d0                MPU_disableModule
                0x000073ec                MPU_getRegionCount
                0x00007404                MPU_enableRegion
                0x0000742c                MPU_disableRegion
                0x00007454                MPU_setRegion
                0x0000748c                MPU_getRegion
                0x000074c0                MPU_registerInterrupt
                0x000074d8                MPU_unregisterInterrupt
                0x000074e6                MPU_enableInterrupt
                0x000074f4                MPU_disableInterrupt
 .text          0x00007504      0xb4c ./driverlib/pcm.o
                0x0000761c                PCM_setCoreVoltageLevel
                0x00007638                PCM_setCoreVoltageLevelWithTimeout
                0x00007656                PCM_setCoreVoltageLevelNonBlocking
                0x00007672                PCM_getPowerMode
                0x0000770a                PCM_getCoreVoltageLevel
                0x0000792c                PCM_setPowerMode
                0x00007948                PCM_setPowerModeNonBlocking
                0x00007964                PCM_setPowerModeWithTimeout
                0x00007d12                PCM_setPowerState
                0x00007d2e                PCM_setPowerStateWithTimeout
                0x00007d4c                PCM_setPowerStateNonBlocking
                0x00007d68                PCM_shutdownDevice
                0x00007dcc                PCM_gotoLPM4
                0x00007de2                PCM_gotoLPM4InterruptSafe
                0x00007e06                PCM_gotoLPM0
                0x00007e38                PCM_gotoLPM0InterruptSafe
                0x00007e5c                PCM_gotoLPM3
                0x00007efc                PCM_gotoLPM3InterruptSafe
                0x00007f20                PCM_getPowerState
                0x00007f38                PCM_enableRudeMode
                0x00007f5c                PCM_disableRudeMode
                0x00007f84                PCM_enableInterrupt
                0x00007fa8                PCM_disableInterrupt
                0x00007fcc                PCM_getInterruptStatus
                0x00007fe0                PCM_getEnabledInterruptStatus
                0x00007ff8                PCM_clearInterruptFlag
                0x0000801c                PCM_registerInterrupt
                0x0000803a                PCM_unregisterInterrupt
 .text          0x00008050       0x84 ./driverlib/pmap.o
                0x00008050                PMAP_configurePorts
 .text          0x000080d4      0x280 ./driverlib/pss.o
                0x00008104                PSS_enableForcedDCDCOperation
                0x00008120                PSS_disableForcedDCDCOperation
                0x0000813c                PSS_enableHighSidePinToggle
                0x00008184                PSS_disableHighSidePinToggle
                0x000081a0                PSS_enableHighSide
                0x000081bc                PSS_disableHighSide
                0x000081d8                PSS_setHighSidePerformanceMode
                0x00008208                PSS_getHighSidePerformanceMode
                0x00008228                PSS_enableHighSideMonitor
                0x00008244                PSS_disableHighSideMonitor
                0x00008260                PSS_setHighSideVoltageTrigger
                0x0000829c                PSS_getHighSideVoltageTrigger
                0x000082b8                PSS_enableInterrupt
                0x000082d4                PSS_disableInterrupt
                0x000082f0                PSS_getInterruptStatus
                0x00008304                PSS_clearInterruptFlag
                0x00008320                PSS_registerInterrupt
                0x0000833e                PSS_unregisterInterrupt
 .text          0x00008354      0x1ac ./driverlib/ref_a.o
                0x00008354                REF_A_setReferenceVoltage
                0x00008384                REF_A_disableTempSensor
                0x0000839c                REF_A_enableTempSensor
                0x000083b4                REF_A_enableReferenceVoltageOutput
                0x000083cc                REF_A_disableReferenceVoltageOutput
                0x000083e4                REF_A_enableReferenceVoltage
                0x000083fc                REF_A_disableReferenceVoltage
                0x00008414                REF_A_getBandgapMode
                0x00008430                REF_A_isBandgapActive
                0x00008450                REF_A_isRefGenBusy
                0x00008470                REF_A_isRefGenActive
                0x00008490                REF_A_getBufferedBandgapVoltageStatus
                0x000084b0                REF_A_getVariableReferenceVoltageStatus
                0x000084d0                REF_A_setReferenceVoltageOneTimeTrigger
                0x000084e8                REF_A_setBufferedBandgapVoltageOneTimeTrigger
 .text          0x00008500      0x168 ./driverlib/reset.o
                0x00008500                ResetCtl_initiateSoftReset
                0x00008520                ResetCtl_initiateSoftResetWithSource
                0x00008544                ResetCtl_getSoftResetSource
                0x00008558                ResetCtl_clearSoftResetSource
                0x0000857c                ResetCtl_initiateHardReset
                0x0000859c                ResetCtl_initiateHardResetWithSource
                0x000085c0                ResetCtl_getHardResetSource
                0x000085d4                ResetCtl_clearHardResetSource
                0x000085f8                ResetCtl_getPSSSource
                0x00008610                ResetCtl_clearPSSFlags
                0x00008630                ResetCtl_getPCMSource
                0x00008648                ResetCtl_clearPCMFlags
 .text          0x00008668      0x774 ./driverlib/rtc_c.o
                0x00008668                RTC_C_startClock
                0x000086a8                RTC_C_holdClock
                0x000086e8                RTC_C_setCalibrationFrequency
                0x0000873c                RTC_C_setCalibrationData
                0x0000878c                RTC_C_setTemperatureCompensation
                0x000087d8                RTC_C_initCalendar
                0x0000888c                RTC_C_getCalendarTime
                0x0000891c                RTC_C_setCalendarAlarm
                0x0000897c                RTC_C_setCalendarEvent
                0x000089d0                RTC_C_definePrescaleEvent
                0x00008a24                RTC_C_getPrescaleValue
                0x00008a60                RTC_C_setPrescaleValue
                0x00008ae0                RTC_C_convertBCDToBinary
                0x00008b04                RTC_C_convertBinaryToBCD
                0x00008b28                RTC_C_enableInterrupt
                0x00008b98                RTC_C_disableInterrupt
                0x00008c18                RTC_C_getInterruptStatus
                0x00008c90                RTC_C_getEnabledInterruptStatus
                0x00008d2c                RTC_C_clearInterruptFlag
                0x00008da8                RTC_C_registerInterrupt
                0x00008dc6                RTC_C_unregisterInterrupt
 .text          0x00008ddc      0xcfc ./driverlib/spi.o
                0x00008e24                SPI_initMaster
                0x00008f3c                SPI_selectFourPinFunctionality
                0x00008f74                SPI_changeMasterClock
                0x00008faa                SPI_initSlave
                0x0000906a                SPI_changeClockPhasePolarity
                0x000090ac                SPI_transmitData
                0x000090e4                SPI_receiveData
                0x00009112                SPI_enableModule
                0x0000913c                SPI_disableModule
                0x00009166                SPI_getReceiveBufferAddressForDMA
                0x00009194                SPI_getTransmitBufferAddressForDMA
                0x000091c2                SPI_isBusy
                0x000091f0                SPI_enableInterrupt
                0x00009228                SPI_disableInterrupt
                0x00009260                SPI_getInterruptStatus
                0x0000929e                SPI_getEnabledInterruptStatus
                0x000092e0                SPI_clearInterruptFlag
                0x00009318                SPI_registerInterrupt
                0x0000943c                SPI_unregisterInterrupt
                0x00009550                EUSCI_B_SPI_select4PinFunctionality
                0x00009582                EUSCI_B_SPI_masterChangeClock
                0x000095c6                EUSCI_B_SPI_slaveInit
                0x00009630                EUSCI_B_SPI_changeClockPhasePolarity
                0x0000968c                EUSCI_B_SPI_transmitData
                0x000096aa                EUSCI_B_SPI_receiveData
                0x000096c4                EUSCI_B_SPI_enableInterrupt
                0x000096ec                EUSCI_B_SPI_disableInterrupt
                0x0000971e                EUSCI_B_SPI_getInterruptStatus
                0x00009742                EUSCI_B_SPI_clearInterruptFlag
                0x00009774                EUSCI_B_SPI_enable
                0x00009796                EUSCI_B_SPI_disable
                0x000097b8                EUSCI_B_SPI_getReceiveBufferAddressForDMA
                0x000097ce                EUSCI_B_SPI_getTransmitBufferAddressForDMA
                0x000097e4                EUSCI_B_SPI_isBusy
                0x00009814                EUSCI_A_SPI_select4PinFunctionality
                0x00009846                EUSCI_A_SPI_masterChangeClock
                0x0000988a                EUSCI_A_SPI_slaveInit
                0x000098f4                EUSCI_A_SPI_changeClockPhasePolarity
                0x00009950                EUSCI_A_SPI_transmitData
                0x0000996e                EUSCI_A_SPI_receiveData
                0x00009988                EUSCI_A_SPI_enableInterrupt
                0x000099b0                EUSCI_A_SPI_disableInterrupt
                0x000099e2                EUSCI_A_SPI_getInterruptStatus
                0x00009a06                EUSCI_A_SPI_clearInterruptFlag
                0x00009a38                EUSCI_A_SPI_enable
                0x00009a5a                EUSCI_A_SPI_disable
                0x00009a7c                EUSCI_A_SPI_getReceiveBufferAddressForDMA
                0x00009a92                EUSCI_A_SPI_getTransmitBufferAddressForDMA
                0x00009aa8                EUSCI_A_SPI_isBusy
 .text          0x00009ad8      0x3e0 ./driverlib/sysctl.o
                0x00009ad8                SysCtl_getTLVInfo
                0x00009b6c                SysCtl_getSRAMSize
                0x00009b80                SysCtl_getFlashSize
                0x00009b94                SysCtl_disableNMISource
                0x00009bb8                SysCtl_enableNMISource
                0x00009bdc                SysCtl_getNMISourceStatus
                0x00009bf0                SysCtl_enableSRAMBank
                0x00009c20                SysCtl_disableSRAMBank
                0x00009d24                SysCtl_enableSRAMBankRetention
                0x00009d54                SysCtl_disableSRAMBankRetention
                0x00009d88                SysCtl_rebootDevice
                0x00009da0                SysCtl_enablePeripheralAtCPUHalt
                0x00009dc4                SysCtl_disablePeripheralAtCPUHalt
                0x00009de8                SysCtl_setWDTTimeoutResetType
                0x00009e20                SysCtl_setWDTPasswordViolationResetType
                0x00009e58                SysCtl_enableGlitchFilter
                0x00009e74                SysCtl_disableGlitchFilter
                0x00009e90                SysCtl_getTempCalibrationConstant
 .text          0x00009eb8       0xe4 ./driverlib/systick.o
                0x00009eb8                SysTick_enableModule
                0x00009ed4                SysTick_disableModule
                0x00009ef0                SysTick_registerInterrupt
                0x00009f08                SysTick_unregisterInterrupt
                0x00009f16                SysTick_enableInterrupt
                0x00009f34                SysTick_disableInterrupt
                0x00009f50                SysTick_setPeriod
                0x00009f70                SysTick_getPeriod
                0x00009f88                SysTick_getValue
 .text          0x00009f9c      0x24e ./driverlib/timer32.o
                0x00009f9c                Timer32_initModule
                0x0000a030                Timer32_setCount
                0x0000a076                Timer32_setCountInBackground
                0x0000a0bc                Timer32_getValue
                0x0000a0d2                Timer32_startTimer
                0x0000a120                Timer32_haltTimer
                0x0000a13e                Timer32_enableInterrupt
                0x0000a15c                Timer32_disableInterrupt
                0x0000a17a                Timer32_clearInterruptFlag
                0x0000a198                Timer32_getInterruptStatus
                0x0000a1ae                Timer32_registerInterrupt
                0x0000a1ce                Timer32_unregisterInterrupt
 *fill*         0x0000a1ea        0x2 
 .text          0x0000a1ec      0xae0 ./driverlib/timer_a.o
                0x0000a3fa                Timer_A_startCounter
                0x0000a420                Timer_A_configureContinuousMode
                0x0000a472                Timer_A_configureUpMode
                0x0000a50a                Timer_A_configureUpDownMode
                0x0000a5a2                Timer_A_initCapture
                0x0000a61a                Timer_A_initCompare
                0x0000a680                Timer_A_getCounterValue
                0x0000a6d8                Timer_A_clearTimer
                0x0000a6fc                Timer_A_getSynchronizedCaptureCompareInput
                0x0000a738                Timer_A_getOutputForOutputModeOutBitValue
                0x0000a77a                Timer_A_getCaptureCompareCount
                0x0000a7a6                Timer_A_setOutputForOutputModeOutBitValue
                0x0000a7ec                Timer_A_generatePWM
                0x0000a894                Timer_A_stopTimer
                0x0000a8b6                Timer_A_setCompareValue
                0x0000a8e8                Timer_A_clearInterruptFlag
                0x0000a90a                Timer_A_clearCaptureCompareInterrupt
                0x0000a940                Timer_A_enableInterrupt
                0x0000a964                Timer_A_disableInterrupt
                0x0000a988                Timer_A_getInterruptStatus
                0x0000a9a4                Timer_A_enableCaptureCompareInterrupt
                0x0000a9dc                Timer_A_disableCaptureCompareInterrupt
                0x0000aa14                Timer_A_getCaptureCompareInterruptStatus
                0x0000aa46                Timer_A_getEnabledInterruptStatus
                0x0000aa70                Timer_A_getCaptureCompareEnabledInterruptStatus
                0x0000aaba                Timer_A_registerInterrupt
                0x0000abcc                Timer_A_unregisterInterrupt
 .text          0x0000accc      0x618 ./driverlib/uart.o
                0x0000accc                UART_initModule
                0x0000ae30                UART_transmitData
                0x0000ae7e                UART_receiveData
                0x0000aec6                UART_enableModule
                0x0000aee8                UART_disableModule
                0x0000af0a                UART_queryStatusFlags
                0x0000af2a                UART_setDormant
                0x0000af4e                UART_resetDormant
                0x0000af72                UART_transmitAddress
                0x0000afa0                UART_transmitBreak
                0x0000b014                UART_getReceiveBufferAddressForDMA
                0x0000b02a                UART_getTransmitBufferAddressForDMA
                0x0000b040                UART_selectDeglitchTime
                0x0000b06c                UART_enableInterrupt
                0x0000b0b4                UART_disableInterrupt
                0x0000b104                UART_getInterruptStatus
                0x0000b126                UART_getEnabledInterruptStatus
                0x0000b19a                UART_clearInterruptFlag
                0x0000b1c4                UART_registerInterrupt
                0x0000b258                UART_unregisterInterrupt
 .text          0x0000b2e4      0x150 ./driverlib/wdt_a.o
                0x0000b2e4                WDT_A_holdTimer
                0x0000b314                WDT_A_startTimer
                0x0000b344                WDT_A_clearTimer
                0x0000b374                WDT_A_initWatchdogTimer
                0x0000b3a4                WDT_A_initIntervalTimer
                0x0000b3d4                WDT_A_setPasswordViolationReset
                0x0000b3ea                WDT_A_setTimeoutReset
                0x0000b400                WDT_A_registerInterrupt
                0x0000b41e                WDT_A_unregisterInterrupt
 .text          0x0000b434      0xd54 ./tiny_aes/aes.o
                0x0000b604                AES_init_ctx
                0x0000c148                AES_encrypt
                0x0000c166                AES_decrypt
 .text          0x0000c188      0x168 c:/ti/ccs1230/ccs/tools/compiler/gcc-arm-none-eabi-9-2019-q4-major/bin/../lib/gcc/arm-none-eabi/9.2.1/thumb/v7e-m/nofp\libgcc.a(_arm_mulsf3.o)
 .text          0x0000c2f0      0x21c c:/ti/ccs1230/ccs/tools/compiler/gcc-arm-none-eabi-9-2019-q4-major/bin/../lib/gcc/arm-none-eabi/9.2.1/thumb/v7e-m/nofp\libgcc.a(_arm_addsubsf3.o)
                0x0000c2f0                __aeabi_frsub
                0x0000c2f8                __subsf3
                0x0000c2f8                __aeabi_fsub
                0x0000c2fc                __aeabi_fadd
                0x0000c2fc                __addsf3
                0x0000c45c                __aeabi_ui2f
                0x0000c45c                __floatunsisf
                0x0000c464                __aeabi_i2f
                0x0000c464                __floatsisf
                0x0000c480                __aeabi_ul2f
                0x0000c480                __floatundisf
                0x0000c490                __aeabi_l2f
                0x0000c490                __floatdisf
 .text          0x0000c50c      0x2a0 c:/ti/ccs1230/ccs/tools/compiler/gcc-arm-none-eabi-9-2019-q4-major/bin/../lib/gcc/arm-none-eabi/9.2.1/thumb/v7e-m/nofp\libgcc.a(_arm_muldivsf3.o)
                0x0000c50c                __mulsf3
                0x0000c50c                __aeabi_fmul
                0x0000c674                __aeabi_fdiv
                0x0000c674                __divsf3
 .text          0x0000c7ac       0x4c c:/ti/ccs1230/ccs/tools/compiler/gcc-arm-none-eabi-9-2019-q4-major/bin/../lib/gcc/arm-none-eabi/9.2.1/thumb/v7e-m/nofp\libgcc.a(_arm_fixsfsi.o)
                0x0000c7ac                __aeabi_f2iz
                0x0000c7ac                __fixsfsi
 .text          0x0000c7f8       0x40 c:/ti/ccs1230/ccs/tools/compiler/gcc-arm-none-eabi-9-2019-q4-major/bin/../lib/gcc/arm-none-eabi/9.2.1/thumb/v7e-m/nofp\libgcc.a(_arm_fixunssfsi.o)
                0x0000c7f8                __fixunssfsi
                0x0000c7f8                __aeabi_f2uiz
 .text          0x0000c838        0x0 c:/ti/ccs1230/ccs/tools/compiler/gcc-arm-none-eabi-9-2019-q4-major/bin/../lib/gcc/arm-none-eabi/9.2.1/../../../../arm-none-eabi/lib/thumb/v7e-m/nofp\libc.a(lib_a-exit.o)
 .text          0x0000c838        0x0 c:/ti/ccs1230/ccs/tools/compiler/gcc-arm-none-eabi-9-2019-q4-major/bin/../lib/gcc/arm-none-eabi/9.2.1/../../../../arm-none-eabi/lib/thumb/v7e-m/nofp\libc.a(lib_a-impure.o)
 .text          0x0000c838        0x0 c:/ti/ccs1230/ccs/tools/compiler/gcc-arm-none-eabi-9-2019-q4-major/bin/../lib/gcc/arm-none-eabi/9.2.1/../../../../arm-none-eabi/lib/thumb/v7e-m/nofp\libc.a(lib_a-init.o)
 .text          0x0000c838        0x0 c:/ti/ccs1230/ccs/tools/compiler/gcc-arm-none-eabi-9-2019-q4-major/bin/../lib/gcc/arm-none-eabi/9.2.1/../../../../arm-none-eabi/lib/thumb/v7e-m/nofp\libc.a(lib_a-memcmp.o)
 .text          0x0000c838        0x0 c:/ti/ccs1230/ccs/tools/compiler/gcc-arm-none-eabi-9-2019-q4-major/bin/../lib/gcc/arm-none-eabi/9.2.1/../../../../arm-none-eabi/lib/thumb/v7e-m/nofp\libc.a(lib_a-memset.o)
 .text          0x0000c838        0x0 c:/ti/ccs1230/ccs/tools/compiler/gcc-arm-none-eabi-9-2019-q4-major/bin/../lib/gcc/arm-none-eabi/9.2.1/../../../../arm-none-eabi/lib/thumb/v7e-m/nofp\libc.a(lib_a-sprintf.o)
 .text          0x0000c838        0x0 c:/ti/ccs1230/ccs/tools/compiler/gcc-arm-none-eabi-9-2019-q4-major/bin/../lib/gcc/arm-none-eabi/9.2.1/../../../../arm-none-eabi/lib/thumb/v7e-m/nofp\libc.a(lib_a-svfprintf.o)
 .text          0x0000c838        0x0 c:/ti/ccs1230/ccs/tools/compiler/gcc-arm-none-eabi-9-2019-q4-major/bin/../lib/gcc/arm-none-eabi/9.2.1/../../../../arm-none-eabi/lib/thumb/v7e-m/nofp\libc.a(lib_a-__call_atexit.o)
 .text          0x0000c838        0x0 c:/ti/ccs1230/ccs/tools/compiler/gcc-arm-none-eabi-9-2019-q4-major/bin/../lib/gcc/arm-none-eabi/9.2.1/../../../../arm-none-eabi/lib/thumb/v7e-m/nofp\libc.a(lib_a-atexit.o)
 .text          0x0000c838        0x0 c:/ti/ccs1230/ccs/tools/compiler/gcc-arm-none-eabi-9-2019-q4-major/bin/../lib/gcc/arm-none-eabi/9.2.1/../../../../arm-none-eabi/lib/thumb/v7e-m/nofp\libc.a(lib_a-dtoa.o)
 .text          0x0000c838        0x0 c:/ti/ccs1230/ccs/tools/compiler/gcc-arm-none-eabi-9-2019-q4-major/bin/../lib/gcc/arm-none-eabi/9.2.1/../../../../arm-none-eabi/lib/thumb/v7e-m/nofp\libc.a(lib_a-fini.o)
 .text          0x0000c838        0x0 c:/ti/ccs1230/ccs/tools/compiler/gcc-arm-none-eabi-9-2019-q4-major/bin/../lib/gcc/arm-none-eabi/9.2.1/../../../../arm-none-eabi/lib/thumb/v7e-m/nofp\libc.a(lib_a-freer.o)
 .text          0x0000c838        0x0 c:/ti/ccs1230/ccs/tools/compiler/gcc-arm-none-eabi-9-2019-q4-major/bin/../lib/gcc/arm-none-eabi/9.2.1/../../../../arm-none-eabi/lib/thumb/v7e-m/nofp\libc.a(lib_a-localeconv.o)
 .text          0x0000c838        0x0 c:/ti/ccs1230/ccs/tools/compiler/gcc-arm-none-eabi-9-2019-q4-major/bin/../lib/gcc/arm-none-eabi/9.2.1/../../../../arm-none-eabi/lib/thumb/v7e-m/nofp\libc.a(lib_a-lock.o)
 .text          0x0000c838        0x0 c:/ti/ccs1230/ccs/tools/compiler/gcc-arm-none-eabi-9-2019-q4-major/bin/../lib/gcc/arm-none-eabi/9.2.1/../../../../arm-none-eabi/lib/thumb/v7e-m/nofp\libc.a(lib_a-mallocr.o)
 *fill*         0x0000c838        0x8 
 .text          0x0000c840       0xa0 c:/ti/ccs1230/ccs/tools/compiler/gcc-arm-none-eabi-9-2019-q4-major/bin/../lib/gcc/arm-none-eabi/9.2.1/../../../../arm-none-eabi/lib/thumb/v7e-m/nofp\libc.a(lib_a-memchr.o)
                0x0000c840                memchr
 .text          0x0000c8e0      0x134 c:/ti/ccs1230/ccs/tools/compiler/gcc-arm-none-eabi-9-2019-q4-major/bin/../lib/gcc/arm-none-eabi/9.2.1/../../../../arm-none-eabi/lib/thumb/v7e-m/nofp\libc.a(lib_a-memcpy.o)
                0x0000c8e0                memcpy
 .text          0x0000ca14        0x0 c:/ti/ccs1230/ccs/tools/compiler/gcc-arm-none-eabi-9-2019-q4-major/bin/../lib/gcc/arm-none-eabi/9.2.1/../../../../arm-none-eabi/lib/thumb/v7e-m/nofp\libc.a(lib_a-mlock.o)
 .text          0x0000ca14        0x0 c:/ti/ccs1230/ccs/tools/compiler/gcc-arm-none-eabi-9-2019-q4-major/bin/../lib/gcc/arm-none-eabi/9.2.1/../../../../arm-none-eabi/lib/thumb/v7e-m/nofp\libc.a(lib_a-mprec.o)
 .text          0x0000ca14        0x0 c:/ti/ccs1230/ccs/tools/compiler/gcc-arm-none-eabi-9-2019-q4-major/bin/../lib/gcc/arm-none-eabi/9.2.1/../../../../arm-none-eabi/lib/thumb/v7e-m/nofp\libc.a(lib_a-s_frexp.o)
 .text          0x0000ca14        0x0 c:/ti/ccs1230/ccs/tools/compiler/gcc-arm-none-eabi-9-2019-q4-major/bin/../lib/gcc/arm-none-eabi/9.2.1/../../../../arm-none-eabi/lib/thumb/v7e-m/nofp\libc.a(lib_a-sbrkr.o)
 *fill*         0x0000ca14       0x2c 
 .text          0x0000ca40       0xdc c:/ti/ccs1230/ccs/tools/compiler/gcc-arm-none-eabi-9-2019-q4-major/bin/../lib/gcc/arm-none-eabi/9.2.1/../../../../arm-none-eabi/lib/thumb/v7e-m/nofp\libc.a(lib_a-strlen.o)
                0x0000ca40                strlen
 .text          0x0000cb1c        0x0 c:/ti/ccs1230/ccs/tools/compiler/gcc-arm-none-eabi-9-2019-q4-major/bin/../lib/gcc/arm-none-eabi/9.2.1/../../../../arm-none-eabi/lib/thumb/v7e-m/nofp\libc.a(lib_a-strncpy.o)
 .text          0x0000cb1c        0x0 c:/ti/ccs1230/ccs/tools/compiler/gcc-arm-none-eabi-9-2019-q4-major/bin/../lib/gcc/arm-none-eabi/9.2.1/../../../../arm-none-eabi/lib/thumb/v7e-m/nofp\libc.a(lib_a-svfiprintf.o)
 .text          0x0000cb1c        0x0 c:/ti/ccs1230/ccs/tools/compiler/gcc-arm-none-eabi-9-2019-q4-major/bin/../lib/gcc/arm-none-eabi/9.2.1/../../../../arm-none-eabi/lib/thumb/v7e-m/nofp\libc.a(lib_a-__atexit.o)
 .text          0x0000cb1c        0x0 c:/ti/ccs1230/ccs/tools/compiler/gcc-arm-none-eabi-9-2019-q4-major/bin/../lib/gcc/arm-none-eabi/9.2.1/../../../../arm-none-eabi/lib/thumb/v7e-m/nofp\libc.a(lib_a-callocr.o)
 .text          0x0000cb1c        0x0 c:/ti/ccs1230/ccs/tools/compiler/gcc-arm-none-eabi-9-2019-q4-major/bin/../lib/gcc/arm-none-eabi/9.2.1/../../../../arm-none-eabi/lib/thumb/v7e-m/nofp\libc.a(lib_a-locale.o)
 .text          0x0000cb1c        0x0 c:/ti/ccs1230/ccs/tools/compiler/gcc-arm-none-eabi-9-2019-q4-major/bin/../lib/gcc/arm-none-eabi/9.2.1/../../../../arm-none-eabi/lib/thumb/v7e-m/nofp\libc.a(lib_a-mbtowc_r.o)
 .text          0x0000cb1c        0x0 c:/ti/ccs1230/ccs/tools/compiler/gcc-arm-none-eabi-9-2019-q4-major/bin/../lib/gcc/arm-none-eabi/9.2.1/../../../../arm-none-eabi/lib/thumb/v7e-m/nofp\libc.a(lib_a-memmove.o)
 .text          0x0000cb1c        0x0 c:/ti/ccs1230/ccs/tools/compiler/gcc-arm-none-eabi-9-2019-q4-major/bin/../lib/gcc/arm-none-eabi/9.2.1/../../../../arm-none-eabi/lib/thumb/v7e-m/nofp\libc.a(lib_a-reallocr.o)
 .text          0x0000cb1c        0x0 c:/ti/ccs1230/ccs/tools/compiler/gcc-arm-none-eabi-9-2019-q4-major/bin/../lib/gcc/arm-none-eabi/9.2.1/../../../../arm-none-eabi/lib/thumb/v7e-m/nofp\libc.a(lib_a-reent.o)
 *fill*         0x0000cb1c        0x4 
 .text          0x0000cb20      0x2dc c:/ti/ccs1230/ccs/tools/compiler/gcc-arm-none-eabi-9-2019-q4-major/bin/../lib/gcc/arm-none-eabi/9.2.1/../../../../arm-none-eabi/lib/thumb/v7e-m/nofp\libc.a(lib_a-strcmp.o)
                0x0000cb28                strcmp
 .text          0x0000cdfc        0x0 c:/ti/ccs1230/ccs/tools/compiler/gcc-arm-none-eabi-9-2019-q4-major/bin/../lib/gcc/arm-none-eabi/9.2.1/../../../../arm-none-eabi/lib/thumb/v7e-m/nofp\libc.a(lib_a-wctomb_r.o)
 .text          0x0000cdfc        0x0 c:/ti/ccs1230/ccs/tools/compiler/gcc-arm-none-eabi-9-2019-q4-major/bin/../lib/gcc/arm-none-eabi/9.2.1/../../../../arm-none-eabi/lib/thumb/v7e-m/nofp\libc.a(lib_a-ctype_.o)
 .text          0x0000cdfc      0x254 c:/ti/ccs1230/ccs/tools/compiler/gcc-arm-none-eabi-9-2019-q4-major/bin/../lib/gcc/arm-none-eabi/9.2.1/thumb/v7e-m/nofp\libgcc.a(_arm_muldf3.o)
 .text          0x0000d050      0x378 c:/ti/ccs1230/ccs/tools/compiler/gcc-arm-none-eabi-9-2019-q4-major/bin/../lib/gcc/arm-none-eabi/9.2.1/thumb/v7e-m/nofp\libgcc.a(_arm_addsubdf3.o)
                0x0000d050                __aeabi_drsub
                0x0000d058                __aeabi_dsub
                0x0000d058                __subdf3
                0x0000d05c                __aeabi_dadd
                0x0000d05c                __adddf3
                0x0000d2d4                __floatunsidf
                0x0000d2d4                __aeabi_ui2d
                0x0000d2f4                __floatsidf
                0x0000d2f4                __aeabi_i2d
                0x0000d318                __aeabi_f2d
                0x0000d318                __extendsfdf2
                0x0000d35c                __floatundidf
                0x0000d35c                __aeabi_ul2d
                0x0000d36c                __floatdidf
                0x0000d36c                __aeabi_l2d
 .text          0x0000d3c8      0x424 c:/ti/ccs1230/ccs/tools/compiler/gcc-arm-none-eabi-9-2019-q4-major/bin/../lib/gcc/arm-none-eabi/9.2.1/thumb/v7e-m/nofp\libgcc.a(_arm_muldivdf3.o)
                0x0000d3c8                __aeabi_dmul
                0x0000d3c8                __muldf3
                0x0000d61c                __divdf3
                0x0000d61c                __aeabi_ddiv
 .text          0x0000d7ec      0x110 c:/ti/ccs1230/ccs/tools/compiler/gcc-arm-none-eabi-9-2019-q4-major/bin/../lib/gcc/arm-none-eabi/9.2.1/thumb/v7e-m/nofp\libgcc.a(_arm_cmpdf2.o)
                0x0000d7ec                __gtdf2
                0x0000d7ec                __gedf2
                0x0000d7f4                __ltdf2
                0x0000d7f4                __ledf2
                0x0000d7fc                __nedf2
                0x0000d7fc                __eqdf2
                0x0000d7fc                __cmpdf2
                0x0000d878                __aeabi_cdrcmple
                0x0000d888                __aeabi_cdcmpeq
                0x0000d888                __aeabi_cdcmple
                0x0000d898                __aeabi_dcmpeq
                0x0000d8ac                __aeabi_dcmplt
                0x0000d8c0                __aeabi_dcmple
                0x0000d8d4                __aeabi_dcmpge
                0x0000d8e8                __aeabi_dcmpgt
 .text          0x0000d8fc       0x2c c:/ti/ccs1230/ccs/tools/compiler/gcc-arm-none-eabi-9-2019-q4-major/bin/../lib/gcc/arm-none-eabi/9.2.1/thumb/v7e-m/nofp\libgcc.a(_arm_unorddf2.o)
                0x0000d8fc                __unorddf2
                0x0000d8fc                __aeabi_dcmpun
 .text          0x0000d928       0x50 c:/ti/ccs1230/ccs/tools/compiler/gcc-arm-none-eabi-9-2019-q4-major/bin/../lib/gcc/arm-none-eabi/9.2.1/thumb/v7e-m/nofp\libgcc.a(_arm_fixdfsi.o)
                0x0000d928                __aeabi_d2iz
                0x0000d928                __fixdfsi
 .text          0x0000d978       0x30 c:/ti/ccs1230/ccs/tools/compiler/gcc-arm-none-eabi-9-2019-q4-major/bin/../lib/gcc/arm-none-eabi/9.2.1/thumb/v7e-m/nofp\libgcc.a(_aeabi_uldivmod.o)
                0x0000d978                __aeabi_uldivmod
 .text          0x0000d9a8      0x2c0 c:/ti/ccs1230/ccs/tools/compiler/gcc-arm-none-eabi-9-2019-q4-major/bin/../lib/gcc/arm-none-eabi/9.2.1/thumb/v7e-m/nofp\libgcc.a(_udivmoddi4.o)
                0x0000d9a8                __udivmoddi4
 .text          0x0000dc68        0x4 c:/ti/ccs1230/ccs/tools/compiler/gcc-arm-none-eabi-9-2019-q4-major/bin/../lib/gcc/arm-none-eabi/9.2.1/thumb/v7e-m/nofp\libgcc.a(_dvmd_tls.o)
                0x0000dc68                __aeabi_idiv0
                0x0000dc68                __aeabi_ldiv0
 .text          0x0000dc6c        0x0 c:/ti/ccs1230/ccs/tools/compiler/gcc-arm-none-eabi-9-2019-q4-major/bin/../lib/gcc/arm-none-eabi/9.2.1/../../../../arm-none-eabi/lib/thumb/v7e-m/nofp\libnosys.a(sbrk.o)
 .text          0x0000dc6c        0x0 c:/ti/ccs1230/ccs/tools/compiler/gcc-arm-none-eabi-9-2019-q4-major/bin/../lib/gcc/arm-none-eabi/9.2.1/../../../../arm-none-eabi/lib/thumb/v7e-m/nofp\libnosys.a(_exit.o)
 .text          0x0000dc6c        0x0 c:/ti/ccs1230/ccs/tools/compiler/gcc-arm-none-eabi-9-2019-q4-major/bin/../lib/gcc/arm-none-eabi/9.2.1/thumb/v7e-m/nofp/crtend.o
 .text          0x0000dc6c        0x0 c:/ti/ccs1230/ccs/tools/compiler/gcc-arm-none-eabi-9-2019-q4-major/bin/../lib/gcc/arm-none-eabi/9.2.1/thumb/v7e-m/nofp/crtn.o
 *(.text.*)
 .text.exit     0x0000dc6c       0x20 c:/ti/ccs1230/ccs/tools/compiler/gcc-arm-none-eabi-9-2019-q4-major/bin/../lib/gcc/arm-none-eabi/9.2.1/../../../../arm-none-eabi/lib/thumb/v7e-m/nofp\libc.a(lib_a-exit.o)
                0x0000dc6c                exit
 .text.__libc_init_array
                0x0000dc8c       0x48 c:/ti/ccs1230/ccs/tools/compiler/gcc-arm-none-eabi-9-2019-q4-major/bin/../lib/gcc/arm-none-eabi/9.2.1/../../../../arm-none-eabi/lib/thumb/v7e-m/nofp\libc.a(lib_a-init.o)
                0x0000dc8c                __libc_init_array
 .text.memcmp   0x0000dcd4       0x60 c:/ti/ccs1230/ccs/tools/compiler/gcc-arm-none-eabi-9-2019-q4-major/bin/../lib/gcc/arm-none-eabi/9.2.1/../../../../arm-none-eabi/lib/thumb/v7e-m/nofp\libc.a(lib_a-memcmp.o)
                0x0000dcd4                memcmp
 .text.memset   0x0000dd34       0xa0 c:/ti/ccs1230/ccs/tools/compiler/gcc-arm-none-eabi-9-2019-q4-major/bin/../lib/gcc/arm-none-eabi/9.2.1/../../../../arm-none-eabi/lib/thumb/v7e-m/nofp\libc.a(lib_a-memset.o)
                0x0000dd34                memset
 .text._sprintf_r
                0x0000ddd4       0x38 c:/ti/ccs1230/ccs/tools/compiler/gcc-arm-none-eabi-9-2019-q4-major/bin/../lib/gcc/arm-none-eabi/9.2.1/../../../../arm-none-eabi/lib/thumb/v7e-m/nofp\libc.a(lib_a-sprintf.o)
                0x0000ddd4                _sprintf_r
 .text.sprintf  0x0000de0c       0x44 c:/ti/ccs1230/ccs/tools/compiler/gcc-arm-none-eabi-9-2019-q4-major/bin/../lib/gcc/arm-none-eabi/9.2.1/../../../../arm-none-eabi/lib/thumb/v7e-m/nofp\libc.a(lib_a-sprintf.o)
                0x0000de0c                sprintf
 .text._svfprintf_r
                0x0000de50     0x1acc c:/ti/ccs1230/ccs/tools/compiler/gcc-arm-none-eabi-9-2019-q4-major/bin/../lib/gcc/arm-none-eabi/9.2.1/../../../../arm-none-eabi/lib/thumb/v7e-m/nofp\libc.a(lib_a-svfprintf.o)
                0x0000de50                _svfprintf_r
 .text.startup.register_fini
                0x0000f91c       0x14 c:/ti/ccs1230/ccs/tools/compiler/gcc-arm-none-eabi-9-2019-q4-major/bin/../lib/gcc/arm-none-eabi/9.2.1/../../../../arm-none-eabi/lib/thumb/v7e-m/nofp\libc.a(lib_a-__call_atexit.o)
 .text.__call_exitprocs
                0x0000f930       0xc4 c:/ti/ccs1230/ccs/tools/compiler/gcc-arm-none-eabi-9-2019-q4-major/bin/../lib/gcc/arm-none-eabi/9.2.1/../../../../arm-none-eabi/lib/thumb/v7e-m/nofp\libc.a(lib_a-__call_atexit.o)
                0x0000f930                __call_exitprocs
 .text.atexit   0x0000f9f4        0xc c:/ti/ccs1230/ccs/tools/compiler/gcc-arm-none-eabi-9-2019-q4-major/bin/../lib/gcc/arm-none-eabi/9.2.1/../../../../arm-none-eabi/lib/thumb/v7e-m/nofp\libc.a(lib_a-atexit.o)
                0x0000f9f4                atexit
 .text.quorem   0x0000fa00      0x11c c:/ti/ccs1230/ccs/tools/compiler/gcc-arm-none-eabi-9-2019-q4-major/bin/../lib/gcc/arm-none-eabi/9.2.1/../../../../arm-none-eabi/lib/thumb/v7e-m/nofp\libc.a(lib_a-dtoa.o)
 *fill*         0x0000fb1c        0x4 
 .text._dtoa_r  0x0000fb20      0xeb8 c:/ti/ccs1230/ccs/tools/compiler/gcc-arm-none-eabi-9-2019-q4-major/bin/../lib/gcc/arm-none-eabi/9.2.1/../../../../arm-none-eabi/lib/thumb/v7e-m/nofp\libc.a(lib_a-dtoa.o)
                0x0000fb20                _dtoa_r
 .text.__libc_fini_array
                0x000109d8       0x2c c:/ti/ccs1230/ccs/tools/compiler/gcc-arm-none-eabi-9-2019-q4-major/bin/../lib/gcc/arm-none-eabi/9.2.1/../../../../arm-none-eabi/lib/thumb/v7e-m/nofp\libc.a(lib_a-fini.o)
                0x000109d8                __libc_fini_array
 .text._malloc_trim_r
                0x00010a04       0xa0 c:/ti/ccs1230/ccs/tools/compiler/gcc-arm-none-eabi-9-2019-q4-major/bin/../lib/gcc/arm-none-eabi/9.2.1/../../../../arm-none-eabi/lib/thumb/v7e-m/nofp\libc.a(lib_a-freer.o)
                0x00010a04                _malloc_trim_r
 .text._free_r  0x00010aa4      0x208 c:/ti/ccs1230/ccs/tools/compiler/gcc-arm-none-eabi-9-2019-q4-major/bin/../lib/gcc/arm-none-eabi/9.2.1/../../../../arm-none-eabi/lib/thumb/v7e-m/nofp\libc.a(lib_a-freer.o)
                0x00010aa4                _free_r
 .text.__localeconv_l
                0x00010cac        0x4 c:/ti/ccs1230/ccs/tools/compiler/gcc-arm-none-eabi-9-2019-q4-major/bin/../lib/gcc/arm-none-eabi/9.2.1/../../../../arm-none-eabi/lib/thumb/v7e-m/nofp\libc.a(lib_a-localeconv.o)
                0x00010cac                __localeconv_l
 .text._localeconv_r
                0x00010cb0        0x8 c:/ti/ccs1230/ccs/tools/compiler/gcc-arm-none-eabi-9-2019-q4-major/bin/../lib/gcc/arm-none-eabi/9.2.1/../../../../arm-none-eabi/lib/thumb/v7e-m/nofp\libc.a(lib_a-localeconv.o)
                0x00010cb0                _localeconv_r
 .text.localeconv
                0x00010cb8        0x8 c:/ti/ccs1230/ccs/tools/compiler/gcc-arm-none-eabi-9-2019-q4-major/bin/../lib/gcc/arm-none-eabi/9.2.1/../../../../arm-none-eabi/lib/thumb/v7e-m/nofp\libc.a(lib_a-localeconv.o)
                0x00010cb8                localeconv
 .text.__retarget_lock_init
                0x00010cc0        0x4 c:/ti/ccs1230/ccs/tools/compiler/gcc-arm-none-eabi-9-2019-q4-major/bin/../lib/gcc/arm-none-eabi/9.2.1/../../../../arm-none-eabi/lib/thumb/v7e-m/nofp\libc.a(lib_a-lock.o)
                0x00010cc0                __retarget_lock_init
 .text.__retarget_lock_init_recursive
                0x00010cc4        0x4 c:/ti/ccs1230/ccs/tools/compiler/gcc-arm-none-eabi-9-2019-q4-major/bin/../lib/gcc/arm-none-eabi/9.2.1/../../../../arm-none-eabi/lib/thumb/v7e-m/nofp\libc.a(lib_a-lock.o)
                0x00010cc4                __retarget_lock_init_recursive
 .text.__retarget_lock_close
                0x00010cc8        0x4 c:/ti/ccs1230/ccs/tools/compiler/gcc-arm-none-eabi-9-2019-q4-major/bin/../lib/gcc/arm-none-eabi/9.2.1/../../../../arm-none-eabi/lib/thumb/v7e-m/nofp\libc.a(lib_a-lock.o)
                0x00010cc8                __retarget_lock_close
 .text.__retarget_lock_close_recursive
                0x00010ccc        0x4 c:/ti/ccs1230/ccs/tools/compiler/gcc-arm-none-eabi-9-2019-q4-major/bin/../lib/gcc/arm-none-eabi/9.2.1/../../../../arm-none-eabi/lib/thumb/v7e-m/nofp\libc.a(lib_a-lock.o)
                0x00010ccc                __retarget_lock_close_recursive
 .text.__retarget_lock_acquire
                0x00010cd0        0x4 c:/ti/ccs1230/ccs/tools/compiler/gcc-arm-none-eabi-9-2019-q4-major/bin/../lib/gcc/arm-none-eabi/9.2.1/../../../../arm-none-eabi/lib/thumb/v7e-m/nofp\libc.a(lib_a-lock.o)
                0x00010cd0                __retarget_lock_acquire
 .text.__retarget_lock_acquire_recursive
                0x00010cd4        0x4 c:/ti/ccs1230/ccs/tools/compiler/gcc-arm-none-eabi-9-2019-q4-major/bin/../lib/gcc/arm-none-eabi/9.2.1/../../../../arm-none-eabi/lib/thumb/v7e-m/nofp\libc.a(lib_a-lock.o)
                0x00010cd4                __retarget_lock_acquire_recursive
 .text.__retarget_lock_try_acquire
                0x00010cd8        0x4 c:/ti/ccs1230/ccs/tools/compiler/gcc-arm-none-eabi-9-2019-q4-major/bin/../lib/gcc/arm-none-eabi/9.2.1/../../../../arm-none-eabi/lib/thumb/v7e-m/nofp\libc.a(lib_a-lock.o)
                0x00010cd8                __retarget_lock_try_acquire
 .text.__retarget_lock_try_acquire_recursive
                0x00010cdc        0x4 c:/ti/ccs1230/ccs/tools/compiler/gcc-arm-none-eabi-9-2019-q4-major/bin/../lib/gcc/arm-none-eabi/9.2.1/../../../../arm-none-eabi/lib/thumb/v7e-m/nofp\libc.a(lib_a-lock.o)
                0x00010cdc                __retarget_lock_try_acquire_recursive
 .text.__retarget_lock_release
                0x00010ce0        0x4 c:/ti/ccs1230/ccs/tools/compiler/gcc-arm-none-eabi-9-2019-q4-major/bin/../lib/gcc/arm-none-eabi/9.2.1/../../../../arm-none-eabi/lib/thumb/v7e-m/nofp\libc.a(lib_a-lock.o)
                0x00010ce0                __retarget_lock_release
 .text.__retarget_lock_release_recursive
                0x00010ce4        0x4 c:/ti/ccs1230/ccs/tools/compiler/gcc-arm-none-eabi-9-2019-q4-major/bin/../lib/gcc/arm-none-eabi/9.2.1/../../../../arm-none-eabi/lib/thumb/v7e-m/nofp\libc.a(lib_a-lock.o)
                0x00010ce4                __retarget_lock_release_recursive
 .text._malloc_r
                0x00010ce8      0x574 c:/ti/ccs1230/ccs/tools/compiler/gcc-arm-none-eabi-9-2019-q4-major/bin/../lib/gcc/arm-none-eabi/9.2.1/../../../../arm-none-eabi/lib/thumb/v7e-m/nofp\libc.a(lib_a-mallocr.o)
                0x00010ce8                _malloc_r
 .text.__malloc_lock
                0x0001125c        0xc c:/ti/ccs1230/ccs/tools/compiler/gcc-arm-none-eabi-9-2019-q4-major/bin/../lib/gcc/arm-none-eabi/9.2.1/../../../../arm-none-eabi/lib/thumb/v7e-m/nofp\libc.a(lib_a-mlock.o)
                0x0001125c                __malloc_lock
 .text.__malloc_unlock
                0x00011268        0xc c:/ti/ccs1230/ccs/tools/compiler/gcc-arm-none-eabi-9-2019-q4-major/bin/../lib/gcc/arm-none-eabi/9.2.1/../../../../arm-none-eabi/lib/thumb/v7e-m/nofp\libc.a(lib_a-mlock.o)
                0x00011268                __malloc_unlock
 .text._Balloc  0x00011274       0x4c c:/ti/ccs1230/ccs/tools/compiler/gcc-arm-none-eabi-9-2019-q4-major/bin/../lib/gcc/arm-none-eabi/9.2.1/../../../../arm-none-eabi/lib/thumb/v7e-m/nofp\libc.a(lib_a-mprec.o)
                0x00011274                _Balloc
 .text._Bfree   0x000112c0       0x14 c:/ti/ccs1230/ccs/tools/compiler/gcc-arm-none-eabi-9-2019-q4-major/bin/../lib/gcc/arm-none-eabi/9.2.1/../../../../arm-none-eabi/lib/thumb/v7e-m/nofp\libc.a(lib_a-mprec.o)
                0x000112c0                _Bfree
 .text.__multadd
                0x000112d4       0x80 c:/ti/ccs1230/ccs/tools/compiler/gcc-arm-none-eabi-9-2019-q4-major/bin/../lib/gcc/arm-none-eabi/9.2.1/../../../../arm-none-eabi/lib/thumb/v7e-m/nofp\libc.a(lib_a-mprec.o)
                0x000112d4                __multadd
 .text.__s2b    0x00011354       0xa0 c:/ti/ccs1230/ccs/tools/compiler/gcc-arm-none-eabi-9-2019-q4-major/bin/../lib/gcc/arm-none-eabi/9.2.1/../../../../arm-none-eabi/lib/thumb/v7e-m/nofp\libc.a(lib_a-mprec.o)
                0x00011354                __s2b
 .text.__hi0bits
                0x000113f4       0x40 c:/ti/ccs1230/ccs/tools/compiler/gcc-arm-none-eabi-9-2019-q4-major/bin/../lib/gcc/arm-none-eabi/9.2.1/../../../../arm-none-eabi/lib/thumb/v7e-m/nofp\libc.a(lib_a-mprec.o)
                0x000113f4                __hi0bits
 .text.__lo0bits
                0x00011434       0x60 c:/ti/ccs1230/ccs/tools/compiler/gcc-arm-none-eabi-9-2019-q4-major/bin/../lib/gcc/arm-none-eabi/9.2.1/../../../../arm-none-eabi/lib/thumb/v7e-m/nofp\libc.a(lib_a-mprec.o)
                0x00011434                __lo0bits
 .text.__i2b    0x00011494       0x14 c:/ti/ccs1230/ccs/tools/compiler/gcc-arm-none-eabi-9-2019-q4-major/bin/../lib/gcc/arm-none-eabi/9.2.1/../../../../arm-none-eabi/lib/thumb/v7e-m/nofp\libc.a(lib_a-mprec.o)
                0x00011494                __i2b
 .text.__multiply
                0x000114a8      0x144 c:/ti/ccs1230/ccs/tools/compiler/gcc-arm-none-eabi-9-2019-q4-major/bin/../lib/gcc/arm-none-eabi/9.2.1/../../../../arm-none-eabi/lib/thumb/v7e-m/nofp\libc.a(lib_a-mprec.o)
                0x000114a8                __multiply
 .text.__pow5mult
                0x000115ec       0xa0 c:/ti/ccs1230/ccs/tools/compiler/gcc-arm-none-eabi-9-2019-q4-major/bin/../lib/gcc/arm-none-eabi/9.2.1/../../../../arm-none-eabi/lib/thumb/v7e-m/nofp\libc.a(lib_a-mprec.o)
                0x000115ec                __pow5mult
 .text.__lshift
                0x0001168c       0xd4 c:/ti/ccs1230/ccs/tools/compiler/gcc-arm-none-eabi-9-2019-q4-major/bin/../lib/gcc/arm-none-eabi/9.2.1/../../../../arm-none-eabi/lib/thumb/v7e-m/nofp\libc.a(lib_a-mprec.o)
                0x0001168c                __lshift
 .text.__mcmp   0x00011760       0x3c c:/ti/ccs1230/ccs/tools/compiler/gcc-arm-none-eabi-9-2019-q4-major/bin/../lib/gcc/arm-none-eabi/9.2.1/../../../../arm-none-eabi/lib/thumb/v7e-m/nofp\libc.a(lib_a-mprec.o)
                0x00011760                __mcmp
 .text.__mdiff  0x0001179c      0x138 c:/ti/ccs1230/ccs/tools/compiler/gcc-arm-none-eabi-9-2019-q4-major/bin/../lib/gcc/arm-none-eabi/9.2.1/../../../../arm-none-eabi/lib/thumb/v7e-m/nofp\libc.a(lib_a-mprec.o)
                0x0001179c                __mdiff
 .text.__ulp    0x000118d4       0x44 c:/ti/ccs1230/ccs/tools/compiler/gcc-arm-none-eabi-9-2019-q4-major/bin/../lib/gcc/arm-none-eabi/9.2.1/../../../../arm-none-eabi/lib/thumb/v7e-m/nofp\libc.a(lib_a-mprec.o)
                0x000118d4                __ulp
 .text.__b2d    0x00011918       0xcc c:/ti/ccs1230/ccs/tools/compiler/gcc-arm-none-eabi-9-2019-q4-major/bin/../lib/gcc/arm-none-eabi/9.2.1/../../../../arm-none-eabi/lib/thumb/v7e-m/nofp\libc.a(lib_a-mprec.o)
                0x00011918                __b2d
 .text.__d2b    0x000119e4       0xa8 c:/ti/ccs1230/ccs/tools/compiler/gcc-arm-none-eabi-9-2019-q4-major/bin/../lib/gcc/arm-none-eabi/9.2.1/../../../../arm-none-eabi/lib/thumb/v7e-m/nofp\libc.a(lib_a-mprec.o)
                0x000119e4                __d2b
 .text.__ratio  0x00011a8c       0x60 c:/ti/ccs1230/ccs/tools/compiler/gcc-arm-none-eabi-9-2019-q4-major/bin/../lib/gcc/arm-none-eabi/9.2.1/../../../../arm-none-eabi/lib/thumb/v7e-m/nofp\libc.a(lib_a-mprec.o)
                0x00011a8c                __ratio
 .text._mprec_log10
                0x00011aec       0x38 c:/ti/ccs1230/ccs/tools/compiler/gcc-arm-none-eabi-9-2019-q4-major/bin/../lib/gcc/arm-none-eabi/9.2.1/../../../../arm-none-eabi/lib/thumb/v7e-m/nofp\libc.a(lib_a-mprec.o)
                0x00011aec                _mprec_log10
 .text.__copybits
                0x00011b24       0x48 c:/ti/ccs1230/ccs/tools/compiler/gcc-arm-none-eabi-9-2019-q4-major/bin/../lib/gcc/arm-none-eabi/9.2.1/../../../../arm-none-eabi/lib/thumb/v7e-m/nofp\libc.a(lib_a-mprec.o)
                0x00011b24                __copybits
 .text.__any_on
                0x00011b6c       0x60 c:/ti/ccs1230/ccs/tools/compiler/gcc-arm-none-eabi-9-2019-q4-major/bin/../lib/gcc/arm-none-eabi/9.2.1/../../../../arm-none-eabi/lib/thumb/v7e-m/nofp\libc.a(lib_a-mprec.o)
                0x00011b6c                __any_on
 .text.frexp    0x00011bcc       0x70 c:/ti/ccs1230/ccs/tools/compiler/gcc-arm-none-eabi-9-2019-q4-major/bin/../lib/gcc/arm-none-eabi/9.2.1/../../../../arm-none-eabi/lib/thumb/v7e-m/nofp\libc.a(lib_a-s_frexp.o)
                0x00011bcc                frexp
 .text._sbrk_r  0x00011c3c       0x24 c:/ti/ccs1230/ccs/tools/compiler/gcc-arm-none-eabi-9-2019-q4-major/bin/../lib/gcc/arm-none-eabi/9.2.1/../../../../arm-none-eabi/lib/thumb/v7e-m/nofp\libc.a(lib_a-sbrkr.o)
                0x00011c3c                _sbrk_r
 .text.strncpy  0x00011c60       0x68 c:/ti/ccs1230/ccs/tools/compiler/gcc-arm-none-eabi-9-2019-q4-major/bin/../lib/gcc/arm-none-eabi/9.2.1/../../../../arm-none-eabi/lib/thumb/v7e-m/nofp\libc.a(lib_a-strncpy.o)
                0x00011c60                strncpy
 .text.__ssprint_r
                0x00011cc8       0xf8 c:/ti/ccs1230/ccs/tools/compiler/gcc-arm-none-eabi-9-2019-q4-major/bin/../lib/gcc/arm-none-eabi/9.2.1/../../../../arm-none-eabi/lib/thumb/v7e-m/nofp\libc.a(lib_a-svfiprintf.o)
                0x00011cc8                __ssprint_r
 .text._svfiprintf_r
                0x00011dc0      0xb14 c:/ti/ccs1230/ccs/tools/compiler/gcc-arm-none-eabi-9-2019-q4-major/bin/../lib/gcc/arm-none-eabi/9.2.1/../../../../arm-none-eabi/lib/thumb/v7e-m/nofp\libc.a(lib_a-svfiprintf.o)
                0x00011dc0                _svfiprintf_r
 .text.__register_exitproc
                0x000128d4       0x8c c:/ti/ccs1230/ccs/tools/compiler/gcc-arm-none-eabi-9-2019-q4-major/bin/../lib/gcc/arm-none-eabi/9.2.1/../../../../arm-none-eabi/lib/thumb/v7e-m/nofp\libc.a(lib_a-__atexit.o)
                0x000128d4                __register_exitproc
 .text._calloc_r
                0x00012960       0x60 c:/ti/ccs1230/ccs/tools/compiler/gcc-arm-none-eabi-9-2019-q4-major/bin/../lib/gcc/arm-none-eabi/9.2.1/../../../../arm-none-eabi/lib/thumb/v7e-m/nofp\libc.a(lib_a-callocr.o)
                0x00012960                _calloc_r
 .text._setlocale_r
                0x000129c0       0x40 c:/ti/ccs1230/ccs/tools/compiler/gcc-arm-none-eabi-9-2019-q4-major/bin/../lib/gcc/arm-none-eabi/9.2.1/../../../../arm-none-eabi/lib/thumb/v7e-m/nofp\libc.a(lib_a-locale.o)
                0x000129c0                _setlocale_r
 .text.__locale_mb_cur_max
                0x00012a00        0xc c:/ti/ccs1230/ccs/tools/compiler/gcc-arm-none-eabi-9-2019-q4-major/bin/../lib/gcc/arm-none-eabi/9.2.1/../../../../arm-none-eabi/lib/thumb/v7e-m/nofp\libc.a(lib_a-locale.o)
                0x00012a00                __locale_mb_cur_max
 .text.setlocale
                0x00012a0c       0x10 c:/ti/ccs1230/ccs/tools/compiler/gcc-arm-none-eabi-9-2019-q4-major/bin/../lib/gcc/arm-none-eabi/9.2.1/../../../../arm-none-eabi/lib/thumb/v7e-m/nofp\libc.a(lib_a-locale.o)
                0x00012a0c                setlocale
 .text._mbtowc_r
                0x00012a1c       0x14 c:/ti/ccs1230/ccs/tools/compiler/gcc-arm-none-eabi-9-2019-q4-major/bin/../lib/gcc/arm-none-eabi/9.2.1/../../../../arm-none-eabi/lib/thumb/v7e-m/nofp\libc.a(lib_a-mbtowc_r.o)
                0x00012a1c                _mbtowc_r
 .text.__ascii_mbtowc
                0x00012a30       0x2c c:/ti/ccs1230/ccs/tools/compiler/gcc-arm-none-eabi-9-2019-q4-major/bin/../lib/gcc/arm-none-eabi/9.2.1/../../../../arm-none-eabi/lib/thumb/v7e-m/nofp\libc.a(lib_a-mbtowc_r.o)
                0x00012a30                __ascii_mbtowc
 .text.memmove  0x00012a5c       0xd8 c:/ti/ccs1230/ccs/tools/compiler/gcc-arm-none-eabi-9-2019-q4-major/bin/../lib/gcc/arm-none-eabi/9.2.1/../../../../arm-none-eabi/lib/thumb/v7e-m/nofp\libc.a(lib_a-memmove.o)
                0x00012a5c                memmove
 .text._realloc_r
                0x00012b34      0x3e0 c:/ti/ccs1230/ccs/tools/compiler/gcc-arm-none-eabi-9-2019-q4-major/bin/../lib/gcc/arm-none-eabi/9.2.1/../../../../arm-none-eabi/lib/thumb/v7e-m/nofp\libc.a(lib_a-reallocr.o)
                0x00012b34                _realloc_r
 .text.cleanup_glue
                0x00012f14       0x1c c:/ti/ccs1230/ccs/tools/compiler/gcc-arm-none-eabi-9-2019-q4-major/bin/../lib/gcc/arm-none-eabi/9.2.1/../../../../arm-none-eabi/lib/thumb/v7e-m/nofp\libc.a(lib_a-reent.o)
                0x00012f14                cleanup_glue
 .text._reclaim_reent
                0x00012f30       0x84 c:/ti/ccs1230/ccs/tools/compiler/gcc-arm-none-eabi-9-2019-q4-major/bin/../lib/gcc/arm-none-eabi/9.2.1/../../../../arm-none-eabi/lib/thumb/v7e-m/nofp\libc.a(lib_a-reent.o)
                0x00012f30                _reclaim_reent
 .text._wctomb_r
                0x00012fb4       0x14 c:/ti/ccs1230/ccs/tools/compiler/gcc-arm-none-eabi-9-2019-q4-major/bin/../lib/gcc/arm-none-eabi/9.2.1/../../../../arm-none-eabi/lib/thumb/v7e-m/nofp\libc.a(lib_a-wctomb_r.o)
                0x00012fb4                _wctomb_r
 .text.__ascii_wctomb
                0x00012fc8       0x1c c:/ti/ccs1230/ccs/tools/compiler/gcc-arm-none-eabi-9-2019-q4-major/bin/../lib/gcc/arm-none-eabi/9.2.1/../../../../arm-none-eabi/lib/thumb/v7e-m/nofp\libc.a(lib_a-wctomb_r.o)
                0x00012fc8                __ascii_wctomb
 .text._sbrk    0x00012fe4       0x1c c:/ti/ccs1230/ccs/tools/compiler/gcc-arm-none-eabi-9-2019-q4-major/bin/../lib/gcc/arm-none-eabi/9.2.1/../../../../arm-none-eabi/lib/thumb/v7e-m/nofp\libnosys.a(sbrk.o)
                0x00012fe4                _sbrk
 .text._exit    0x00013000        0x4 c:/ti/ccs1230/ccs/tools/compiler/gcc-arm-none-eabi-9-2019-q4-major/bin/../lib/gcc/arm-none-eabi/9.2.1/../../../../arm-none-eabi/lib/thumb/v7e-m/nofp\libnosys.a(_exit.o)
                0x00013000                _exit
                0x00013004                . = ALIGN (0x4)
 *(.ctors)
                0x00013004                . = ALIGN (0x4)
 *(.dtors)
                0x00013004                . = ALIGN (0x4)
                0x00013004                __init_array_start = .
 *(.init_array*)
 .init_array    0x00013004        0x4 c:/ti/ccs1230/ccs/tools/compiler/gcc-arm-none-eabi-9-2019-q4-major/bin/../lib/gcc/arm-none-eabi/9.2.1/thumb/v7e-m/nofp/crtbegin.o
 .init_array.00000
                0x00013008        0x4 c:/ti/ccs1230/ccs/tools/compiler/gcc-arm-none-eabi-9-2019-q4-major/bin/../lib/gcc/arm-none-eabi/9.2.1/../../../../arm-none-eabi/lib/thumb/v7e-m/nofp\libc.a(lib_a-__call_atexit.o)
                0x0001300c                __init_array_end = .
 *(.init)
 .init          0x0001300c        0x4 c:/ti/ccs1230/ccs/tools/compiler/gcc-arm-none-eabi-9-2019-q4-major/bin/../lib/gcc/arm-none-eabi/9.2.1/thumb/v7e-m/nofp/crti.o
                0x0001300c                _init
 .init          0x00013010        0x8 c:/ti/ccs1230/ccs/tools/compiler/gcc-arm-none-eabi-9-2019-q4-major/bin/../lib/gcc/arm-none-eabi/9.2.1/thumb/v7e-m/nofp/crtn.o
 *(.fini*)
 .fini          0x00013018        0x4 c:/ti/ccs1230/ccs/tools/compiler/gcc-arm-none-eabi-9-2019-q4-major/bin/../lib/gcc/arm-none-eabi/9.2.1/thumb/v7e-m/nofp/crti.o
                0x00013018                _fini
 .fini_array    0x0001301c        0x4 c:/ti/ccs1230/ccs/tools/compiler/gcc-arm-none-eabi-9-2019-q4-major/bin/../lib/gcc/arm-none-eabi/9.2.1/thumb/v7e-m/nofp/crtbegin.o
 .fini          0x00013020        0x8 c:/ti/ccs1230/ccs/tools/compiler/gcc-arm-none-eabi-9-2019-q4-major/bin/../lib/gcc/arm-none-eabi/9.2.1/thumb/v7e-m/nofp/crtn.o

.glue_7         0x00013028        0x0
 .glue_7        0x00013028        0x0 linker stubs

.glue_7t        0x00013028        0x0
 .glue_7t       0x00013028        0x0 linker stubs

.vfp11_veneer   0x00013028        0x0
 .vfp11_veneer  0x00013028        0x0 linker stubs

.v4_bx          0x00013028        0x0
 .v4_bx         0x00013028        0x0 linker stubs

.iplt           0x00013028        0x0
 .iplt          0x00013028        0x0 c:/ti/ccs1230/ccs/tools/compiler/gcc-arm-none-eabi-9-2019-q4-major/bin/../lib/gcc/arm-none-eabi/9.2.1/thumb/v7e-m/nofp/crtbegin.o

.rodata         0x00013028      0x64d
 *(.rodata)
 .rodata        0x00013028       0x3c ./main.o
 .rodata        0x00013064       0x80 ./driverlib/adc14.o
 .rodata        0x000130e4        0x8 ./driverlib/flash.o
 .rodata        0x000130ec       0x1c ./driverlib/gpio.o
 .rodata        0x00013108       0x90 ./driverlib/interrupt.o
 .rodata        0x00013198      0x20b ./tiny_aes/aes.o
 *(.rodata.*)
 *fill*         0x000133a3        0x1 
 .rodata._global_impure_ptr
                0x000133a4        0x4 c:/ti/ccs1230/ccs/tools/compiler/gcc-arm-none-eabi-9-2019-q4-major/bin/../lib/gcc/arm-none-eabi/9.2.1/../../../../arm-none-eabi/lib/thumb/v7e-m/nofp\libc.a(lib_a-impure.o)
                0x000133a4                _global_impure_ptr
 .rodata._svfprintf_r.str1.4
                0x000133a8       0x42 c:/ti/ccs1230/ccs/tools/compiler/gcc-arm-none-eabi-9-2019-q4-major/bin/../lib/gcc/arm-none-eabi/9.2.1/../../../../arm-none-eabi/lib/thumb/v7e-m/nofp\libc.a(lib_a-svfprintf.o)
 *fill*         0x000133ea        0x2 
 .rodata.blanks.7345
                0x000133ec       0x10 c:/ti/ccs1230/ccs/tools/compiler/gcc-arm-none-eabi-9-2019-q4-major/bin/../lib/gcc/arm-none-eabi/9.2.1/../../../../arm-none-eabi/lib/thumb/v7e-m/nofp\libc.a(lib_a-svfprintf.o)
 .rodata.zeroes.7346
                0x000133fc       0x10 c:/ti/ccs1230/ccs/tools/compiler/gcc-arm-none-eabi-9-2019-q4-major/bin/../lib/gcc/arm-none-eabi/9.2.1/../../../../arm-none-eabi/lib/thumb/v7e-m/nofp\libc.a(lib_a-svfprintf.o)
 .rodata._dtoa_r.str1.4
                0x0001340c        0xd c:/ti/ccs1230/ccs/tools/compiler/gcc-arm-none-eabi-9-2019-q4-major/bin/../lib/gcc/arm-none-eabi/9.2.1/../../../../arm-none-eabi/lib/thumb/v7e-m/nofp\libc.a(lib_a-dtoa.o)
                                 0x12 (size before relaxing)
 *fill*         0x00013419        0x7 
 .rodata.__mprec_bigtens
                0x00013420       0x28 c:/ti/ccs1230/ccs/tools/compiler/gcc-arm-none-eabi-9-2019-q4-major/bin/../lib/gcc/arm-none-eabi/9.2.1/../../../../arm-none-eabi/lib/thumb/v7e-m/nofp\libc.a(lib_a-mprec.o)
                0x00013420                __mprec_bigtens
 .rodata.__mprec_tens
                0x00013448       0xc8 c:/ti/ccs1230/ccs/tools/compiler/gcc-arm-none-eabi-9-2019-q4-major/bin/../lib/gcc/arm-none-eabi/9.2.1/../../../../arm-none-eabi/lib/thumb/v7e-m/nofp\libc.a(lib_a-mprec.o)
                0x00013448                __mprec_tens
 .rodata.__mprec_tinytens
                0x00013510       0x28 c:/ti/ccs1230/ccs/tools/compiler/gcc-arm-none-eabi-9-2019-q4-major/bin/../lib/gcc/arm-none-eabi/9.2.1/../../../../arm-none-eabi/lib/thumb/v7e-m/nofp\libc.a(lib_a-mprec.o)
                0x00013510                __mprec_tinytens
 .rodata.p05.6115
                0x00013538        0xc c:/ti/ccs1230/ccs/tools/compiler/gcc-arm-none-eabi-9-2019-q4-major/bin/../lib/gcc/arm-none-eabi/9.2.1/../../../../arm-none-eabi/lib/thumb/v7e-m/nofp\libc.a(lib_a-mprec.o)
 .rodata._svfiprintf_r.str1.4
                0x00013544       0x2f c:/ti/ccs1230/ccs/tools/compiler/gcc-arm-none-eabi-9-2019-q4-major/bin/../lib/gcc/arm-none-eabi/9.2.1/../../../../arm-none-eabi/lib/thumb/v7e-m/nofp\libc.a(lib_a-svfiprintf.o)
 .rodata.blanks.7324
                0x00013544       0x10 c:/ti/ccs1230/ccs/tools/compiler/gcc-arm-none-eabi-9-2019-q4-major/bin/../lib/gcc/arm-none-eabi/9.2.1/../../../../arm-none-eabi/lib/thumb/v7e-m/nofp\libc.a(lib_a-svfiprintf.o)
 .rodata.zeroes.7325
                0x00013554       0x10 c:/ti/ccs1230/ccs/tools/compiler/gcc-arm-none-eabi-9-2019-q4-major/bin/../lib/gcc/arm-none-eabi/9.2.1/../../../../arm-none-eabi/lib/thumb/v7e-m/nofp\libc.a(lib_a-svfiprintf.o)
 .rodata._setlocale_r.str1.4
                0x00013564        0xa c:/ti/ccs1230/ccs/tools/compiler/gcc-arm-none-eabi-9-2019-q4-major/bin/../lib/gcc/arm-none-eabi/9.2.1/../../../../arm-none-eabi/lib/thumb/v7e-m/nofp\libc.a(lib_a-locale.o)
                                  0xd (size before relaxing)
 *fill*         0x0001356e        0x2 
 .rodata.str1.4
                0x00013570        0x2 c:/ti/ccs1230/ccs/tools/compiler/gcc-arm-none-eabi-9-2019-q4-major/bin/../lib/gcc/arm-none-eabi/9.2.1/../../../../arm-none-eabi/lib/thumb/v7e-m/nofp\libc.a(lib_a-locale.o)
 *fill*         0x00013572        0x2 
 .rodata._ctype_
                0x00013574      0x101 c:/ti/ccs1230/ccs/tools/compiler/gcc-arm-none-eabi-9-2019-q4-major/bin/../lib/gcc/arm-none-eabi/9.2.1/../../../../arm-none-eabi/lib/thumb/v7e-m/nofp\libc.a(lib_a-ctype_.o)
                0x00013574                _ctype_

.eh_frame       0x00013678        0x4
 .eh_frame      0x00013678        0x0 c:/ti/ccs1230/ccs/tools/compiler/gcc-arm-none-eabi-9-2019-q4-major/bin/../lib/gcc/arm-none-eabi/9.2.1/thumb/v7e-m/nofp/crtbegin.o
 .eh_frame      0x00013678        0x4 c:/ti/ccs1230/ccs/tools/compiler/gcc-arm-none-eabi-9-2019-q4-major/bin/../lib/gcc/arm-none-eabi/9.2.1/thumb/v7e-m/nofp/crtend.o

.ARM.exidx      0x0001367c        0x8
                0x0001367c                __exidx_start = .
 *(.ARM.exidx* .gnu.linkonce.armexidx.*)
 .ARM.exidx     0x0001367c        0x8 c:/ti/ccs1230/ccs/tools/compiler/gcc-arm-none-eabi-9-2019-q4-major/bin/../lib/gcc/arm-none-eabi/9.2.1/../../../../arm-none-eabi/lib/thumb/v7e-m/nofp/crt0.o
 .ARM.exidx     0x00013684        0x0 c:/ti/ccs1230/ccs/tools/compiler/gcc-arm-none-eabi-9-2019-q4-major/bin/../lib/gcc/arm-none-eabi/9.2.1/thumb/v7e-m/nofp\libgcc.a(_udivmoddi4.o)
                                  0x8 (size before relaxing)
                0x00013684                __exidx_end = .

.ARM.extab      0x00013684        0x0
 *(.ARM.extab* .gnu.linkonce.armextab.*)
 .ARM.extab     0x00013684        0x0 c:/ti/ccs1230/ccs/tools/compiler/gcc-arm-none-eabi-9-2019-q4-major/bin/../lib/gcc/arm-none-eabi/9.2.1/../../../../arm-none-eabi/lib/thumb/v7e-m/nofp/crt0.o
 .ARM.extab     0x00013684        0x0 c:/ti/ccs1230/ccs/tools/compiler/gcc-arm-none-eabi-9-2019-q4-major/bin/../lib/gcc/arm-none-eabi/9.2.1/thumb/v7e-m/nofp\libgcc.a(_udivmoddi4.o)
                0x00013684                __etext = .

.rel.dyn        0x00013684        0x0
 .rel.iplt      0x00013684        0x0 c:/ti/ccs1230/ccs/tools/compiler/gcc-arm-none-eabi-9-2019-q4-major/bin/../lib/gcc/arm-none-eabi/9.2.1/thumb/v7e-m/nofp/crtbegin.o

.data           0x20000000      0xc68 load address 0x00013684
                0x00013684                __data_load__ = LOADADDR (.data)
                0x20000000                __data_start__ = .
 *(.data)
 .data          0x20000000        0x0 c:/ti/ccs1230/ccs/tools/compiler/gcc-arm-none-eabi-9-2019-q4-major/bin/../lib/gcc/arm-none-eabi/9.2.1/thumb/v7e-m/nofp/crti.o
 .data          0x20000000        0x4 c:/ti/ccs1230/ccs/tools/compiler/gcc-arm-none-eabi-9-2019-q4-major/bin/../lib/gcc/arm-none-eabi/9.2.1/thumb/v7e-m/nofp/crtbegin.o
                0x20000000                __dso_handle
 .data          0x20000004        0x0 c:/ti/ccs1230/ccs/tools/compiler/gcc-arm-none-eabi-9-2019-q4-major/bin/../lib/gcc/arm-none-eabi/9.2.1/../../../../arm-none-eabi/lib/thumb/v7e-m/nofp/crt0.o
 .data          0x20000004      0x244 ./main.o
                0x20000004                key
                0x200000c4                expected_pt
                0x20000124                expected_ct
                0x20000184                pt
                0x200001e4                ct
                0x20000244                keysize
 .data          0x20000248        0x0 ./startup_msp432p401r_gcc.o
 .data          0x20000248        0x4 ./system_msp432p401r.o
                0x20000248                SystemCoreClock
 .data          0x2000024c        0x0 ./driverlib/adc14.o
 .data          0x2000024c        0x0 ./driverlib/aes256.o
 .data          0x2000024c        0x0 ./driverlib/comp_e.o
 .data          0x2000024c        0x0 ./driverlib/cpu.o
 .data          0x2000024c        0x0 ./driverlib/crc32.o
 .data          0x2000024c        0x0 ./driverlib/cs.o
 .data          0x2000024c        0x0 ./driverlib/dma.o
 .data          0x2000024c       0x40 ./driverlib/flash.o
 .data          0x2000028c        0x0 ./driverlib/fpu.o
 .data          0x2000028c       0x30 ./driverlib/gpio.o
 .data          0x200002bc        0x0 ./driverlib/i2c.o
 .data          0x200002bc        0x0 ./driverlib/interrupt.o
 .data          0x200002bc        0x0 ./driverlib/mpu.o
 .data          0x200002bc        0x0 ./driverlib/pcm.o
 .data          0x200002bc        0x0 ./driverlib/pmap.o
 .data          0x200002bc        0x0 ./driverlib/pss.o
 .data          0x200002bc        0x0 ./driverlib/ref_a.o
 .data          0x200002bc        0x0 ./driverlib/reset.o
 .data          0x200002bc        0x0 ./driverlib/rtc_c.o
 .data          0x200002bc        0x0 ./driverlib/spi.o
 .data          0x200002bc        0x0 ./driverlib/sysctl.o
 .data          0x200002bc        0x0 ./driverlib/systick.o
 .data          0x200002bc        0x0 ./driverlib/timer32.o
 .data          0x200002bc        0x0 ./driverlib/timer_a.o
 .data          0x200002bc        0x0 ./driverlib/uart.o
 .data          0x200002bc        0x0 ./driverlib/wdt_a.o
 .data          0x200002bc        0x0 ./tiny_aes/aes.o
 .data          0x200002bc        0x0 c:/ti/ccs1230/ccs/tools/compiler/gcc-arm-none-eabi-9-2019-q4-major/bin/../lib/gcc/arm-none-eabi/9.2.1/thumb/v7e-m/nofp\libgcc.a(_arm_mulsf3.o)
 .data          0x200002bc        0x0 c:/ti/ccs1230/ccs/tools/compiler/gcc-arm-none-eabi-9-2019-q4-major/bin/../lib/gcc/arm-none-eabi/9.2.1/thumb/v7e-m/nofp\libgcc.a(_arm_addsubsf3.o)
 .data          0x200002bc        0x0 c:/ti/ccs1230/ccs/tools/compiler/gcc-arm-none-eabi-9-2019-q4-major/bin/../lib/gcc/arm-none-eabi/9.2.1/thumb/v7e-m/nofp\libgcc.a(_arm_muldivsf3.o)
 .data          0x200002bc        0x0 c:/ti/ccs1230/ccs/tools/compiler/gcc-arm-none-eabi-9-2019-q4-major/bin/../lib/gcc/arm-none-eabi/9.2.1/thumb/v7e-m/nofp\libgcc.a(_arm_fixsfsi.o)
 .data          0x200002bc        0x0 c:/ti/ccs1230/ccs/tools/compiler/gcc-arm-none-eabi-9-2019-q4-major/bin/../lib/gcc/arm-none-eabi/9.2.1/thumb/v7e-m/nofp\libgcc.a(_arm_fixunssfsi.o)
 .data          0x200002bc        0x0 c:/ti/ccs1230/ccs/tools/compiler/gcc-arm-none-eabi-9-2019-q4-major/bin/../lib/gcc/arm-none-eabi/9.2.1/../../../../arm-none-eabi/lib/thumb/v7e-m/nofp\libc.a(lib_a-exit.o)
 .data          0x200002bc        0x0 c:/ti/ccs1230/ccs/tools/compiler/gcc-arm-none-eabi-9-2019-q4-major/bin/../lib/gcc/arm-none-eabi/9.2.1/../../../../arm-none-eabi/lib/thumb/v7e-m/nofp\libc.a(lib_a-impure.o)
 .data          0x200002bc        0x0 c:/ti/ccs1230/ccs/tools/compiler/gcc-arm-none-eabi-9-2019-q4-major/bin/../lib/gcc/arm-none-eabi/9.2.1/../../../../arm-none-eabi/lib/thumb/v7e-m/nofp\libc.a(lib_a-init.o)
 .data          0x200002bc        0x0 c:/ti/ccs1230/ccs/tools/compiler/gcc-arm-none-eabi-9-2019-q4-major/bin/../lib/gcc/arm-none-eabi/9.2.1/../../../../arm-none-eabi/lib/thumb/v7e-m/nofp\libc.a(lib_a-memcmp.o)
 .data          0x200002bc        0x0 c:/ti/ccs1230/ccs/tools/compiler/gcc-arm-none-eabi-9-2019-q4-major/bin/../lib/gcc/arm-none-eabi/9.2.1/../../../../arm-none-eabi/lib/thumb/v7e-m/nofp\libc.a(lib_a-memset.o)
 .data          0x200002bc        0x0 c:/ti/ccs1230/ccs/tools/compiler/gcc-arm-none-eabi-9-2019-q4-major/bin/../lib/gcc/arm-none-eabi/9.2.1/../../../../arm-none-eabi/lib/thumb/v7e-m/nofp\libc.a(lib_a-sprintf.o)
 .data          0x200002bc        0x0 c:/ti/ccs1230/ccs/tools/compiler/gcc-arm-none-eabi-9-2019-q4-major/bin/../lib/gcc/arm-none-eabi/9.2.1/../../../../arm-none-eabi/lib/thumb/v7e-m/nofp\libc.a(lib_a-svfprintf.o)
 .data          0x200002bc        0x0 c:/ti/ccs1230/ccs/tools/compiler/gcc-arm-none-eabi-9-2019-q4-major/bin/../lib/gcc/arm-none-eabi/9.2.1/../../../../arm-none-eabi/lib/thumb/v7e-m/nofp\libc.a(lib_a-__call_atexit.o)
 .data          0x200002bc        0x0 c:/ti/ccs1230/ccs/tools/compiler/gcc-arm-none-eabi-9-2019-q4-major/bin/../lib/gcc/arm-none-eabi/9.2.1/../../../../arm-none-eabi/lib/thumb/v7e-m/nofp\libc.a(lib_a-atexit.o)
 .data          0x200002bc        0x0 c:/ti/ccs1230/ccs/tools/compiler/gcc-arm-none-eabi-9-2019-q4-major/bin/../lib/gcc/arm-none-eabi/9.2.1/../../../../arm-none-eabi/lib/thumb/v7e-m/nofp\libc.a(lib_a-dtoa.o)
 .data          0x200002bc        0x0 c:/ti/ccs1230/ccs/tools/compiler/gcc-arm-none-eabi-9-2019-q4-major/bin/../lib/gcc/arm-none-eabi/9.2.1/../../../../arm-none-eabi/lib/thumb/v7e-m/nofp\libc.a(lib_a-fini.o)
 .data          0x200002bc        0x0 c:/ti/ccs1230/ccs/tools/compiler/gcc-arm-none-eabi-9-2019-q4-major/bin/../lib/gcc/arm-none-eabi/9.2.1/../../../../arm-none-eabi/lib/thumb/v7e-m/nofp\libc.a(lib_a-freer.o)
 .data          0x200002bc        0x0 c:/ti/ccs1230/ccs/tools/compiler/gcc-arm-none-eabi-9-2019-q4-major/bin/../lib/gcc/arm-none-eabi/9.2.1/../../../../arm-none-eabi/lib/thumb/v7e-m/nofp\libc.a(lib_a-localeconv.o)
 .data          0x200002bc        0x0 c:/ti/ccs1230/ccs/tools/compiler/gcc-arm-none-eabi-9-2019-q4-major/bin/../lib/gcc/arm-none-eabi/9.2.1/../../../../arm-none-eabi/lib/thumb/v7e-m/nofp\libc.a(lib_a-lock.o)
 .data          0x200002bc        0x0 c:/ti/ccs1230/ccs/tools/compiler/gcc-arm-none-eabi-9-2019-q4-major/bin/../lib/gcc/arm-none-eabi/9.2.1/../../../../arm-none-eabi/lib/thumb/v7e-m/nofp\libc.a(lib_a-mallocr.o)
 .data          0x200002bc        0x0 c:/ti/ccs1230/ccs/tools/compiler/gcc-arm-none-eabi-9-2019-q4-major/bin/../lib/gcc/arm-none-eabi/9.2.1/../../../../arm-none-eabi/lib/thumb/v7e-m/nofp\libc.a(lib_a-memchr.o)
 .data          0x200002bc        0x0 c:/ti/ccs1230/ccs/tools/compiler/gcc-arm-none-eabi-9-2019-q4-major/bin/../lib/gcc/arm-none-eabi/9.2.1/../../../../arm-none-eabi/lib/thumb/v7e-m/nofp\libc.a(lib_a-memcpy.o)
 .data          0x200002bc        0x0 c:/ti/ccs1230/ccs/tools/compiler/gcc-arm-none-eabi-9-2019-q4-major/bin/../lib/gcc/arm-none-eabi/9.2.1/../../../../arm-none-eabi/lib/thumb/v7e-m/nofp\libc.a(lib_a-mlock.o)
 .data          0x200002bc        0x0 c:/ti/ccs1230/ccs/tools/compiler/gcc-arm-none-eabi-9-2019-q4-major/bin/../lib/gcc/arm-none-eabi/9.2.1/../../../../arm-none-eabi/lib/thumb/v7e-m/nofp\libc.a(lib_a-mprec.o)
 .data          0x200002bc        0x0 c:/ti/ccs1230/ccs/tools/compiler/gcc-arm-none-eabi-9-2019-q4-major/bin/../lib/gcc/arm-none-eabi/9.2.1/../../../../arm-none-eabi/lib/thumb/v7e-m/nofp\libc.a(lib_a-s_frexp.o)
 .data          0x200002bc        0x0 c:/ti/ccs1230/ccs/tools/compiler/gcc-arm-none-eabi-9-2019-q4-major/bin/../lib/gcc/arm-none-eabi/9.2.1/../../../../arm-none-eabi/lib/thumb/v7e-m/nofp\libc.a(lib_a-sbrkr.o)
 .data          0x200002bc        0x0 c:/ti/ccs1230/ccs/tools/compiler/gcc-arm-none-eabi-9-2019-q4-major/bin/../lib/gcc/arm-none-eabi/9.2.1/../../../../arm-none-eabi/lib/thumb/v7e-m/nofp\libc.a(lib_a-strlen.o)
 .data          0x200002bc        0x0 c:/ti/ccs1230/ccs/tools/compiler/gcc-arm-none-eabi-9-2019-q4-major/bin/../lib/gcc/arm-none-eabi/9.2.1/../../../../arm-none-eabi/lib/thumb/v7e-m/nofp\libc.a(lib_a-strncpy.o)
 .data          0x200002bc        0x0 c:/ti/ccs1230/ccs/tools/compiler/gcc-arm-none-eabi-9-2019-q4-major/bin/../lib/gcc/arm-none-eabi/9.2.1/../../../../arm-none-eabi/lib/thumb/v7e-m/nofp\libc.a(lib_a-svfiprintf.o)
 .data          0x200002bc        0x0 c:/ti/ccs1230/ccs/tools/compiler/gcc-arm-none-eabi-9-2019-q4-major/bin/../lib/gcc/arm-none-eabi/9.2.1/../../../../arm-none-eabi/lib/thumb/v7e-m/nofp\libc.a(lib_a-__atexit.o)