******************************************************************************
                  TI ARM Linker PC v20.2.7                     
******************************************************************************
>> Linked Tue Feb 13 17:27:17 2024

OUTPUT FILE NAME:   <CS6024_HW2_UART_HW.out>
ENTRY POINT SYMBOL: "_c_int00_noargs"  address: 0000071d


MEMORY CONFIGURATION

         name            origin    length      used     unused   attr    fill
----------------------  --------  ---------  --------  --------  ----  --------
  MAIN                  00000000   00040000  00000856  0003f7aa  R  X
  INFO                  00200000   00004000  00000000  00004000  R  X
  SRAM_CODE             01000000   00010000  00000000  00010000  RW X
  SRAM_DATA             20000000   00010000  00000234  0000fdcc  RW  


SEGMENT ALLOCATION MAP

run origin  load origin   length   init length attrs members
----------  ----------- ---------- ----------- ----- -------
00000000    00000000    00000858   00000858    r-x
  00000000    00000000    00000140   00000140    r-- .intvecs
  00000140    00000140    000006a4   000006a4    r-x .text
  000007e4    000007e4    00000032   00000032    r-- .const
  00000818    00000818    00000040   00000040    r-- .cinit
20000000    20000000    00000034   00000000    rw-
  20000000    20000000    00000034   00000000    rw- .data
2000fe00    2000fe00    00000200   00000000    rw-
  2000fe00    2000fe00    00000200   00000000    rw- .stack


SECTION ALLOCATION MAP

 output                                  attributes/
section   page    origin      length       input sections
--------  ----  ----------  ----------   ----------------
.intvecs   0    00000000    00000140     
                  00000000    00000140     startup_msp432p401r_ccs.obj (.intvecs:retain)

.text      0    00000140    000006a4     
                  00000140    00000328     system_msp432p401r.obj (.text)
                  00000468    0000009c     rtsv7M4_T_le_v4SPD16_eabi.lib : memcpy_t2.asm.obj (.text)
                  00000504    00000094     msp432p4xx_driverlib.lib : uart.o (.text:UART_initModule)
                  00000598    0000008c     main.obj (.text)
                  00000624    00000068     rtsv7M4_T_le_v4SPD16_eabi.lib : copy_decompress_lzss.c.obj (.text:decompress:lzss:__TI_decompress_lzss)
                  0000068c    0000004c     msp432p4xx_driverlib.lib : gpio.o (.text:GPIO_setAsPeripheralModuleFunctionOutputPin)
                  000006d8    00000044     rtsv7M4_T_le_v4SPD16_eabi.lib : autoinit.c.obj (.text:__TI_auto_init_nobinit_nopinit:__TI_auto_init_nobinit_nopinit)
                  0000071c    00000034                                   : boot_cortex_m.c.obj (.text:_c_int00_noargs:_c_int00_noargs)
                  00000750    00000024     msp432p4xx_driverlib.lib : cs.o (.text:CS_setDCOCenteredFrequency)
                  00000774    00000024                              : uart.o (.text:UART_transmitData)
                  00000798    00000018                              : wdt_a.o (.text:WDT_A_holdTimer)
                  000007b0    00000012     startup_msp432p401r_ccs.obj (.text)
                  000007c2    0000000e     rtsv7M4_T_le_v4SPD16_eabi.lib : copy_decompress_none.c.obj (.text:decompress:none:__TI_decompress_none)
                  000007d0    0000000c     msp432p4xx_driverlib.lib : uart.o (.text:UART_enableModule)
                  000007dc    00000004     rtsv7M4_T_le_v4SPD16_eabi.lib : pre_init.c.obj (.text:_system_pre_init)
                  000007e0    00000004                                   : exit.c.obj (.text:abort:abort)

.const     0    000007e4    00000032     
                  000007e4    00000024     main.obj (.const:$P$T0$1)
                  00000808    0000000e     main.obj (.const:.string:$P$T1$2)

.cinit     0    00000818    00000040     
                  00000818    0000002f     (.cinit..data.load) [load image, compression = lzss]
                  00000847    00000001     --HOLE-- [fill = 0]
                  00000848    00000008     (__TI_handler_table)
                  00000850    00000008     (__TI_cinit_table)

.init_array 
*          0    00000000    00000000     UNINITIALIZED

.data      0    20000000    00000034     UNINITIALIZED
                  20000000    00000030     msp432p4xx_driverlib.lib : gpio.o (.data:GPIO_PORT_TO_BASE)
                  20000030    00000004     system_msp432p401r.obj (.data)

.stack     0    2000fe00    00000200     UNINITIALIZED
                  2000fe00    00000004     rtsv7M4_T_le_v4SPD16_eabi.lib : boot_cortex_m.c.obj (.stack)
                  2000fe04    000001fc     --HOLE--

__llvm_prf_cnts 
*          0    20000000    00000000     UNINITIALIZED

MODULE SUMMARY

       Module                        code   ro data   rw data
       ------                        ----   -------   -------
    .\
       system_msp432p401r.obj        808    0         4      
       startup_msp432p401r_ccs.obj   18     320       0      
       main.obj                      140    50        0      
    +--+-----------------------------+------+---------+---------+
       Total:                        966    370       4      
                                                             
    C:/Users/rohit/workspace_v12/msp432_driverlib_3_21_00_05/driverlib/MSP432P4xx/ccs/msp432p4xx_driverlib.lib
       uart.o                        196    0         0      
       gpio.o                        76     0         48     
       cs.o                          36     0         0      
       wdt_a.o                       24     0         0      
    +--+-----------------------------+------+---------+---------+
       Total:                        332    0         48     
                                                             
    C:\ti\ccs1230\ccs\tools\compiler\ti-cgt-arm_20.2.7.LTS\lib\rtsv7M4_T_le_v4SPD16_eabi.lib
       memcpy_t2.asm.obj             156    0         0      
       copy_decompress_lzss.c.obj    104    0         0      
       autoinit.c.obj                68     0         0      
       boot_cortex_m.c.obj           52     0         0      
       copy_decompress_none.c.obj    14     0         0      
       exit.c.obj                    4      0         0      
       pre_init.c.obj                4      0         0      
    +--+-----------------------------+------+---------+---------+
       Total:                        402    0         0      
                                                             
       Stack:                        0      0         512    
       Linker Generated:             0      63        0      
    +--+-----------------------------+------+---------+---------+
       Grand Total:                  1700   433       564    


LINKER GENERATED COPY TABLES

__TI_cinit_table @ 00000850 records: 1, size/record: 8, table size: 8
	.data: load addr=00000818, load size=0000002f bytes, run addr=20000000, run size=00000034 bytes, compression=lzss


LINKER GENERATED HANDLER TABLE

__TI_handler_table @ 00000848 records: 2, size/record: 4, table size: 8
	index: 0, handler: __TI_decompress_lzss
	index: 1, handler: __TI_decompress_none


GLOBAL SYMBOLS: SORTED ALPHABETICALLY BY Name 

address   name                                       
-------   ----                                       
000007e1  C$$EXIT                                    
00000751  CS_setDCOCenteredFrequency                 
0000068d  GPIO_setAsPeripheralModuleFunctionOutputPin
20000030  SystemCoreClock                            
00000141  SystemCoreClockUpdate                      
000003b5  SystemInit                                 
00000599  UART_Init                                  
000007d1  UART_enableModule                          
00000505  UART_initModule                            
00000775  UART_transmitData                          
4000480c  WDTCTL_SYM                                 
00000799  WDT_A_holdTimer                            
20010000  __STACK_END                                
00000200  __STACK_SIZE                               
00000850  __TI_CINIT_Base                            
00000858  __TI_CINIT_Limit                           
00000848  __TI_Handler_Table_Base                    
00000850  __TI_Handler_Table_Limit                   
000006d9  __TI_auto_init_nobinit_nopinit             
00000625  __TI_decompress_lzss                       
000007c3  __TI_decompress_none                       
ffffffff  __TI_pprof_out_hndl                        
ffffffff  __TI_prof_data_size                        
ffffffff  __TI_prof_data_start                       
00000000  __TI_static_base__                         
00000469  __aeabi_memcpy                             
00000469  __aeabi_memcpy4                            
00000469  __aeabi_memcpy8                            
ffffffff  __binit__                                  
ffffffff  __c_args__                                 
UNDEFED   __mpu_init                                 
2000fe00  __stack                                    
20000000  __start___llvm_prf_cnts                    
20000000  __stop___llvm_prf_cnts                     
0000071d  _c_int00_noargs                            
UNDEFED   _system_post_cinit                         
000007dd  _system_pre_init                           
000007e1  abort                                      
ffffffff  binit                                      
00000000  interruptVectors                           
000005d5  main                                       
00000469  memcpy                                     


GLOBAL SYMBOLS: SORTED BY Symbol Address 

address   name                                       
-------   ----                                       
00000000  __TI_static_base__                         
00000000  interruptVectors                           
00000141  SystemCoreClockUpdate                      
00000200  __STACK_SIZE                               
000003b5  SystemInit                                 
00000469  __aeabi_memcpy                             
00000469  __aeabi_memcpy4                            
00000469  __aeabi_memcpy8                            
00000469  memcpy                                     
00000505  UART_initModule                            
00000599  UART_Init                                  
000005d5  main                                       
00000625  __TI_decompress_lzss                       
0000068d  GPIO_setAsPeripheralModuleFunctionOutputPin
000006d9  __TI_auto_init_nobinit_nopinit             
0000071d  _c_int00_noargs                            
00000751  CS_setDCOCenteredFrequency                 
00000775  UART_transmitData                          
00000799  WDT_A_holdTimer                            
000007c3  __TI_decompress_none                       
000007d1  UART_enableModule                          
000007dd  _system_pre_init                           
000007e1  C$$EXIT                                    
000007e1  abort                                      
00000848  __TI_Handler_Table_Base                    
00000850  __TI_CINIT_Base                            
00000850  __TI_Handler_Table_Limit                   
00000858  __TI_CINIT_Limit                           
20000000  __start___llvm_prf_cnts                    
20000000  __stop___llvm_prf_cnts                     
20000030  SystemCoreClock                            
2000fe00  __stack                                    
20010000  __STACK_END                                
4000480c  WDTCTL_SYM                                 
ffffffff  __TI_pprof_out_hndl                        
ffffffff  __TI_prof_data_size                        
ffffffff  __TI_prof_data_start                       
ffffffff  __binit__                                  
ffffffff  __c_args__                                 
ffffffff  binit                                      
UNDEFED   __mpu_init                                 
UNDEFED   _system_post_cinit                         

[42 symbols]
