Archive member included to satisfy reference by file (symbol)

c:/ti/ccs1230/ccs/tools/compiler/gcc-arm-none-eabi-9-2019-q4-major/bin/../lib/gcc/arm-none-eabi/9.2.1/thumb/v7e-m/nofp\libgcc.a(_arm_mulsf3.o)
                              ./system_msp432p401r.o (__aeabi_fmul)
c:/ti/ccs1230/ccs/tools/compiler/gcc-arm-none-eabi-9-2019-q4-major/bin/../lib/gcc/arm-none-eabi/9.2.1/thumb/v7e-m/nofp\libgcc.a(_arm_addsubsf3.o)
                              ./system_msp432p401r.o (__aeabi_fsub)
c:/ti/ccs1230/ccs/tools/compiler/gcc-arm-none-eabi-9-2019-q4-major/bin/../lib/gcc/arm-none-eabi/9.2.1/thumb/v7e-m/nofp\libgcc.a(_arm_muldivsf3.o)
                              ./system_msp432p401r.o (__aeabi_fdiv)
c:/ti/ccs1230/ccs/tools/compiler/gcc-arm-none-eabi-9-2019-q4-major/bin/../lib/gcc/arm-none-eabi/9.2.1/thumb/v7e-m/nofp\libgcc.a(_arm_fixsfsi.o)
                              ./driverlib/cs.o (__aeabi_f2iz)
c:/ti/ccs1230/ccs/tools/compiler/gcc-arm-none-eabi-9-2019-q4-major/bin/../lib/gcc/arm-none-eabi/9.2.1/thumb/v7e-m/nofp\libgcc.a(_arm_fixunssfsi.o)
                              ./system_msp432p401r.o (__aeabi_f2uiz)
c:/ti/ccs1230/ccs/tools/compiler/gcc-arm-none-eabi-9-2019-q4-major/bin/../lib/gcc/arm-none-eabi/9.2.1/../../../../arm-none-eabi/lib/thumb/v7e-m/nofp\libc.a(lib_a-exit.o)
                              c:/ti/ccs1230/ccs/tools/compiler/gcc-arm-none-eabi-9-2019-q4-major/bin/../lib/gcc/arm-none-eabi/9.2.1/../../../../arm-none-eabi/lib/thumb/v7e-m/nofp/crt0.o (exit)
c:/ti/ccs1230/ccs/tools/compiler/gcc-arm-none-eabi-9-2019-q4-major/bin/../lib/gcc/arm-none-eabi/9.2.1/../../../../arm-none-eabi/lib/thumb/v7e-m/nofp\libc.a(lib_a-impure.o)
                              c:/ti/ccs1230/ccs/tools/compiler/gcc-arm-none-eabi-9-2019-q4-major/bin/../lib/gcc/arm-none-eabi/9.2.1/../../../../arm-none-eabi/lib/thumb/v7e-m/nofp\libc.a(lib_a-exit.o) (_global_impure_ptr)
c:/ti/ccs1230/ccs/tools/compiler/gcc-arm-none-eabi-9-2019-q4-major/bin/../lib/gcc/arm-none-eabi/9.2.1/../../../../arm-none-eabi/lib/thumb/v7e-m/nofp\libc.a(lib_a-init.o)
                              c:/ti/ccs1230/ccs/tools/compiler/gcc-arm-none-eabi-9-2019-q4-major/bin/../lib/gcc/arm-none-eabi/9.2.1/../../../../arm-none-eabi/lib/thumb/v7e-m/nofp/crt0.o (__libc_init_array)
c:/ti/ccs1230/ccs/tools/compiler/gcc-arm-none-eabi-9-2019-q4-major/bin/../lib/gcc/arm-none-eabi/9.2.1/../../../../arm-none-eabi/lib/thumb/v7e-m/nofp\libc.a(lib_a-memcmp.o)
                              ./main.o (memcmp)
c:/ti/ccs1230/ccs/tools/compiler/gcc-arm-none-eabi-9-2019-q4-major/bin/../lib/gcc/arm-none-eabi/9.2.1/../../../../arm-none-eabi/lib/thumb/v7e-m/nofp\libc.a(lib_a-memcpy.o)
                              ./portable8439/chacha-portable/chacha-portable.o (memcpy)
c:/ti/ccs1230/ccs/tools/compiler/gcc-arm-none-eabi-9-2019-q4-major/bin/../lib/gcc/arm-none-eabi/9.2.1/../../../../arm-none-eabi/lib/thumb/v7e-m/nofp\libc.a(lib_a-memset.o)
                              c:/ti/ccs1230/ccs/tools/compiler/gcc-arm-none-eabi-9-2019-q4-major/bin/../lib/gcc/arm-none-eabi/9.2.1/../../../../arm-none-eabi/lib/thumb/v7e-m/nofp/crt0.o (memset)
c:/ti/ccs1230/ccs/tools/compiler/gcc-arm-none-eabi-9-2019-q4-major/bin/../lib/gcc/arm-none-eabi/9.2.1/../../../../arm-none-eabi/lib/thumb/v7e-m/nofp\libc.a(lib_a-sprintf.o)
                              ./main.o (sprintf)
c:/ti/ccs1230/ccs/tools/compiler/gcc-arm-none-eabi-9-2019-q4-major/bin/../lib/gcc/arm-none-eabi/9.2.1/../../../../arm-none-eabi/lib/thumb/v7e-m/nofp\libc.a(lib_a-svfprintf.o)
                              c:/ti/ccs1230/ccs/tools/compiler/gcc-arm-none-eabi-9-2019-q4-major/bin/../lib/gcc/arm-none-eabi/9.2.1/../../../../arm-none-eabi/lib/thumb/v7e-m/nofp\libc.a(lib_a-sprintf.o) (_svfprintf_r)
c:/ti/ccs1230/ccs/tools/compiler/gcc-arm-none-eabi-9-2019-q4-major/bin/../lib/gcc/arm-none-eabi/9.2.1/../../../../arm-none-eabi/lib/thumb/v7e-m/nofp\libc.a(lib_a-__call_atexit.o)
                              c:/ti/ccs1230/ccs/tools/compiler/gcc-arm-none-eabi-9-2019-q4-major/bin/../lib/gcc/arm-none-eabi/9.2.1/../../../../arm-none-eabi/lib/thumb/v7e-m/nofp\libc.a(lib_a-exit.o) (__call_exitprocs)
c:/ti/ccs1230/ccs/tools/compiler/gcc-arm-none-eabi-9-2019-q4-major/bin/../lib/gcc/arm-none-eabi/9.2.1/../../../../arm-none-eabi/lib/thumb/v7e-m/nofp\libc.a(lib_a-atexit.o)
                              c:/ti/ccs1230/ccs/tools/compiler/gcc-arm-none-eabi-9-2019-q4-major/bin/../lib/gcc/arm-none-eabi/9.2.1/../../../../arm-none-eabi/lib/thumb/v7e-m/nofp\libc.a(lib_a-__call_atexit.o) (atexit)
c:/ti/ccs1230/ccs/tools/compiler/gcc-arm-none-eabi-9-2019-q4-major/bin/../lib/gcc/arm-none-eabi/9.2.1/../../../../arm-none-eabi/lib/thumb/v7e-m/nofp\libc.a(lib_a-dtoa.o)
                              c:/ti/ccs1230/ccs/tools/compiler/gcc-arm-none-eabi-9-2019-q4-major/bin/../lib/gcc/arm-none-eabi/9.2.1/../../../../arm-none-eabi/lib/thumb/v7e-m/nofp\libc.a(lib_a-svfprintf.o) (_dtoa_r)
[...]
Memory Configuration

Name             Origin             Length             Attributes
MAIN_FLASH       0x00000000         0x00040000         xr
INFO_FLASH       0x00200000         0x00004000         xr
SRAM_CODE        0x01000000         0x00010000         xrw
SRAM_DATA        0x20000000         0x00010000         rw
*default*        0x00000000         0xffffffff

Linker script and memory map

LOAD c:/ti/ccs1230/ccs/tools/compiler/gcc-arm-none-eabi-9-2019-q4-major/bin/../lib/gcc/arm-none-eabi/9.2.1/thumb/v7e-m/nofp/crti.o
LOAD c:/ti/ccs1230/ccs/tools/compiler/gcc-arm-none-eabi-9-2019-q4-major/bin/../lib/gcc/arm-none-eabi/9.2.1/thumb/v7e-m/nofp/crtbegin.o
LOAD c:/ti/ccs1230/ccs/tools/compiler/gcc-arm-none-eabi-9-2019-q4-major/bin/../lib/gcc/arm-none-eabi/9.2.1/../../../../arm-none-eabi/lib/thumb/v7e-m/nofp/crt0.o
LOAD ./main.o
LOAD ./startup_msp432p401r_gcc.o
LOAD ./system_msp432p401r.o
LOAD ./driverlib/adc14.o
LOAD ./driverlib/aes256.o
LOAD ./driverlib/comp_e.o
LOAD ./driverlib/cpu.o
LOAD ./driverlib/crc32.o
LOAD ./driverlib/cs.o
LOAD ./driverlib/dma.o
LOAD ./driverlib/flash.o
LOAD ./driverlib/fpu.o
LOAD ./driverlib/gpio.o
LOAD ./driverlib/i2c.o
LOAD ./driverlib/interrupt.o
LOAD ./driverlib/mpu.o
LOAD ./driverlib/pcm.o
LOAD ./driverlib/pmap.o
LOAD ./driverlib/pss.o
LOAD ./driverlib/ref_a.o
LOAD ./driverlib/reset.o
LOAD ./driverlib/rtc_c.o
LOAD ./driverlib/spi.o
LOAD ./driverlib/sysctl.o
LOAD ./driverlib/systick.o
LOAD ./driverlib/timer32.o
LOAD ./driverlib/timer_a.o
LOAD ./driverlib/uart.o
LOAD ./driverlib/wdt_a.o
LOAD ./portable8439/chacha-portable/chacha-portable.o
                0x00000000                PROVIDE (_intvecs_base_address = DEFINED (_intvecs_base_address)?_intvecs_base_address:0x0)

.intvecs        0x00000000       0xe4
 *(.intvecs)
 .intvecs       0x00000000       0xe4 ./startup_msp432p401r_gcc.o
                0x00000000                interruptVectors
                0x00200000                PROVIDE (_mailbox_base_address = 0x200000)

.flashMailbox
 *(.flashMailbox)
                0x00201000                PROVIDE (_tlv_base_address = 0x201000)

.tlvTable
 *(.tlvTable)
                0x00202000                PROVIDE (_bsl_base_address = 0x202000)

.bslArea
 *(.bslArea)
                0x20000000                PROVIDE (_vtable_base_address = DEFINED (_vtable_base_address)?_vtable_base_address:0x20000000)

.vtable
 *(.vtable)

.text           0x00000100    0x129a8
 CREATE_OBJECT_SYMBOLS
 *(.text)
 .text          0x00000100        0x0 c:/ti/ccs1230/ccs/tools/compiler/gcc-arm-none-eabi-9-2019-q4-major/bin/../lib/gcc/arm-none-eabi/9.2.1/thumb/v7e-m/nofp/crti.o
 .text          0x00000100       0x40 c:/ti/ccs1230/ccs/tools/compiler/gcc-arm-none-eabi-9-2019-q4-major/bin/../lib/gcc/arm-none-eabi/9.2.1/thumb/v7e-m/nofp/crtbegin.o
 .text          0x00000140       0x74 c:/ti/ccs1230/ccs/tools/compiler/gcc-arm-none-eabi-9-2019-q4-major/bin/../lib/gcc/arm-none-eabi/9.2.1/../../../../arm-none-eabi/lib/thumb/v7e-m/nofp/crt0.o
                0x00000140                _start
                0x00000140                _mainCRTStartup
 .text          0x000001b4      0x260 ./main.o
                0x000001b4                SysTick_Handler
                0x000001d8                LED_FLASH_Init
                0x000001e8                test_enc
                0x00000224                test_dec
                0x00000260                check_encrypt
                0x00000294                check_decrypt
                0x000002c8                UART0_putchar
                0x000002fc                UART0_puts
                0x00000326                uart_init
                0x00000370                main
 .text          0x00000414       0x4c ./startup_msp432p401r_gcc.o
                0x00000414                Reset_Handler
                0x00000458                DebugMon_Handler
                0x00000458                AES256_IRQHandler
                0x00000458                HardFault_Handler
                0x00000458                PendSV_Handler
                0x00000458                NMI_Handler
                0x00000458                RTC_C_IRQHandler
                0x00000458                PORT1_IRQHandler
                0x00000458                FPU_IRQHandler
                0x00000458                PORT2_IRQHandler
                0x00000458                TA3_0_IRQHandler
                0x00000458                UsageFault_Handler
                0x00000458                DMA_INT3_IRQHandler
                0x00000458                TA2_0_IRQHandler
                0x00000458                DMA_INT1_IRQHandler
                0x00000458                WDT_A_IRQHandler
                0x00000458                TA2_N_IRQHandler
                0x00000458                TA1_0_IRQHandler
                0x00000458                CS_IRQHandler
                0x00000458                PSS_IRQHandler
                0x00000458                DMA_INT2_IRQHandler
                0x00000458                EUSCIA3_IRQHandler
                0x00000458                DMA_INT0_IRQHandler
                0x00000458                PORT4_IRQHandler
                0x00000458                PORT5_IRQHandler
                0x00000458                EUSCIB0_IRQHandler
                0x00000458                Default_Handler
                0x00000458                T32_INTC_IRQHandler
                0x00000458                TA3_N_IRQHandler
                0x00000458                TA0_0_IRQHandler
                0x00000458                EUSCIA2_IRQHandler
                0x00000458                PORT6_IRQHandler
                0x00000458                PORT3_IRQHandler
                0x00000458                MemManage_Handler
                0x00000458                SVC_Handler
                0x00000458                TA1_N_IRQHandler
                0x00000458                EUSCIA1_IRQHandler
                0x00000458                COMP_E1_IRQHandler
                0x00000458                EUSCIB2_IRQHandler
                0x00000458                FLCTL_IRQHandler
                0x00000458                EUSCIB3_IRQHandler
                0x00000458                T32_INT1_IRQHandler
                0x00000458                DMA_ERR_IRQHandler
                0x00000458                ADC14_IRQHandler
                0x00000458                EUSCIA0_IRQHandler
                0x00000458                BusFault_Handler
                0x00000458                PCM_IRQHandler
                0x00000458                TA0_N_IRQHandler
                0x00000458                COMP_E0_IRQHandler
                0x00000458                EUSCIB1_IRQHandler
                0x00000458                T32_INT2_IRQHandler
 .text          0x00000460      0x390 ./system_msp432p401r.o
                0x00000460                SystemCoreClockUpdate
                0x00000788                SystemInit
 .text          0x000007f0      0xd3c ./driverlib/adc14.o
                0x00000b34                ADC14_enableModule
                0x00000b4c                ADC14_disableModule
                0x00000b70                ADC14_enableSampleTimer
                0x00000bb4                ADC14_disableSampleTimer
                0x00000bd8                ADC14_initModule
                0x00000c30                ADC14_setResolution
                0x00000c58                ADC14_getResolution
                0x00000c70                ADC14_setSampleHoldTrigger
                0x00000cc4                ADC14_setSampleHoldTime
                0x00000d00                ADC14_configureMultiSequenceMode
                0x00000db8                ADC14_configureSingleSampleMode
                0x00000e24                ADC14_enableConversion
                0x00000e5c                ADC14_toggleConversionTrigger
                0x00000e98                ADC14_disableConversion
                0x00000eb4                ADC14_isBusy
                0x00000ed4                ADC14_configureConversionMemory
                0x00000f84                ADC14_enableComparatorWindow
                0x0000101c                ADC14_disableComparatorWindow
                0x00001090                ADC14_setComparatorWindowValue
                0x0000113c                ADC14_setResultFormat
                0x0000117c                ADC14_getResult
                0x000011a4                ADC14_getMultiSequenceResult
                0x0000122c                ADC14_getResultArray
                0x000012b4                ADC14_enableReferenceBurst
                0x000012d8                ADC14_disableReferenceBurst
                0x000012fc                ADC14_setPowerMode
                0x00001354                ADC14_enableInterrupt
                0x000013a4                ADC14_disableInterrupt
                0x000013f8                ADC14_getInterruptStatus
                0x00001448                ADC14_getEnabledInterruptStatus
                0x000014a8                ADC14_clearInterruptFlag
                0x000014f8                ADC14_registerInterrupt
                0x00001516                ADC14_unregisterInterrupt
 .text          0x0000152c      0x6e4 ./driverlib/aes256.o
                0x0000152c                AES256_setCipherKey
                0x000015fc                AES256_encryptData
                0x000016c8                AES256_decryptData
                0x00001792                AES256_setDecipherKey
                0x00001874                AES256_clearInterruptFlag
                0x00001898                AES256_getInterruptFlagStatus
                0x000018bc                AES256_enableInterrupt
                0x000018e0                AES256_disableInterrupt
                0x00001904                AES256_reset
                0x00001928                AES256_startEncryptData
                0x0000199e                AES256_startDecryptData
                0x00001a12                AES256_startSetDecipherKey
                0x00001adc                AES256_getDataOut
                0x00001b46                AES256_isBusy
                0x00001b74                AES256_clearErrorFlag
                0x00001b98                AES256_getErrorFlagStatus
                0x00001bbc                AES256_registerInterrupt
                0x00001bdc                AES256_unregisterInterrupt
                0x00001bf8                AES256_getInterruptStatus
 .text          0x00001c10      0x6a8 ./driverlib/comp_e.o
                0x00001dbc                COMP_E_initModule
                0x00001ebc                COMP_E_setReferenceVoltage
                0x00001f66                COMP_E_setReferenceAccuracy
                0x00001faa                COMP_E_setPowerMode
                0x00001fd6                COMP_E_enableModule
                0x00001ffc                COMP_E_disableModule
                0x00002022                COMP_E_shortInputs
                0x00002048                COMP_E_unshortInputs
                0x0000206e                COMP_E_disableInputBuffer
                0x00002094                COMP_E_enableInputBuffer
                0x000020be                COMP_E_swapIO
                0x000020e0                COMP_E_outputValue
                0x00002100                COMP_E_enableInterrupt
                0x00002126                COMP_E_getEnabledInterruptStatus
                0x00002146                COMP_E_disableInterrupt
                0x00002170                COMP_E_clearInterruptFlag
                0x0000219a                COMP_E_getInterruptStatus
                0x000021b6                COMP_E_setInterruptEdgeDirection
                0x00002200                COMP_E_toggleInterruptEdgeDirection
                0x00002222                COMP_E_registerInterrupt
                0x00002270                COMP_E_unregisterInterrupt
 .text          0x000022b8       0x42 ./driverlib/cpu.o
                0x000022b8                CPU_cpsid
                0x000022c6                CPU_primask
                0x000022d2                CPU_cpsie
                0x000022e0                CPU_wfi
                0x000022e6                CPU_basepriSet
                0x000022ee                CPU_basepriGet
 *fill*         0x000022fa        0x2 
 .text          0x000022fc      0x1d4 ./driverlib/crc32.o
                0x000022fc                CRC32_setSeed
                0x00002338                CRC32_set8BitData
                0x00002368                CRC32_set16BitData
                0x00002396                CRC32_set32BitData
                0x000023be                CRC32_set8BitDataReversed
                0x000023f0                CRC32_set16BitDataReversed
                0x0000241e                CRC32_set32BitDataReversed
                0x00002448                CRC32_getResult
                0x0000248c                CRC32_getResultReversed
 .text          0x000024d0     0x10dc ./driverlib/cs.o
                0x00002828                CS_setExternalClockSourceFrequency
                0x00002850                CS_initClockSignal
                0x000029dc                CS_startHFXT
                0x000029fa                CS_startHFXTWithTimeout
                0x00002aec                CS_startLFXT
                0x00002b06                CS_startLFXTWithTimeout
                0x00002bf0                CS_enableClockRequest
                0x00002c24                CS_disableClockRequest
                0x00002c5c                CS_setReferenceOscillatorFrequency
                0x00002c90                CS_enableDCOExternalResistor
                0x00002cbc                CS_setDCOExternalResistorCalibration
                0x00002d5c                CS_disableDCOExternalResistor
                0x00002d88                CS_setDCOCenteredFrequency
                0x00002dc0                CS_tuneDCOFrequency
                0x00002e50                CS_getDCOFrequency
                0x0000303c                CS_setDCOFrequency
                0x00003290                CS_getBCLK
                0x000032bc                CS_getHSMCLK
                0x000032f0                CS_getACLK
                0x00003324                CS_getSMCLK
                0x00003358                CS_getMCLK
                0x0000338c                CS_enableFaultCounter
                0x000033d0                CS_disableFaultCounter
                0x00003414                CS_resetFaultCounter
                0x00003458                CS_startFaultCounter
                0x000034ac                CS_enableInterrupt
                0x000034e0                CS_disableInterrupt
                0x00003518                CS_getInterruptStatus
                0x0000352c                CS_getEnabledInterruptStatus
                0x00003544                CS_clearInterruptFlag
                0x00003578                CS_registerInterrupt
                0x00003596                CS_unregisterInterrupt
 .text          0x000035ac      0x9c0 ./driverlib/dma.o
                0x000035ac                DMA_enableModule
                0x000035c4                DMA_disableModule
                0x000035dc                DMA_getErrorStatus
                0x000035f0                DMA_clearErrorStatus
                0x00003608                DMA_enableChannel
                0x0000362c                DMA_disableChannel
                0x00003650                DMA_isChannelEnabled
                0x00003684                DMA_setControlBase
                0x000036a0                DMA_getControlBase
                0x000036b4                DMA_getControlAlternateBase
                0x000036c8                DMA_requestChannel
                0x000036ec                DMA_enableChannelAttribute
                0x0000375c                DMA_disableChannelAttribute
                0x000037cc                DMA_getChannelAttribute
                0x00003858                DMA_setChannelControl
                0x000038a0                DMA_setChannelTransfer
                0x000039a4                DMA_setChannelScatterGather
                0x00003a38                DMA_getChannelSize
                0x00003a80                DMA_getChannelMode
                0x00003ad4                DMA_assignChannel
                0x00003d94                DMA_assignInterrupt
                0x00003e04                DMA_requestSoftwareTransfer
                0x00003e30                DMA_getInterruptStatus
                0x00003e48                DMA_clearInterruptFlag
                0x00003e78                DMA_enableInterrupt
                0x00003ed4                DMA_disableInterrupt
                0x00003f30                DMA_registerInterrupt
                0x00003f50                DMA_unregisterInterrupt
 .text          0x00003f6c     0x1aa8 ./driverlib/flash.o
                0x00004288                FlashCtl_getMemoryInfo
                0x0000466c                FlashCtl_enableReadBuffering
                0x000046e0                FlashCtl_disableReadBuffering
                0x00004754                FlashCtl_unprotectSector
                0x000047f8                FlashCtl_protectSector
                0x00004880                FlashCtl_isSectorProtected
                0x00004910                FlashCtl_verifyMemory
                0x00004bb0                FlashCtl_setReadMode
                0x00004c30                FlashCtl_getReadMode
                0x00004c68                FlashCtl_initiateMassErase
                0x00004c94                FlashCtl_performMassErase
                0x00004e6c                FlashCtl_eraseSector
                0x00004fbc                FlashCtl_initiateSectorErase
                0x00005058                FlashCtl_programMemory
                0x00005200                FlashCtl_setProgramVerification
                0x00005264                FlashCtl_clearProgramVerification
                0x000052c8                FlashCtl_enableWordProgramming
                0x00005308                FlashCtl_disableWordProgramming
                0x00005320                FlashCtl_isWordProgrammingEnabled
                0x00005354                FlashCtl_setWaitState
                0x000053a0                FlashCtl_getWaitState
                0x000053dc                FlashCtl_enableInterrupt
                0x00005404                FlashCtl_disableInterrupt
                0x0000542c                FlashCtl_getInterruptStatus
                0x00005444                FlashCtl_getEnabledInterruptStatus
                0x00005460                FlashCtl_clearInterruptFlag
                0x00005488                FlashCtl_registerInterrupt
                0x000054a6                FlashCtl_unregisterInterrupt
                0x000054ba                __FlashCtl_remaskData8Post
                0x0000554c                __FlashCtl_remaskData8Pre
                0x000055e4                __FlashCtl_remaskData32Post
                0x000056c4                __FlashCtl_remaskData32Pre
                0x000057a8                __FlashCtl_remaskBurstDataPre
                0x000058e4                __FlashCtl_remaskBurstDataPost
 .text          0x00005a14      0x138 ./driverlib/fpu.o
                0x00005a14                FPU_enableModule
                0x00005a34                FPU_disableModule
                0x00005a54                FPU_enableStacking
                0x00005a74                FPU_enableLazyStacking
                0x00005a90                FPU_disableStacking
                0x00005aac                FPU_setHalfPrecisionMode
                0x00005ad4                FPU_setNaNMode
                0x00005afc                FPU_setFlushToZeroMode
                0x00005b24                FPU_setRoundingMode
 .text          0x00005b4c      0x794 ./driverlib/gpio.o
                0x00005b4c                GPIO_setAsOutputPin
                0x00005bb8                GPIO_setAsInputPin
                0x00005c44                GPIO_setAsPeripheralModuleFunctionOutputPin
                0x00005d2c                GPIO_setAsPeripheralModuleFunctionInputPin
                0x00005e18                GPIO_setOutputHighOnPin
                0x00005e50                GPIO_setOutputLowOnPin
                0x00005e8c                GPIO_toggleOutputOnPin
                0x00005ec4                GPIO_setAsInputPinWithPullDownResistor
                0x00005f64                GPIO_setAsInputPinWithPullUpResistor
                0x00006000                GPIO_getInputPinValue
                0x0000603c                GPIO_enableInterrupt
                0x00006074                GPIO_disableInterrupt
                0x000060b0                GPIO_getInterruptStatus
                0x000060e0                GPIO_clearInterruptFlag
                0x0000611c                GPIO_interruptEdgeSelect
                0x00006178                GPIO_getEnabledInterruptStatus
                0x00006210                GPIO_setDriveStrengthHigh
                0x00006248                GPIO_setDriveStrengthLow
                0x00006284                GPIO_registerInterrupt
                0x000062b4                GPIO_unregisterInterrupt
 .text          0x000062e0      0xc20 ./driverlib/i2c.o
                0x000062e0                I2C_initMaster
                0x00006364                I2C_initSlave
                0x000063be                I2C_enableModule
                0x000063e0                I2C_disableModule
                0x00006402                I2C_setSlaveAddress
                0x0000641e                I2C_setMode
                0x0000644a                I2C_masterReceiveSingleByte
                0x0000649e                I2C_slavePutData
                0x000064bc                I2C_slaveGetData
                0x000064d6                I2C_isBusBusy
                0x000064fc                I2C_masterSendSingleByte
                0x0000659a                I2C_masterSendSingleByteWithTimeout
                0x0000667e                I2C_masterSendMultiByteStart
                0x000066f6                I2C_masterSendMultiByteStartWithTimeout
                0x0000678a                I2C_masterSendMultiByteNext
                0x000067da                I2C_masterSendMultiByteNextWithTimeout
                0x00006844                I2C_masterSendMultiByteFinish
                0x000068c0                I2C_masterSendMultiByteFinishWithTimeout
                0x00006970                I2C_masterSendMultiByteStop
                0x000069c6                I2C_masterSendMultiByteStopWithTimeout
                0x00006a36                I2C_masterReceiveStart
                0x00006a62                I2C_masterReceiveMultiByteNext
                0x00006a7c                I2C_masterReceiveMultiByteFinish
                0x00006ad8                I2C_masterReceiveMultiByteFinishWithTimeout
                0x00006b6e                I2C_masterReceiveMultiByteStop
                0x00006b92                I2C_masterReceiveSingle
                0x00006bda                I2C_getReceiveBufferAddressForDMA
                0x00006bf0                I2C_getTransmitBufferAddressForDMA
                0x00006c06                I2C_masterIsStopSent
                0x00006c2a                I2C_masterIsStartSent
                0x00006c58                I2C_masterSendStart
                0x00006c7c                I2C_enableMultiMasterMode
                0x00006cb0                I2C_disableMultiMasterMode
                0x00006ce4                I2C_enableInterrupt
                0x00006d0a                I2C_disableInterrupt
                0x00006d34                I2C_clearInterruptFlag
                0x00006d5e                I2C_getInterruptStatus
                0x00006d80                I2C_getEnabledInterruptStatus
                0x00006da0                I2C_getMode
                0x00006dbc                I2C_registerInterrupt
                0x00006e50                I2C_unregisterInterrupt
                0x00006edc                I2C_slaveSendNAK
 .text          0x00006f00      0x508 ./driverlib/interrupt.o
                0x00006f06                Interrupt_enableMaster
                0x00006f1e                Interrupt_disableMaster
                0x00006f36                Interrupt_registerInterrupt
                0x00006f98                Interrupt_unregisterInterrupt
                0x00006fbc                Interrupt_setPriorityGrouping
                0x00006fec                Interrupt_getPriorityGrouping
                0x00007034                Interrupt_setPriority
                0x0000709c                Interrupt_getPriority
                0x000070cc                Interrupt_enableInterrupt
                0x00007160                Interrupt_disableInterrupt
                0x000071f4                Interrupt_isEnabled
                0x00007290                Interrupt_pendInterrupt
                0x0000730c                Interrupt_unpendInterrupt
                0x00007374                Interrupt_setPriorityMask
                0x0000738e                Interrupt_getPriorityMask
                0x0000739e                Interrupt_setVectorTableAddress
                0x000073bc                Interrupt_getVectorTableAddress
                0x000073d0                Interrupt_enableSleepOnIsrExit
                0x000073ec                Interrupt_disableSleepOnIsrExit
 .text          0x00007408      0x154 ./driverlib/mpu.o
                0x00007408                MPU_enableModule
                0x00007428                MPU_disableModule
                0x00007444                MPU_getRegionCount
                0x0000745c                MPU_enableRegion
                0x00007484                MPU_disableRegion
                0x000074ac                MPU_setRegion
                0x000074e4                MPU_getRegion
                0x00007518                MPU_registerInterrupt
                0x00007530                MPU_unregisterInterrupt
                0x0000753e                MPU_enableInterrupt
                0x0000754c                MPU_disableInterrupt
 .text          0x0000755c      0xb4c ./driverlib/pcm.o
                0x00007674                PCM_setCoreVoltageLevel
                0x00007690                PCM_setCoreVoltageLevelWithTimeout
                0x000076ae                PCM_setCoreVoltageLevelNonBlocking
                0x000076ca                PCM_getPowerMode
                0x00007762                PCM_getCoreVoltageLevel
                0x00007984                PCM_setPowerMode
                0x000079a0                PCM_setPowerModeNonBlocking
                0x000079bc                PCM_setPowerModeWithTimeout
                0x00007d6a                PCM_setPowerState
                0x00007d86                PCM_setPowerStateWithTimeout
                0x00007da4                PCM_setPowerStateNonBlocking
                0x00007dc0                PCM_shutdownDevice
                0x00007e24                PCM_gotoLPM4
                0x00007e3a                PCM_gotoLPM4InterruptSafe
                0x00007e5e                PCM_gotoLPM0
                0x00007e90                PCM_gotoLPM0InterruptSafe
                0x00007eb4                PCM_gotoLPM3
                0x00007f54                PCM_gotoLPM3InterruptSafe
                0x00007f78                PCM_getPowerState
                0x00007f90                PCM_enableRudeMode
                0x00007fb4                PCM_disableRudeMode
                0x00007fdc                PCM_enableInterrupt
                0x00008000                PCM_disableInterrupt
                0x00008024                PCM_getInterruptStatus
                0x00008038                PCM_getEnabledInterruptStatus
                0x00008050                PCM_clearInterruptFlag
                0x00008074                PCM_registerInterrupt
                0x00008092                PCM_unregisterInterrupt
 .text          0x000080a8       0x84 ./driverlib/pmap.o
                0x000080a8                PMAP_configurePorts
 .text          0x0000812c      0x280 ./driverlib/pss.o
                0x0000815c                PSS_enableForcedDCDCOperation
                0x00008178                PSS_disableForcedDCDCOperation
                0x00008194                PSS_enableHighSidePinToggle
                0x000081dc                PSS_disableHighSidePinToggle
                0x000081f8                PSS_enableHighSide
                0x00008214                PSS_disableHighSide
                0x00008230                PSS_setHighSidePerformanceMode
                0x00008260                PSS_getHighSidePerformanceMode
                0x00008280                PSS_enableHighSideMonitor
                0x0000829c                PSS_disableHighSideMonitor
                0x000082b8                PSS_setHighSideVoltageTrigger
                0x000082f4                PSS_getHighSideVoltageTrigger
                0x00008310                PSS_enableInterrupt
                0x0000832c                PSS_disableInterrupt
                0x00008348                PSS_getInterruptStatus
                0x0000835c                PSS_clearInterruptFlag
                0x00008378                PSS_registerInterrupt
                0x00008396                PSS_unregisterInterrupt
 .text          0x000083ac      0x1ac ./driverlib/ref_a.o
                0x000083ac                REF_A_setReferenceVoltage
                0x000083dc                REF_A_disableTempSensor
                0x000083f4                REF_A_enableTempSensor
                0x0000840c                REF_A_enableReferenceVoltageOutput
                0x00008424                REF_A_disableReferenceVoltageOutput
                0x0000843c                REF_A_enableReferenceVoltage
                0x00008454                REF_A_disableReferenceVoltage
                0x0000846c                REF_A_getBandgapMode
                0x00008488                REF_A_isBandgapActive
                0x000084a8                REF_A_isRefGenBusy
                0x000084c8                REF_A_isRefGenActive
                0x000084e8                REF_A_getBufferedBandgapVoltageStatus
                0x00008508                REF_A_getVariableReferenceVoltageStatus
                0x00008528                REF_A_setReferenceVoltageOneTimeTrigger
                0x00008540                REF_A_setBufferedBandgapVoltageOneTimeTrigger
 .text          0x00008558      0x168 ./driverlib/reset.o
                0x00008558                ResetCtl_initiateSoftReset
                0x00008578                ResetCtl_initiateSoftResetWithSource
                0x0000859c                ResetCtl_getSoftResetSource
                0x000085b0                ResetCtl_clearSoftResetSource
                0x000085d4                ResetCtl_initiateHardReset
                0x000085f4                ResetCtl_initiateHardResetWithSource
                0x00008618                ResetCtl_getHardResetSource
                0x0000862c                ResetCtl_clearHardResetSource
                0x00008650                ResetCtl_getPSSSource
                0x00008668                ResetCtl_clearPSSFlags
                0x00008688                ResetCtl_getPCMSource
                0x000086a0                ResetCtl_clearPCMFlags
 .text          0x000086c0      0x774 ./driverlib/rtc_c.o
                0x000086c0                RTC_C_startClock
                0x00008700                RTC_C_holdClock
                0x00008740                RTC_C_setCalibrationFrequency
                0x00008794                RTC_C_setCalibrationData
                0x000087e4                RTC_C_setTemperatureCompensation
                0x00008830                RTC_C_initCalendar
                0x000088e4                RTC_C_getCalendarTime
                0x00008974                RTC_C_setCalendarAlarm
                0x000089d4                RTC_C_setCalendarEvent
                0x00008a28                RTC_C_definePrescaleEvent
                0x00008a7c                RTC_C_getPrescaleValue
                0x00008ab8                RTC_C_setPrescaleValue
                0x00008b38                RTC_C_convertBCDToBinary
                0x00008b5c                RTC_C_convertBinaryToBCD
                0x00008b80                RTC_C_enableInterrupt
                0x00008bf0                RTC_C_disableInterrupt
                0x00008c70                RTC_C_getInterruptStatus
                0x00008ce8                RTC_C_getEnabledInterruptStatus
                0x00008d84                RTC_C_clearInterruptFlag
                0x00008e00                RTC_C_registerInterrupt
                0x00008e1e                RTC_C_unregisterInterrupt
 .text          0x00008e34      0xcfc ./driverlib/spi.o
                0x00008e7c                SPI_initMaster
                0x00008f94                SPI_selectFourPinFunctionality
                0x00008fcc                SPI_changeMasterClock
                0x00009002                SPI_initSlave
                0x000090c2                SPI_changeClockPhasePolarity
                0x00009104                SPI_transmitData
                0x0000913c                SPI_receiveData
                0x0000916a                SPI_enableModule
                0x00009194                SPI_disableModule
                0x000091be                SPI_getReceiveBufferAddressForDMA
                0x000091ec                SPI_getTransmitBufferAddressForDMA
                0x0000921a                SPI_isBusy
                0x00009248                SPI_enableInterrupt
                0x00009280                SPI_disableInterrupt
                0x000092b8                SPI_getInterruptStatus
                0x000092f6                SPI_getEnabledInterruptStatus
                0x00009338                SPI_clearInterruptFlag
                0x00009370                SPI_registerInterrupt
                0x00009494                SPI_unregisterInterrupt
                0x000095a8                EUSCI_B_SPI_select4PinFunctionality
                0x000095da                EUSCI_B_SPI_masterChangeClock
                0x0000961e                EUSCI_B_SPI_slaveInit
                0x00009688                EUSCI_B_SPI_changeClockPhasePolarity
                0x000096e4                EUSCI_B_SPI_transmitData
                0x00009702                EUSCI_B_SPI_receiveData
                0x0000971c                EUSCI_B_SPI_enableInterrupt
                0x00009744                EUSCI_B_SPI_disableInterrupt
                0x00009776                EUSCI_B_SPI_getInterruptStatus
                0x0000979a                EUSCI_B_SPI_clearInterruptFlag
                0x000097cc                EUSCI_B_SPI_enable
                0x000097ee                EUSCI_B_SPI_disable
                0x00009810                EUSCI_B_SPI_getReceiveBufferAddressForDMA
                0x00009826                EUSCI_B_SPI_getTransmitBufferAddressForDMA
                0x0000983c                EUSCI_B_SPI_isBusy
                0x0000986c                EUSCI_A_SPI_select4PinFunctionality
                0x0000989e                EUSCI_A_SPI_masterChangeClock
                0x000098e2                EUSCI_A_SPI_slaveInit
                0x0000994c                EUSCI_A_SPI_changeClockPhasePolarity
                0x000099a8                EUSCI_A_SPI_transmitData
                0x000099c6                EUSCI_A_SPI_receiveData
                0x000099e0                EUSCI_A_SPI_enableInterrupt
                0x00009a08                EUSCI_A_SPI_disableInterrupt
                0x00009a3a                EUSCI_A_SPI_getInterruptStatus
                0x00009a5e                EUSCI_A_SPI_clearInterruptFlag
                0x00009a90                EUSCI_A_SPI_enable
                0x00009ab2                EUSCI_A_SPI_disable
                0x00009ad4                EUSCI_A_SPI_getReceiveBufferAddressForDMA
                0x00009aea                EUSCI_A_SPI_getTransmitBufferAddressForDMA
                0x00009b00                EUSCI_A_SPI_isBusy
 .text          0x00009b30      0x3e0 ./driverlib/sysctl.o
                0x00009b30                SysCtl_getTLVInfo
                0x00009bc4                SysCtl_getSRAMSize
                0x00009bd8                SysCtl_getFlashSize
                0x00009bec                SysCtl_disableNMISource
                0x00009c10                SysCtl_enableNMISource
                0x00009c34                SysCtl_getNMISourceStatus
                0x00009c48                SysCtl_enableSRAMBank
                0x00009c78                SysCtl_disableSRAMBank
                0x00009d7c                SysCtl_enableSRAMBankRetention
                0x00009dac                SysCtl_disableSRAMBankRetention
                0x00009de0                SysCtl_rebootDevice
                0x00009df8                SysCtl_enablePeripheralAtCPUHalt
                0x00009e1c                SysCtl_disablePeripheralAtCPUHalt
                0x00009e40                SysCtl_setWDTTimeoutResetType
                0x00009e78                SysCtl_setWDTPasswordViolationResetType
                0x00009eb0                SysCtl_enableGlitchFilter
                0x00009ecc                SysCtl_disableGlitchFilter
                0x00009ee8                SysCtl_getTempCalibrationConstant
 .text          0x00009f10       0xe4 ./driverlib/systick.o
                0x00009f10                SysTick_enableModule
                0x00009f2c                SysTick_disableModule
                0x00009f48                SysTick_registerInterrupt
                0x00009f60                SysTick_unregisterInterrupt
                0x00009f6e                SysTick_enableInterrupt
                0x00009f8c                SysTick_disableInterrupt
                0x00009fa8                SysTick_setPeriod
                0x00009fc8                SysTick_getPeriod
                0x00009fe0                SysTick_getValue
 .text          0x00009ff4      0x24e ./driverlib/timer32.o
                0x00009ff4                Timer32_initModule
                0x0000a088                Timer32_setCount
                0x0000a0ce                Timer32_setCountInBackground
                0x0000a114                Timer32_getValue
                0x0000a12a                Timer32_startTimer
                0x0000a178                Timer32_haltTimer
                0x0000a196                Timer32_enableInterrupt
                0x0000a1b4                Timer32_disableInterrupt
                0x0000a1d2                Timer32_clearInterruptFlag
                0x0000a1f0                Timer32_getInterruptStatus
                0x0000a206                Timer32_registerInterrupt
                0x0000a226                Timer32_unregisterInterrupt
 *fill*         0x0000a242        0x2 
 .text          0x0000a244      0xae0 ./driverlib/timer_a.o
                0x0000a452                Timer_A_startCounter
                0x0000a478                Timer_A_configureContinuousMode
                0x0000a4ca                Timer_A_configureUpMode
                0x0000a562                Timer_A_configureUpDownMode
                0x0000a5fa                Timer_A_initCapture
                0x0000a672                Timer_A_initCompare
                0x0000a6d8                Timer_A_getCounterValue
                0x0000a730                Timer_A_clearTimer
                0x0000a754                Timer_A_getSynchronizedCaptureCompareInput
                0x0000a790                Timer_A_getOutputForOutputModeOutBitValue
                0x0000a7d2                Timer_A_getCaptureCompareCount
                0x0000a7fe                Timer_A_setOutputForOutputModeOutBitValue
                0x0000a844                Timer_A_generatePWM
                0x0000a8ec                Timer_A_stopTimer
                0x0000a90e                Timer_A_setCompareValue
                0x0000a940                Timer_A_clearInterruptFlag
                0x0000a962                Timer_A_clearCaptureCompareInterrupt
                0x0000a998                Timer_A_enableInterrupt
                0x0000a9bc                Timer_A_disableInterrupt
                0x0000a9e0                Timer_A_getInterruptStatus
                0x0000a9fc                Timer_A_enableCaptureCompareInterrupt
                0x0000aa34                Timer_A_disableCaptureCompareInterrupt
                0x0000aa6c                Timer_A_getCaptureCompareInterruptStatus
                0x0000aa9e                Timer_A_getEnabledInterruptStatus
                0x0000aac8                Timer_A_getCaptureCompareEnabledInterruptStatus
                0x0000ab12                Timer_A_registerInterrupt
                0x0000ac24                Timer_A_unregisterInterrupt
 .text          0x0000ad24      0x618 ./driverlib/uart.o
                0x0000ad24                UART_initModule
                0x0000ae88                UART_transmitData
                0x0000aed6                UART_receiveData
                0x0000af1e                UART_enableModule
                0x0000af40                UART_disableModule
                0x0000af62                UART_queryStatusFlags
                0x0000af82                UART_setDormant
                0x0000afa6                UART_resetDormant
                0x0000afca                UART_transmitAddress
                0x0000aff8                UART_transmitBreak
                0x0000b06c                UART_getReceiveBufferAddressForDMA
                0x0000b082                UART_getTransmitBufferAddressForDMA
                0x0000b098                UART_selectDeglitchTime
                0x0000b0c4                UART_enableInterrupt
                0x0000b10c                UART_disableInterrupt
                0x0000b15c                UART_getInterruptStatus
                0x0000b17e                UART_getEnabledInterruptStatus
                0x0000b1f2                UART_clearInterruptFlag
                0x0000b21c                UART_registerInterrupt
                0x0000b2b0                UART_unregisterInterrupt
 .text          0x0000b33c      0x150 ./driverlib/wdt_a.o
                0x0000b33c                WDT_A_holdTimer
                0x0000b36c                WDT_A_startTimer
                0x0000b39c                WDT_A_clearTimer
                0x0000b3cc                WDT_A_initWatchdogTimer
                0x0000b3fc                WDT_A_initIntervalTimer
                0x0000b42c                WDT_A_setPasswordViolationReset
                0x0000b442                WDT_A_setTimeoutReset
                0x0000b458                WDT_A_registerInterrupt
                0x0000b476                WDT_A_unregisterInterrupt
 .text          0x0000b48c      0x798 ./portable8439/chacha-portable/chacha-portable.o
                0x0000baf4                chacha20_xor_stream
                0x0000bbe4                rfc8439_keygen
 .text          0x0000bc24      0x168 c:/ti/ccs1230/ccs/tools/compiler/gcc-arm-none-eabi-9-2019-q4-major/bin/../lib/gcc/arm-none-eabi/9.2.1/thumb/v7e-m/nofp\libgcc.a(_arm_mulsf3.o)
 .text          0x0000bd8c      0x21c c:/ti/ccs1230/ccs/tools/compiler/gcc-arm-none-eabi-9-2019-q4-major/bin/../lib/gcc/arm-none-eabi/9.2.1/thumb/v7e-m/nofp\libgcc.a(_arm_addsubsf3.o)
                0x0000bd8c                __aeabi_frsub
                0x0000bd94                __subsf3
                0x0000bd94                __aeabi_fsub
                0x0000bd98                __aeabi_fadd
                0x0000bd98                __addsf3
                0x0000bef8                __aeabi_ui2f
                0x0000bef8                __floatunsisf
                0x0000bf00                __aeabi_i2f
                0x0000bf00                __floatsisf
                0x0000bf1c                __aeabi_ul2f
                0x0000bf1c                __floatundisf
                0x0000bf2c                __aeabi_l2f
                0x0000bf2c                __floatdisf
 .text          0x0000bfa8      0x2a0 c:/ti/ccs1230/ccs/tools/compiler/gcc-arm-none-eabi-9-2019-q4-major/bin/../lib/gcc/arm-none-eabi/9.2.1/thumb/v7e-m/nofp\libgcc.a(_arm_muldivsf3.o)
                0x0000bfa8                __mulsf3
                0x0000bfa8                __aeabi_fmul
                0x0000c110                __aeabi_fdiv
                0x0000c110                __divsf3
 .text          0x0000c248       0x4c c:/ti/ccs1230/ccs/tools/compiler/gcc-arm-none-eabi-9-2019-q4-major/bin/../lib/gcc/arm-none-eabi/9.2.1/thumb/v7e-m/nofp\libgcc.a(_arm_fixsfsi.o)
                0x0000c248                __aeabi_f2iz
                0x0000c248                __fixsfsi
 .text          0x0000c294       0x40 c:/ti/ccs1230/ccs/tools/compiler/gcc-arm-none-eabi-9-2019-q4-major/bin/../lib/gcc/arm-none-eabi/9.2.1/thumb/v7e-m/nofp\libgcc.a(_arm_fixunssfsi.o)
                0x0000c294                __fixunssfsi
                0x0000c294                __aeabi_f2uiz
 .text          0x0000c2d4        0x0 c:/ti/ccs1230/ccs/tools/compiler/gcc-arm-none-eabi-9-2019-q4-major/bin/../lib/gcc/arm-none-eabi/9.2.1/../../../../arm-none-eabi/lib/thumb/v7e-m/nofp\libc.a(lib_a-exit.o)
 .text          0x0000c2d4        0x0 c:/ti/ccs1230/ccs/tools/compiler/gcc-arm-none-eabi-9-2019-q4-major/bin/../lib/gcc/arm-none-eabi/9.2.1/../../../../arm-none-eabi/lib/thumb/v7e-m/nofp\libc.a(lib_a-impure.o)
 .text          0x0000c2d4        0x0 c:/ti/ccs1230/ccs/tools/compiler/gcc-arm-none-eabi-9-2019-q4-major/bin/../lib/gcc/arm-none-eabi/9.2.1/../../../../arm-none-eabi/lib/thumb/v7e-m/nofp\libc.a(lib_a-init.o)
 .text          0x0000c2d4        0x0 c:/ti/ccs1230/ccs/tools/compiler/gcc-arm-none-eabi-9-2019-q4-major/bin/../lib/gcc/arm-none-eabi/9.2.1/../../../../arm-none-eabi/lib/thumb/v7e-m/nofp\libc.a(lib_a-memcmp.o)
 .text          0x0000c2d4      0x134 c:/ti/ccs1230/ccs/tools/compiler/gcc-arm-none-eabi-9-2019-q4-major/bin/../lib/gcc/arm-none-eabi/9.2.1/../../../../arm-none-eabi/lib/thumb/v7e-m/nofp\libc.a(lib_a-memcpy.o)
                0x0000c2d4                memcpy
 .text          0x0000c408        0x0 c:/ti/ccs1230/ccs/tools/compiler/gcc-arm-none-eabi-9-2019-q4-major/bin/../lib/gcc/arm-none-eabi/9.2.1/../../../../arm-none-eabi/lib/thumb/v7e-m/nofp\libc.a(lib_a-memset.o)
 .text          0x0000c408        0x0 c:/ti/ccs1230/ccs/tools/compiler/gcc-arm-none-eabi-9-2019-q4-major/bin/../lib/gcc/arm-none-eabi/9.2.1/../../../../arm-none-eabi/lib/thumb/v7e-m/nofp\libc.a(lib_a-sprintf.o)
 .text          0x0000c408        0x0 c:/ti/ccs1230/ccs/tools/compiler/gcc-arm-none-eabi-9-2019-q4-major/bin/../lib/gcc/arm-none-eabi/9.2.1/../../../../arm-none-eabi/lib/thumb/v7e-m/nofp\libc.a(lib_a-svfprintf.o)
 .text          0x0000c408        0x0 c:/ti/ccs1230/ccs/tools/compiler/gcc-arm-none-eabi-9-2019-q4-major/bin/../lib/gcc/arm-none-eabi/9.2.1/../../../../arm-none-eabi/lib/thumb/v7e-m/nofp\libc.a(lib_a-__call_atexit.o)
 .text          0x0000c408        0x0 c:/ti/ccs1230/ccs/tools/compiler/gcc-arm-none-eabi-9-2019-q4-major/bin/../lib/gcc/arm-none-eabi/9.2.1/../../../../arm-none-eabi/lib/thumb/v7e-m/nofp\libc.a(lib_a-atexit.o)
 .text          0x0000c408        0x0 c:/ti/ccs1230/ccs/tools/compiler/gcc-arm-none-eabi-9-2019-q4-major/bin/../lib/gcc/arm-none-eabi/9.2.1/../../../../arm-none-eabi/lib/thumb/v7e-m/nofp\libc.a(lib_a-dtoa.o)
 .text          0x0000c408        0x0 c:/ti/ccs1230/ccs/tools/compiler/gcc-arm-none-eabi-9-2019-q4-major/bin/../lib/gcc/arm-none-eabi/9.2.1/../../../../arm-none-eabi/lib/thumb/v7e-m/nofp\libc.a(lib_a-fini.o)
 .text          0x0000c408        0x0 c:/ti/ccs1230/ccs/tools/compiler/gcc-arm-none-eabi-9-2019-q4-major/bin/../lib/gcc/arm-none-eabi/9.2.1/../../../../arm-none-eabi/lib/thumb/v7e-m/nofp\libc.a(lib_a-freer.o)
 .text          0x0000c408        0x0 c:/ti/ccs1230/ccs/tools/compiler/gcc-arm-none-eabi-9-2019-q4-major/bin/../lib/gcc/arm-none-eabi/9.2.1/../../../../arm-none-eabi/lib/thumb/v7e-m/nofp\libc.a(lib_a-localeconv.o)
 .text          0x0000c408        0x0 c:/ti/ccs1230/ccs/tools/compiler/gcc-arm-none-eabi-9-2019-q4-major/bin/../lib/gcc/arm-none-eabi/9.2.1/../../../../arm-none-eabi/lib/thumb/v7e-m/nofp\libc.a(lib_a-lock.o)
 .text          0x0000c408        0x0 c:/ti/ccs1230/ccs/tools/compiler/gcc-arm-none-eabi-9-2019-q4-major/bin/../lib/gcc/arm-none-eabi/9.2.1/../../../../arm-none-eabi/lib/thumb/v7e-m/nofp\libc.a(lib_a-mallocr.o)
 *fill*         0x0000c408        0x8 
 .text          0x0000c410       0xa0 c:/ti/ccs1230/ccs/tools/compiler/gcc-arm-none-eabi-9-2019-q4-major/bin/../lib/gcc/arm-none-eabi/9.2.1/../../../../arm-none-eabi/lib/thumb/v7e-m/nofp\libc.a(lib_a-memchr.o)
                0x0000c410                memchr
 .text          0x0000c4b0        0x0 c:/ti/ccs1230/ccs/tools/compiler/gcc-arm-none-eabi-9-2019-q4-major/bin/../lib/gcc/arm-none-eabi/9.2.1/../../../../arm-none-eabi/lib/thumb/v7e-m/nofp\libc.a(lib_a-mlock.o)
 .text          0x0000c4b0        0x0 c:/ti/ccs1230/ccs/tools/compiler/gcc-arm-none-eabi-9-2019-q4-major/bin/../lib/gcc/arm-none-eabi/9.2.1/../../../../arm-none-eabi/lib/thumb/v7e-m/nofp\libc.a(lib_a-mprec.o)
 .text          0x0000c4b0        0x0 c:/ti/ccs1230/ccs/tools/compiler/gcc-arm-none-eabi-9-2019-q4-major/bin/../lib/gcc/arm-none-eabi/9.2.1/../../../../arm-none-eabi/lib/thumb/v7e-m/nofp\libc.a(lib_a-s_frexp.o)
 .text          0x0000c4b0        0x0 c:/ti/ccs1230/ccs/tools/compiler/gcc-arm-none-eabi-9-2019-q4-major/bin/../lib/gcc/arm-none-eabi/9.2.1/../../../../arm-none-eabi/lib/thumb/v7e-m/nofp\libc.a(lib_a-sbrkr.o)
 *fill*         0x0000c4b0       0x10 
 .text          0x0000c4c0       0xdc c:/ti/ccs1230/ccs/tools/compiler/gcc-arm-none-eabi-9-2019-q4-major/bin/../lib/gcc/arm-none-eabi/9.2.1/../../../../arm-none-eabi/lib/thumb/v7e-m/nofp\libc.a(lib_a-strlen.o)
                0x0000c4c0                strlen
 .text          0x0000c59c        0x0 c:/ti/ccs1230/ccs/tools/compiler/gcc-arm-none-eabi-9-2019-q4-major/bin/../lib/gcc/arm-none-eabi/9.2.1/../../../../arm-none-eabi/lib/thumb/v7e-m/nofp\libc.a(lib_a-strncpy.o)
 .text          0x0000c59c        0x0 c:/ti/ccs1230/ccs/tools/compiler/gcc-arm-none-eabi-9-2019-q4-major/bin/../lib/gcc/arm-none-eabi/9.2.1/../../../../arm-none-eabi/lib/thumb/v7e-m/nofp\libc.a(lib_a-svfiprintf.o)
 .text          0x0000c59c        0x0 c:/ti/ccs1230/ccs/tools/compiler/gcc-arm-none-eabi-9-2019-q4-major/bin/../lib/gcc/arm-none-eabi/9.2.1/../../../../arm-none-eabi/lib/thumb/v7e-m/nofp\libc.a(lib_a-__atexit.o)
 .text          0x0000c59c        0x0 c:/ti/ccs1230/ccs/tools/compiler/gcc-arm-none-eabi-9-2019-q4-major/bin/../lib/gcc/arm-none-eabi/9.2.1/../../../../arm-none-eabi/lib/thumb/v7e-m/nofp\libc.a(lib_a-callocr.o)
 .text          0x0000c59c        0x0 c:/ti/ccs1230/ccs/tools/compiler/gcc-arm-none-eabi-9-2019-q4-major/bin/../lib/gcc/arm-none-eabi/9.2.1/../../../../arm-none-eabi/lib/thumb/v7e-m/nofp\libc.a(lib_a-locale.o)
 .text          0x0000c59c        0x0 c:/ti/ccs1230/ccs/tools/compiler/gcc-arm-none-eabi-9-2019-q4-major/bin/../lib/gcc/arm-none-eabi/9.2.1/../../../../arm-none-eabi/lib/thumb/v7e-m/nofp\libc.a(lib_a-mbtowc_r.o)
 .text          0x0000c59c        0x0 c:/ti/ccs1230/ccs/tools/compiler/gcc-arm-none-eabi-9-2019-q4-major/bin/../lib/gcc/arm-none-eabi/9.2.1/../../../../arm-none-eabi/lib/thumb/v7e-m/nofp\libc.a(lib_a-memmove.o)
 .text          0x0000c59c        0x0 c:/ti/ccs1230/ccs/tools/compiler/gcc-arm-none-eabi-9-2019-q4-major/bin/../lib/gcc/arm-none-eabi/9.2.1/../../../../arm-none-eabi/lib/thumb/v7e-m/nofp\libc.a(lib_a-reallocr.o)
 .text          0x0000c59c        0x0 c:/ti/ccs1230/ccs/tools/compiler/gcc-arm-none-eabi-9-2019-q4-major/bin/../lib/gcc/arm-none-eabi/9.2.1/../../../../arm-none-eabi/lib/thumb/v7e-m/nofp\libc.a(lib_a-reent.o)
 *fill*         0x0000c59c        0x4 
 .text          0x0000c5a0      0x2dc c:/ti/ccs1230/ccs/tools/compiler/gcc-arm-none-eabi-9-2019-q4-major/bin/../lib/gcc/arm-none-eabi/9.2.1/../../../../arm-none-eabi/lib/thumb/v7e-m/nofp\libc.a(lib_a-strcmp.o)
                0x0000c5a8                strcmp
 .text          0x0000c87c        0x0 c:/ti/ccs1230/ccs/tools/compiler/gcc-arm-none-eabi-9-2019-q4-major/bin/../lib/gcc/arm-none-eabi/9.2.1/../../../../arm-none-eabi/lib/thumb/v7e-m/nofp\libc.a(lib_a-wctomb_r.o)
 .text          0x0000c87c        0x0 c:/ti/ccs1230/ccs/tools/compiler/gcc-arm-none-eabi-9-2019-q4-major/bin/../lib/gcc/arm-none-eabi/9.2.1/../../../../arm-none-eabi/lib/thumb/v7e-m/nofp\libc.a(lib_a-ctype_.o)
 .text          0x0000c87c      0x254 c:/ti/ccs1230/ccs/tools/compiler/gcc-arm-none-eabi-9-2019-q4-major/bin/../lib/gcc/arm-none-eabi/9.2.1/thumb/v7e-m/nofp\libgcc.a(_arm_muldf3.o)
 .text          0x0000cad0      0x378 c:/ti/ccs1230/ccs/tools/compiler/gcc-arm-none-eabi-9-2019-q4-major/bin/../lib/gcc/arm-none-eabi/9.2.1/thumb/v7e-m/nofp\libgcc.a(_arm_addsubdf3.o)
                0x0000cad0                __aeabi_drsub
                0x0000cad8                __aeabi_dsub
                0x0000cad8                __subdf3
                0x0000cadc                __aeabi_dadd
                0x0000cadc                __adddf3
                0x0000cd54                __floatunsidf
                0x0000cd54                __aeabi_ui2d
                0x0000cd74                __floatsidf
                0x0000cd74                __aeabi_i2d
                0x0000cd98                __aeabi_f2d
                0x0000cd98                __extendsfdf2
                0x0000cddc                __floatundidf
                0x0000cddc                __aeabi_ul2d
                0x0000cdec                __floatdidf
                0x0000cdec                __aeabi_l2d
 .text          0x0000ce48      0x424 c:/ti/ccs1230/ccs/tools/compiler/gcc-arm-none-eabi-9-2019-q4-major/bin/../lib/gcc/arm-none-eabi/9.2.1/thumb/v7e-m/nofp\libgcc.a(_arm_muldivdf3.o)
                0x0000ce48                __aeabi_dmul
                0x0000ce48                __muldf3
                0x0000d09c                __divdf3
                0x0000d09c                __aeabi_ddiv
 .text          0x0000d26c      0x110 c:/ti/ccs1230/ccs/tools/compiler/gcc-arm-none-eabi-9-2019-q4-major/bin/../lib/gcc/arm-none-eabi/9.2.1/thumb/v7e-m/nofp\libgcc.a(_arm_cmpdf2.o)
                0x0000d26c                __gtdf2
                0x0000d26c                __gedf2
                0x0000d274                __ltdf2
                0x0000d274                __ledf2
                0x0000d27c                __nedf2
                0x0000d27c                __eqdf2
                0x0000d27c                __cmpdf2
                0x0000d2f8                __aeabi_cdrcmple
                0x0000d308                __aeabi_cdcmpeq
                0x0000d308                __aeabi_cdcmple
                0x0000d318                __aeabi_dcmpeq
                0x0000d32c                __aeabi_dcmplt
                0x0000d340                __aeabi_dcmple
                0x0000d354                __aeabi_dcmpge
                0x0000d368                __aeabi_dcmpgt
 .text          0x0000d37c       0x2c c:/ti/ccs1230/ccs/tools/compiler/gcc-arm-none-eabi-9-2019-q4-major/bin/../lib/gcc/arm-none-eabi/9.2.1/thumb/v7e-m/nofp\libgcc.a(_arm_unorddf2.o)
                0x0000d37c                __unorddf2
                0x0000d37c                __aeabi_dcmpun
 .text          0x0000d3a8       0x50 c:/ti/ccs1230/ccs/tools/compiler/gcc-arm-none-eabi-9-2019-q4-major/bin/../lib/gcc/arm-none-eabi/9.2.1/thumb/v7e-m/nofp\libgcc.a(_arm_fixdfsi.o)
                0x0000d3a8                __aeabi_d2iz
                0x0000d3a8                __fixdfsi
 .text          0x0000d3f8       0x30 c:/ti/ccs1230/ccs/tools/compiler/gcc-arm-none-eabi-9-2019-q4-major/bin/../lib/gcc/arm-none-eabi/9.2.1/thumb/v7e-m/nofp\libgcc.a(_aeabi_uldivmod.o)
                0x0000d3f8                __aeabi_uldivmod
 .text          0x0000d428      0x2c0 c:/ti/ccs1230/ccs/tools/compiler/gcc-arm-none-eabi-9-2019-q4-major/bin/../lib/gcc/arm-none-eabi/9.2.1/thumb/v7e-m/nofp\libgcc.a(_udivmoddi4.o)
                0x0000d428                __udivmoddi4
 .text          0x0000d6e8        0x4 c:/ti/ccs1230/ccs/tools/compiler/gcc-arm-none-eabi-9-2019-q4-major/bin/../lib/gcc/arm-none-eabi/9.2.1/thumb/v7e-m/nofp\libgcc.a(_dvmd_tls.o)
                0x0000d6e8                __aeabi_idiv0
                0x0000d6e8                __aeabi_ldiv0
 .text          0x0000d6ec        0x0 c:/ti/ccs1230/ccs/tools/compiler/gcc-arm-none-eabi-9-2019-q4-major/bin/../lib/gcc/arm-none-eabi/9.2.1/../../../../arm-none-eabi/lib/thumb/v7e-m/nofp\libnosys.a(sbrk.o)
 .text          0x0000d6ec        0x0 c:/ti/ccs1230/ccs/tools/compiler/gcc-arm-none-eabi-9-2019-q4-major/bin/../lib/gcc/arm-none-eabi/9.2.1/../../../../arm-none-eabi/lib/thumb/v7e-m/nofp\libnosys.a(_exit.o)
 .text          0x0000d6ec        0x0 c:/ti/ccs1230/ccs/tools/compiler/gcc-arm-none-eabi-9-2019-q4-major/bin/../lib/gcc/arm-none-eabi/9.2.1/thumb/v7e-m/nofp/crtend.o
 .text          0x0000d6ec        0x0 c:/ti/ccs1230/ccs/tools/compiler/gcc-arm-none-eabi-9-2019-q4-major/bin/../lib/gcc/arm-none-eabi/9.2.1/thumb/v7e-m/nofp/crtn.o
 *(.text.*)
 .text.exit     0x0000d6ec       0x20 c:/ti/ccs1230/ccs/tools/compiler/gcc-arm-none-eabi-9-2019-q4-major/bin/../lib/gcc/arm-none-eabi/9.2.1/../../../../arm-none-eabi/lib/thumb/v7e-m/nofp\libc.a(lib_a-exit.o)
                0x0000d6ec                exit
 .text.__libc_init_array
                0x0000d70c       0x48 c:/ti/ccs1230/ccs/tools/compiler/gcc-arm-none-eabi-9-2019-q4-major/bin/../lib/gcc/arm-none-eabi/9.2.1/../../../../arm-none-eabi/lib/thumb/v7e-m/nofp\libc.a(lib_a-init.o)
                0x0000d70c                __libc_init_array
 .text.memcmp   0x0000d754       0x60 c:/ti/ccs1230/ccs/tools/compiler/gcc-arm-none-eabi-9-2019-q4-major/bin/../lib/gcc/arm-none-eabi/9.2.1/../../../../arm-none-eabi/lib/thumb/v7e-m/nofp\libc.a(lib_a-memcmp.o)
                0x0000d754                memcmp
 .text.memset   0x0000d7b4       0xa0 c:/ti/ccs1230/ccs/tools/compiler/gcc-arm-none-eabi-9-2019-q4-major/bin/../lib/gcc/arm-none-eabi/9.2.1/../../../../arm-none-eabi/lib/thumb/v7e-m/nofp\libc.a(lib_a-memset.o)
                0x0000d7b4                memset
 .text._sprintf_r
                0x0000d854       0x38 c:/ti/ccs1230/ccs/tools/compiler/gcc-arm-none-eabi-9-2019-q4-major/bin/../lib/gcc/arm-none-eabi/9.2.1/../../../../arm-none-eabi/lib/thumb/v7e-m/nofp\libc.a(lib_a-sprintf.o)
                0x0000d854                _sprintf_r
 .text.sprintf  0x0000d88c       0x44 c:/ti/ccs1230/ccs/tools/compiler/gcc-arm-none-eabi-9-2019-q4-major/bin/../lib/gcc/arm-none-eabi/9.2.1/../../../../arm-none-eabi/lib/thumb/v7e-m/nofp\libc.a(lib_a-sprintf.o)
                0x0000d88c                sprintf
 .text._svfprintf_r
                0x0000d8d0     0x1acc c:/ti/ccs1230/ccs/tools/compiler/gcc-arm-none-eabi-9-2019-q4-major/bin/../lib/gcc/arm-none-eabi/9.2.1/../../../../arm-none-eabi/lib/thumb/v7e-m/nofp\libc.a(lib_a-svfprintf.o)
                0x0000d8d0                _svfprintf_r
 .text.startup.register_fini
                0x0000f39c       0x14 c:/ti/ccs1230/ccs/tools/compiler/gcc-arm-none-eabi-9-2019-q4-major/bin/../lib/gcc/arm-none-eabi/9.2.1/../../../../arm-none-eabi/lib/thumb/v7e-m/nofp\libc.a(lib_a-__call_atexit.o)
 .text.__call_exitprocs
                0x0000f3b0       0xc4 c:/ti/ccs1230/ccs/tools/compiler/gcc-arm-none-eabi-9-2019-q4-major/bin/../lib/gcc/arm-none-eabi/9.2.1/../../../../arm-none-eabi/lib/thumb/v7e-m/nofp\libc.a(lib_a-__call_atexit.o)
                0x0000f3b0                __call_exitprocs
 .text.atexit   0x0000f474        0xc c:/ti/ccs1230/ccs/tools/compiler/gcc-arm-none-eabi-9-2019-q4-major/bin/../lib/gcc/arm-none-eabi/9.2.1/../../../../arm-none-eabi/lib/thumb/v7e-m/nofp\libc.a(lib_a-atexit.o)
                0x0000f474                atexit
 .text.quorem   0x0000f480      0x11c c:/ti/ccs1230/ccs/tools/compiler/gcc-arm-none-eabi-9-2019-q4-major/bin/../lib/gcc/arm-none-eabi/9.2.1/../../../../arm-none-eabi/lib/thumb/v7e-m/nofp\libc.a(lib_a-dtoa.o)
 *fill*         0x0000f59c        0x4 
 .text._dtoa_r  0x0000f5a0      0xeb8 c:/ti/ccs1230/ccs/tools/compiler/gcc-arm-none-eabi-9-2019-q4-major/bin/../lib/gcc/arm-none-eabi/9.2.1/../../../../arm-none-eabi/lib/thumb/v7e-m/nofp\libc.a(lib_a-dtoa.o)
                0x0000f5a0                _dtoa_r
 .text.__libc_fini_array
                0x00010458       0x2c c:/ti/ccs1230/ccs/tools/compiler/gcc-arm-none-eabi-9-2019-q4-major/bin/../lib/gcc/arm-none-eabi/9.2.1/../../../../arm-none-eabi/lib/thumb/v7e-m/nofp\libc.a(lib_a-fini.o)
                0x00010458                __libc_fini_array
 .text._malloc_trim_r
                0x00010484       0xa0 c:/ti/ccs1230/ccs/tools/compiler/gcc-arm-none-eabi-9-2019-q4-major/bin/../lib/gcc/arm-none-eabi/9.2.1/../../../../arm-none-eabi/lib/thumb/v7e-m/nofp\libc.a(lib_a-freer.o)
                0x00010484                _malloc_trim_r
 .text._free_r  0x00010524      0x208 c:/ti/ccs1230/ccs/tools/compiler/gcc-arm-none-eabi-9-2019-q4-major/bin/../lib/gcc/arm-none-eabi/9.2.1/../../../../arm-none-eabi/lib/thumb/v7e-m/nofp\libc.a(lib_a-freer.o)
                0x00010524                _free_r
 .text.__localeconv_l
                0x0001072c        0x4 c:/ti/ccs1230/ccs/tools/compiler/gcc-arm-none-eabi-9-2019-q4-major/bin/../lib/gcc/arm-none-eabi/9.2.1/../../../../arm-none-eabi/lib/thumb/v7e-m/nofp\libc.a(lib_a-localeconv.o)
                0x0001072c                __localeconv_l
 .text._localeconv_r
                0x00010730        0x8 c:/ti/ccs1230/ccs/tools/compiler/gcc-arm-none-eabi-9-2019-q4-major/bin/../lib/gcc/arm-none-eabi/9.2.1/../../../../arm-none-eabi/lib/thumb/v7e-m/nofp\libc.a(lib_a-localeconv.o)
                0x00010730                _localeconv_r
 .text.localeconv
                0x00010738        0x8 c:/ti/ccs1230/ccs/tools/compiler/gcc-arm-none-eabi-9-2019-q4-major/bin/../lib/gcc/arm-none-eabi/9.2.1/../../../../arm-none-eabi/lib/thumb/v7e-m/nofp\libc.a(lib_a-localeconv.o)
                0x00010738                localeconv
 .text.__retarget_lock_init
                0x00010740        0x4 c:/ti/ccs1230/ccs/tools/compiler/gcc-arm-none-eabi-9-2019-q4-major/bin/../lib/gcc/arm-none-eabi/9.2.1/../../../../arm-none-eabi/lib/thumb/v7e-m/nofp\libc.a(lib_a-lock.o)
                0x00010740                __retarget_lock_init
 .text.__retarget_lock_init_recursive
                0x00010744        0x4 c:/ti/ccs1230/ccs/tools/compiler/gcc-arm-none-eabi-9-2019-q4-major/bin/../lib/gcc/arm-none-eabi/9.2.1/../../../../arm-none-eabi/lib/thumb/v7e-m/nofp\libc.a(lib_a-lock.o)
                0x00010744                __retarget_lock_init_recursive
 .text.__retarget_lock_close
                0x00010748        0x4 c:/ti/ccs1230/ccs/tools/compiler/gcc-arm-none-eabi-9-2019-q4-major/bin/../lib/gcc/arm-none-eabi/9.2.1/../../../../arm-none-eabi/lib/thumb/v7e-m/nofp\libc.a(lib_a-lock.o)
                0x00010748                __retarget_lock_close
 .text.__retarget_lock_close_recursive
                0x0001074c        0x4 c:/ti/ccs1230/ccs/tools/compiler/gcc-arm-none-eabi-9-2019-q4-major/bin/../lib/gcc/arm-none-eabi/9.2.1/../../../../arm-none-eabi/lib/thumb/v7e-m/nofp\libc.a(lib_a-lock.o)
                0x0001074c                __retarget_lock_close_recursive
 .text.__retarget_lock_acquire
                0x00010750        0x4 c:/ti/ccs1230/ccs/tools/compiler/gcc-arm-none-eabi-9-2019-q4-major/bin/../lib/gcc/arm-none-eabi/9.2.1/../../../../arm-none-eabi/lib/thumb/v7e-m/nofp\libc.a(lib_a-lock.o)
                0x00010750                __retarget_lock_acquire
 .text.__retarget_lock_acquire_recursive
                0x00010754        0x4 c:/ti/ccs1230/ccs/tools/compiler/gcc-arm-none-eabi-9-2019-q4-major/bin/../lib/gcc/arm-none-eabi/9.2.1/../../../../arm-none-eabi/lib/thumb/v7e-m/nofp\libc.a(lib_a-lock.o)
                0x00010754                __retarget_lock_acquire_recursive
 .text.__retarget_lock_try_acquire
                0x00010758        0x4 c:/ti/ccs1230/ccs/tools/compiler/gcc-arm-none-eabi-9-2019-q4-major/bin/../lib/gcc/arm-none-eabi/9.2.1/../../../../arm-none-eabi/lib/thumb/v7e-m/nofp\libc.a(lib_a-lock.o)
                0x00010758                __retarget_lock_try_acquire
 .text.__retarget_lock_try_acquire_recursive
                0x0001075c        0x4 c:/ti/ccs1230/ccs/tools/compiler/gcc-arm-none-eabi-9-2019-q4-major/bin/../lib/gcc/arm-none-eabi/9.2.1/../../../../arm-none-eabi/lib/thumb/v7e-m/nofp\libc.a(lib_a-lock.o)
                0x0001075c                __retarget_lock_try_acquire_recursive
 .text.__retarget_lock_release
                0x00010760        0x4 c:/ti/ccs1230/ccs/tools/compiler/gcc-arm-none-eabi-9-2019-q4-major/bin/../lib/gcc/arm-none-eabi/9.2.1/../../../../arm-none-eabi/lib/thumb/v7e-m/nofp\libc.a(lib_a-lock.o)
                0x00010760                __retarget_lock_release
 .text.__retarget_lock_release_recursive
                0x00010764        0x4 c:/ti/ccs1230/ccs/tools/compiler/gcc-arm-none-eabi-9-2019-q4-major/bin/../lib/gcc/arm-none-eabi/9.2.1/../../../../arm-none-eabi/lib/thumb/v7e-m/nofp\libc.a(lib_a-lock.o)
                0x00010764                __retarget_lock_release_recursive
 .text._malloc_r
                0x00010768      0x574 c:/ti/ccs1230/ccs/tools/compiler/gcc-arm-none-eabi-9-2019-q4-major/bin/../lib/gcc/arm-none-eabi/9.2.1/../../../../arm-none-eabi/lib/thumb/v7e-m/nofp\libc.a(lib_a-mallocr.o)
                0x00010768                _malloc_r
 .text.__malloc_lock
                0x00010cdc        0xc c:/ti/ccs1230/ccs/tools/compiler/gcc-arm-none-eabi-9-2019-q4-major/bin/../lib/gcc/arm-none-eabi/9.2.1/../../../../arm-none-eabi/lib/thumb/v7e-m/nofp\libc.a(lib_a-mlock.o)
                0x00010cdc                __malloc_lock
 .text.__malloc_unlock
                0x00010ce8        0xc c:/ti/ccs1230/ccs/tools/compiler/gcc-arm-none-eabi-9-2019-q4-major/bin/../lib/gcc/arm-none-eabi/9.2.1/../../../../arm-none-eabi/lib/thumb/v7e-m/nofp\libc.a(lib_a-mlock.o)
                0x00010ce8                __malloc_unlock
 .text._Balloc  0x00010cf4       0x4c c:/ti/ccs1230/ccs/tools/compiler/gcc-arm-none-eabi-9-2019-q4-major/bin/../lib/gcc/arm-none-eabi/9.2.1/../../../../arm-none-eabi/lib/thumb/v7e-m/nofp\libc.a(lib_a-mprec.o)
                0x00010cf4                _Balloc
 .text._Bfree   0x00010d40       0x14 c:/ti/ccs1230/ccs/tools/compiler/gcc-arm-none-eabi-9-2019-q4-major/bin/../lib/gcc/arm-none-eabi/9.2.1/../../../../arm-none-eabi/lib/thumb/v7e-m/nofp\libc.a(lib_a-mprec.o)
                0x00010d40                _Bfree
 .text.__multadd
                0x00010d54       0x80 c:/ti/ccs1230/ccs/tools/compiler/gcc-arm-none-eabi-9-2019-q4-major/bin/../lib/gcc/arm-none-eabi/9.2.1/../../../../arm-none-eabi/lib/thumb/v7e-m/nofp\libc.a(lib_a-mprec.o)
                0x00010d54                __multadd
 .text.__s2b    0x00010dd4       0xa0 c:/ti/ccs1230/ccs/tools/compiler/gcc-arm-none-eabi-9-2019-q4-major/bin/../lib/gcc/arm-none-eabi/9.2.1/../../../../arm-none-eabi/lib/thumb/v7e-m/nofp\libc.a(lib_a-mprec.o)
                0x00010dd4                __s2b
 .text.__hi0bits
                0x00010e74       0x40 c:/ti/ccs1230/ccs/tools/compiler/gcc-arm-none-eabi-9-2019-q4-major/bin/../lib/gcc/arm-none-eabi/9.2.1/../../../../arm-none-eabi/lib/thumb/v7e-m/nofp\libc.a(lib_a-mprec.o)
                0x00010e74                __hi0bits
 .text.__lo0bits
                0x00010eb4       0x60 c:/ti/ccs1230/ccs/tools/compiler/gcc-arm-none-eabi-9-2019-q4-major/bin/../lib/gcc/arm-none-eabi/9.2.1/../../../../arm-none-eabi/lib/thumb/v7e-m/nofp\libc.a(lib_a-mprec.o)
                0x00010eb4                __lo0bits
 .text.__i2b    0x00010f14       0x14 c:/ti/ccs1230/ccs/tools/compiler/gcc-arm-none-eabi-9-2019-q4-major/bin/../lib/gcc/arm-none-eabi/9.2.1/../../../../arm-none-eabi/lib/thumb/v7e-m/nofp\libc.a(lib_a-mprec.o)
                0x00010f14                __i2b
 .text.__multiply
                0x00010f28      0x144 c:/ti/ccs1230/ccs/tools/compiler/gcc-arm-none-eabi-9-2019-q4-major/bin/../lib/gcc/arm-none-eabi/9.2.1/../../../../arm-none-eabi/lib/thumb/v7e-m/nofp\libc.a(lib_a-mprec.o)
                0x00010f28                __multiply
 .text.__pow5mult
                0x0001106c       0xa0 c:/ti/ccs1230/ccs/tools/compiler/gcc-arm-none-eabi-9-2019-q4-major/bin/../lib/gcc/arm-none-eabi/9.2.1/../../../../arm-none-eabi/lib/thumb/v7e-m/nofp\libc.a(lib_a-mprec.o)
                0x0001106c                __pow5mult
 .text.__lshift
                0x0001110c       0xd4 c:/ti/ccs1230/ccs/tools/compiler/gcc-arm-none-eabi-9-2019-q4-major/bin/../lib/gcc/arm-none-eabi/9.2.1/../../../../arm-none-eabi/lib/thumb/v7e-m/nofp\libc.a(lib_a-mprec.o)
                0x0001110c                __lshift
 .text.__mcmp   0x000111e0       0x3c c:/ti/ccs1230/ccs/tools/compiler/gcc-arm-none-eabi-9-2019-q4-major/bin/../lib/gcc/arm-none-eabi/9.2.1/../../../../arm-none-eabi/lib/thumb/v7e-m/nofp\libc.a(lib_a-mprec.o)
                0x000111e0                __mcmp
 .text.__mdiff  0x0001121c      0x138 c:/ti/ccs1230/ccs/tools/compiler/gcc-arm-none-eabi-9-2019-q4-major/bin/../lib/gcc/arm-none-eabi/9.2.1/../../../../arm-none-eabi/lib/thumb/v7e-m/nofp\libc.a(lib_a-mprec.o)
                0x0001121c                __mdiff
 .text.__ulp    0x00011354       0x44 c:/ti/ccs1230/ccs/tools/compiler/gcc-arm-none-eabi-9-2019-q4-major/bin/../lib/gcc/arm-none-eabi/9.2.1/../../../../arm-none-eabi/lib/thumb/v7e-m/nofp\libc.a(lib_a-mprec.o)
                0x00011354                __ulp
 .text.__b2d    0x00011398       0xcc c:/ti/ccs1230/ccs/tools/compiler/gcc-arm-none-eabi-9-2019-q4-major/bin/../lib/gcc/arm-none-eabi/9.2.1/../../../../arm-none-eabi/lib/thumb/v7e-m/nofp\libc.a(lib_a-mprec.o)
                0x00011398                __b2d
 .text.__d2b    0x00011464       0xa8 c:/ti/ccs1230/ccs/tools/compiler/gcc-arm-none-eabi-9-2019-q4-major/bin/../lib/gcc/arm-none-eabi/9.2.1/../../../../arm-none-eabi/lib/thumb/v7e-m/nofp\libc.a(lib_a-mprec.o)
                0x00011464                __d2b
 .text.__ratio  0x0001150c       0x60 c:/ti/ccs1230/ccs/tools/compiler/gcc-arm-none-eabi-9-2019-q4-major/bin/../lib/gcc/arm-none-eabi/9.2.1/../../../../arm-none-eabi/lib/thumb/v7e-m/nofp\libc.a(lib_a-mprec.o)
                0x0001150c                __ratio
 .text._mprec_log10
                0x0001156c       0x38 c:/ti/ccs1230/ccs/tools/compiler/gcc-arm-none-eabi-9-2019-q4-major/bin/../lib/gcc/arm-none-eabi/9.2.1/../../../../arm-none-eabi/lib/thumb/v7e-m/nofp\libc.a(lib_a-mprec.o)
                0x0001156c                _mprec_log10
 .text.__copybits
                0x000115a4       0x48 c:/ti/ccs1230/ccs/tools/compiler/gcc-arm-none-eabi-9-2019-q4-major/bin/../lib/gcc/arm-none-eabi/9.2.1/../../../../arm-none-eabi/lib/thumb/v7e-m/nofp\libc.a(lib_a-mprec.o)
                0x000115a4                __copybits
 .text.__any_on
                0x000115ec       0x60 c:/ti/ccs1230/ccs/tools/compiler/gcc-arm-none-eabi-9-2019-q4-major/bin/../lib/gcc/arm-none-eabi/9.2.1/../../../../arm-none-eabi/lib/thumb/v7e-m/nofp\libc.a(lib_a-mprec.o)
                0x000115ec                __any_on
 .text.frexp    0x0001164c       0x70 c:/ti/ccs1230/ccs/tools/compiler/gcc-arm-none-eabi-9-2019-q4-major/bin/../lib/gcc/arm-none-eabi/9.2.1/../../../../arm-none-eabi/lib/thumb/v7e-m/nofp\libc.a(lib_a-s_frexp.o)
                0x0001164c                frexp
 .text._sbrk_r  0x000116bc       0x24 c:/ti/ccs1230/ccs/tools/compiler/gcc-arm-none-eabi-9-2019-q4-major/bin/../lib/gcc/arm-none-eabi/9.2.1/../../../../arm-none-eabi/lib/thumb/v7e-m/nofp\libc.a(lib_a-sbrkr.o)
                0x000116bc                _sbrk_r
 .text.strncpy  0x000116e0       0x68 c:/ti/ccs1230/ccs/tools/compiler/gcc-arm-none-eabi-9-2019-q4-major/bin/../lib/gcc/arm-none-eabi/9.2.1/../../../../arm-none-eabi/lib/thumb/v7e-m/nofp\libc.a(lib_a-strncpy.o)
                0x000116e0                strncpy
 .text.__ssprint_r
                0x00011748       0xf8 c:/ti/ccs1230/ccs/tools/compiler/gcc-arm-none-eabi-9-2019-q4-major/bin/../lib/gcc/arm-none-eabi/9.2.1/../../../../arm-none-eabi/lib/thumb/v7e-m/nofp\libc.a(lib_a-svfiprintf.o)
                0x00011748                __ssprint_r
 .text._svfiprintf_r
                0x00011840      0xb14 c:/ti/ccs1230/ccs/tools/compiler/gcc-arm-none-eabi-9-2019-q4-major/bin/../lib/gcc/arm-none-eabi/9.2.1/../../../../arm-none-eabi/lib/thumb/v7e-m/nofp\libc.a(lib_a-svfiprintf.o)
                0x00011840                _svfiprintf_r
 .text.__register_exitproc
                0x00012354       0x8c c:/ti/ccs1230/ccs/tools/compiler/gcc-arm-none-eabi-9-2019-q4-major/bin/../lib/gcc/arm-none-eabi/9.2.1/../../../../arm-none-eabi/lib/thumb/v7e-m/nofp\libc.a(lib_a-__atexit.o)
                0x00012354                __register_exitproc
 .text._calloc_r
                0x000123e0       0x60 c:/ti/ccs1230/ccs/tools/compiler/gcc-arm-none-eabi-9-2019-q4-major/bin/../lib/gcc/arm-none-eabi/9.2.1/../../../../arm-none-eabi/lib/thumb/v7e-m/nofp\libc.a(lib_a-callocr.o)
                0x000123e0                _calloc_r
 .text._setlocale_r
                0x00012440       0x40 c:/ti/ccs1230/ccs/tools/compiler/gcc-arm-none-eabi-9-2019-q4-major/bin/../lib/gcc/arm-none-eabi/9.2.1/../../../../arm-none-eabi/lib/thumb/v7e-m/nofp\libc.a(lib_a-locale.o)
                0x00012440                _setlocale_r
 .text.__locale_mb_cur_max
                0x00012480        0xc c:/ti/ccs1230/ccs/tools/compiler/gcc-arm-none-eabi-9-2019-q4-major/bin/../lib/gcc/arm-none-eabi/9.2.1/../../../../arm-none-eabi/lib/thumb/v7e-m/nofp\libc.a(lib_a-locale.o)
                0x00012480                __locale_mb_cur_max
 .text.setlocale
                0x0001248c       0x10 c:/ti/ccs1230/ccs/tools/compiler/gcc-arm-none-eabi-9-2019-q4-major/bin/../lib/gcc/arm-none-eabi/9.2.1/../../../../arm-none-eabi/lib/thumb/v7e-m/nofp\libc.a(lib_a-locale.o)
                0x0001248c                setlocale
 .text._mbtowc_r
                0x0001249c       0x14 c:/ti/ccs1230/ccs/tools/compiler/gcc-arm-none-eabi-9-2019-q4-major/bin/../lib/gcc/arm-none-eabi/9.2.1/../../../../arm-none-eabi/lib/thumb/v7e-m/nofp\libc.a(lib_a-mbtowc_r.o)
                0x0001249c                _mbtowc_r
 .text.__ascii_mbtowc
                0x000124b0       0x2c c:/ti/ccs1230/ccs/tools/compiler/gcc-arm-none-eabi-9-2019-q4-major/bin/../lib/gcc/arm-none-eabi/9.2.1/../../../../arm-none-eabi/lib/thumb/v7e-m/nofp\libc.a(lib_a-mbtowc_r.o)
                0x000124b0                __ascii_mbtowc
 .text.memmove  0x000124dc       0xd8 c:/ti/ccs1230/ccs/tools/compiler/gcc-arm-none-eabi-9-2019-q4-major/bin/../lib/gcc/arm-none-eabi/9.2.1/../../../../arm-none-eabi/lib/thumb/v7e-m/nofp\libc.a(lib_a-memmove.o)
                0x000124dc                memmove
 .text._realloc_r
                0x000125b4      0x3e0 c:/ti/ccs1230/ccs/tools/compiler/gcc-arm-none-eabi-9-2019-q4-major/bin/../lib/gcc/arm-none-eabi/9.2.1/../../../../arm-none-eabi/lib/thumb/v7e-m/nofp\libc.a(lib_a-reallocr.o)
                0x000125b4                _realloc_r
 .text.cleanup_glue
                0x00012994       0x1c c:/ti/ccs1230/ccs/tools/compiler/gcc-arm-none-eabi-9-2019-q4-major/bin/../lib/gcc/arm-none-eabi/9.2.1/../../../../arm-none-eabi/lib/thumb/v7e-m/nofp\libc.a(lib_a-reent.o)
                0x00012994                cleanup_glue
 .text._reclaim_reent
                0x000129b0       0x84 c:/ti/ccs1230/ccs/tools/compiler/gcc-arm-none-eabi-9-2019-q4-major/bin/../lib/gcc/arm-none-eabi/9.2.1/../../../../arm-none-eabi/lib/thumb/v7e-m/nofp\libc.a(lib_a-reent.o)
                0x000129b0                _reclaim_reent
 .text._wctomb_r
                0x00012a34       0x14 c:/ti/ccs1230/ccs/tools/compiler/gcc-arm-none-eabi-9-2019-q4-major/bin/../lib/gcc/arm-none-eabi/9.2.1/../../../../arm-none-eabi/lib/thumb/v7e-m/nofp\libc.a(lib_a-wctomb_r.o)
                0x00012a34                _wctomb_r
 .text.__ascii_wctomb
                0x00012a48       0x1c c:/ti/ccs1230/ccs/tools/compiler/gcc-arm-none-eabi-9-2019-q4-major/bin/../lib/gcc/arm-none-eabi/9.2.1/../../../../arm-none-eabi/lib/thumb/v7e-m/nofp\libc.a(lib_a-wctomb_r.o)
                0x00012a48                __ascii_wctomb
 .text._sbrk    0x00012a64       0x1c c:/ti/ccs1230/ccs/tools/compiler/gcc-arm-none-eabi-9-2019-q4-major/bin/../lib/gcc/arm-none-eabi/9.2.1/../../../../arm-none-eabi/lib/thumb/v7e-m/nofp\libnosys.a(sbrk.o)
                0x00012a64                _sbrk
 .text._exit    0x00012a80        0x4 c:/ti/ccs1230/ccs/tools/compiler/gcc-arm-none-eabi-9-2019-q4-major/bin/../lib/gcc/arm-none-eabi/9.2.1/../../../../arm-none-eabi/lib/thumb/v7e-m/nofp\libnosys.a(_exit.o)
                0x00012a80                _exit
                0x00012a84                . = ALIGN (0x4)
 *(.ctors)
                0x00012a84                . = ALIGN (0x4)
 *(.dtors)
                0x00012a84                . = ALIGN (0x4)
                0x00012a84                __init_array_start = .
 *(.init_array*)
 .init_array    0x00012a84        0x4 c:/ti/ccs1230/ccs/tools/compiler/gcc-arm-none-eabi-9-2019-q4-major/bin/../lib/gcc/arm-none-eabi/9.2.1/thumb/v7e-m/nofp/crtbegin.o
 .init_array.00000
                0x00012a88        0x4 c:/ti/ccs1230/ccs/tools/compiler/gcc-arm-none-eabi-9-2019-q4-major/bin/../lib/gcc/arm-none-eabi/9.2.1/../../../../arm-none-eabi/lib/thumb/v7e-m/nofp\libc.a(lib_a-__call_atexit.o)
                0x00012a8c                __init_array_end = .
 *(.init)
 .init          0x00012a8c        0x4 c:/ti/ccs1230/ccs/tools/compiler/gcc-arm-none-eabi-9-2019-q4-major/bin/../lib/gcc/arm-none-eabi/9.2.1/thumb/v7e-m/nofp/crti.o
                0x00012a8c                _init
 .init          0x00012a90        0x8 c:/ti/ccs1230/ccs/tools/compiler/gcc-arm-none-eabi-9-2019-q4-major/bin/../lib/gcc/arm-none-eabi/9.2.1/thumb/v7e-m/nofp/crtn.o
 *(.fini*)
 .fini          0x00012a98        0x4 c:/ti/ccs1230/ccs/tools/compiler/gcc-arm-none-eabi-9-2019-q4-major/bin/../lib/gcc/arm-none-eabi/9.2.1/thumb/v7e-m/nofp/crti.o
                0x00012a98                _fini
 .fini_array    0x00012a9c        0x4 c:/ti/ccs1230/ccs/tools/compiler/gcc-arm-none-eabi-9-2019-q4-major/bin/../lib/gcc/arm-none-eabi/9.2.1/thumb/v7e-m/nofp/crtbegin.o
 .fini          0x00012aa0        0x8 c:/ti/ccs1230/ccs/tools/compiler/gcc-arm-none-eabi-9-2019-q4-major/bin/../lib/gcc/arm-none-eabi/9.2.1/thumb/v7e-m/nofp/crtn.o

.glue_7         0x00012aa8        0x0
 .glue_7        0x00012aa8        0x0 linker stubs

.glue_7t        0x00012aa8        0x0
 .glue_7t       0x00012aa8        0x0 linker stubs

.vfp11_veneer   0x00012aa8        0x0
 .vfp11_veneer  0x00012aa8        0x0 linker stubs

.v4_bx          0x00012aa8        0x0
 .v4_bx         0x00012aa8        0x0 linker stubs

.iplt           0x00012aa8        0x0
 .iplt          0x00012aa8        0x0 c:/ti/ccs1230/ccs/tools/compiler/gcc-arm-none-eabi-9-2019-q4-major/bin/../lib/gcc/arm-none-eabi/9.2.1/thumb/v7e-m/nofp/crtbegin.o

.rodata         0x00012aa8      0x44d
 *(.rodata)
 .rodata        0x00012aa8       0x4a ./main.o
 *fill*         0x00012af2        0x2 
 .rodata        0x00012af4       0x80 ./driverlib/adc14.o
 .rodata        0x00012b74        0x8 ./driverlib/flash.o
 .rodata        0x00012b7c       0x1c ./driverlib/gpio.o
 .rodata        0x00012b98       0x90 ./driverlib/interrupt.o
 *(.rodata.*)
 .rodata._global_impure_ptr
                0x00012c28        0x4 c:/ti/ccs1230/ccs/tools/compiler/gcc-arm-none-eabi-9-2019-q4-major/bin/../lib/gcc/arm-none-eabi/9.2.1/../../../../arm-none-eabi/lib/thumb/v7e-m/nofp\libc.a(lib_a-impure.o)
                0x00012c28                _global_impure_ptr
 .rodata._svfprintf_r.str1.4
                0x00012c2c       0x42 c:/ti/ccs1230/ccs/tools/compiler/gcc-arm-none-eabi-9-2019-q4-major/bin/../lib/gcc/arm-none-eabi/9.2.1/../../../../arm-none-eabi/lib/thumb/v7e-m/nofp\libc.a(lib_a-svfprintf.o)
 *fill*         0x00012c6e        0x2 
 .rodata.blanks.7345
                0x00012c70       0x10 c:/ti/ccs1230/ccs/tools/compiler/gcc-arm-none-eabi-9-2019-q4-major/bin/../lib/gcc/arm-none-eabi/9.2.1/../../../../arm-none-eabi/lib/thumb/v7e-m/nofp\libc.a(lib_a-svfprintf.o)
 .rodata.zeroes.7346
                0x00012c80       0x10 c:/ti/ccs1230/ccs/tools/compiler/gcc-arm-none-eabi-9-2019-q4-major/bin/../lib/gcc/arm-none-eabi/9.2.1/../../../../arm-none-eabi/lib/thumb/v7e-m/nofp\libc.a(lib_a-svfprintf.o)
 .rodata._dtoa_r.str1.4
                0x00012c90        0xd c:/ti/ccs1230/ccs/tools/compiler/gcc-arm-none-eabi-9-2019-q4-major/bin/../lib/gcc/arm-none-eabi/9.2.1/../../../../arm-none-eabi/lib/thumb/v7e-m/nofp\libc.a(lib_a-dtoa.o)
                                 0x12 (size before relaxing)
 *fill*         0x00012c9d        0x3 
 .rodata.__mprec_bigtens
                0x00012ca0       0x28 c:/ti/ccs1230/ccs/tools/compiler/gcc-arm-none-eabi-9-2019-q4-major/bin/../lib/gcc/arm-none-eabi/9.2.1/../../../../arm-none-eabi/lib/thumb/v7e-m/nofp\libc.a(lib_a-mprec.o)
                0x00012ca0                __mprec_bigtens
 .rodata.__mprec_tens
                0x00012cc8       0xc8 c:/ti/ccs1230/ccs/tools/compiler/gcc-arm-none-eabi-9-2019-q4-major/bin/../lib/gcc/arm-none-eabi/9.2.1/../../../../arm-none-eabi/lib/thumb/v7e-m/nofp\libc.a(lib_a-mprec.o)
                0x00012cc8                __mprec_tens
 .rodata.__mprec_tinytens
                0x00012d90       0x28 c:/ti/ccs1230/ccs/tools/compiler/gcc-arm-none-eabi-9-2019-q4-major/bin/../lib/gcc/arm-none-eabi/9.2.1/../../../../arm-none-eabi/lib/thumb/v7e-m/nofp\libc.a(lib_a-mprec.o)
                0x00012d90                __mprec_tinytens
 .rodata.p05.6115
                0x00012db8        0xc c:/ti/ccs1230/ccs/tools/compiler/gcc-arm-none-eabi-9-2019-q4-major/bin/../lib/gcc/arm-none-eabi/9.2.1/../../../../arm-none-eabi/lib/thumb/v7e-m/nofp\libc.a(lib_a-mprec.o)
 .rodata._svfiprintf_r.str1.4
                0x00012dc4       0x2f c:/ti/ccs1230/ccs/tools/compiler/gcc-arm-none-eabi-9-2019-q4-major/bin/../lib/gcc/arm-none-eabi/9.2.1/../../../../arm-none-eabi/lib/thumb/v7e-m/nofp\libc.a(lib_a-svfiprintf.o)
 .rodata.blanks.7324
                0x00012dc4       0x10 c:/ti/ccs1230/ccs/tools/compiler/gcc-arm-none-eabi-9-2019-q4-major/bin/../lib/gcc/arm-none-eabi/9.2.1/../../../../arm-none-eabi/lib/thumb/v7e-m/nofp\libc.a(lib_a-svfiprintf.o)
 .rodata.zeroes.7325
                0x00012dd4       0x10 c:/ti/ccs1230/ccs/tools/compiler/gcc-arm-none-eabi-9-2019-q4-major/bin/../lib/gcc/arm-none-eabi/9.2.1/../../../../arm-none-eabi/lib/thumb/v7e-m/nofp\libc.a(lib_a-svfiprintf.o)
 .rodata._setlocale_r.str1.4
                0x00012de4        0xa c:/ti/ccs1230/ccs/tools/compiler/gcc-arm-none-eabi-9-2019-q4-major/bin/../lib/gcc/arm-none-eabi/9.2.1/../../../../arm-none-eabi/lib/thumb/v7e-m/nofp\libc.a(lib_a-locale.o)
                                  0xd (size before relaxing)
 *fill*         0x00012dee        0x2 
 .rodata.str1.4
                0x00012df0        0x2 c:/ti/ccs1230/ccs/tools/compiler/gcc-arm-none-eabi-9-2019-q4-major/bin/../lib/gcc/arm-none-eabi/9.2.1/../../../../arm-none-eabi/lib/thumb/v7e-m/nofp\libc.a(lib_a-locale.o)
 *fill*         0x00012df2        0x2 
 .rodata._ctype_
                0x00012df4      0x101 c:/ti/ccs1230/ccs/tools/compiler/gcc-arm-none-eabi-9-2019-q4-major/bin/../lib/gcc/arm-none-eabi/9.2.1/../../../../arm-none-eabi/lib/thumb/v7e-m/nofp\libc.a(lib_a-ctype_.o)
                0x00012df4                _ctype_

.eh_frame       0x00012ef8        0x4
 .eh_frame      0x00012ef8        0x0 c:/ti/ccs1230/ccs/tools/compiler/gcc-arm-none-eabi-9-2019-q4-major/bin/../lib/gcc/arm-none-eabi/9.2.1/thumb/v7e-m/nofp/crtbegin.o
 .eh_frame      0x00012ef8        0x4 c:/ti/ccs1230/ccs/tools/compiler/gcc-arm-none-eabi-9-2019-q4-major/bin/../lib/gcc/arm-none-eabi/9.2.1/thumb/v7e-m/nofp/crtend.o

.ARM.exidx      0x00012efc        0x8
                0x00012efc                __exidx_start = .
 *(.ARM.exidx* .gnu.linkonce.armexidx.*)
 .ARM.exidx     0x00012efc        0x8 c:/ti/ccs1230/ccs/tools/compiler/gcc-arm-none-eabi-9-2019-q4-major/bin/../lib/gcc/arm-none-eabi/9.2.1/../../../../arm-none-eabi/lib/thumb/v7e-m/nofp/crt0.o
 .ARM.exidx     0x00012f04        0x0 c:/ti/ccs1230/ccs/tools/compiler/gcc-arm-none-eabi-9-2019-q4-major/bin/../lib/gcc/arm-none-eabi/9.2.1/thumb/v7e-m/nofp\libgcc.a(_udivmoddi4.o)
                                  0x8 (size before relaxing)
                0x00012f04                __exidx_end = .

.ARM.extab      0x00012f04        0x0
 *(.ARM.extab* .gnu.linkonce.armextab.*)
 .ARM.extab     0x00012f04        0x0 c:/ti/ccs1230/ccs/tools/compiler/gcc-arm-none-eabi-9-2019-q4-major/bin/../lib/gcc/arm-none-eabi/9.2.1/../../../../arm-none-eabi/lib/thumb/v7e-m/nofp/crt0.o
 .ARM.extab     0x00012f04        0x0 c:/ti/ccs1230/ccs/tools/compiler/gcc-arm-none-eabi-9-2019-q4-major/bin/../lib/gcc/arm-none-eabi/9.2.1/thumb/v7e-m/nofp\libgcc.a(_udivmoddi4.o)
                0x00012f04                __etext = .

.rel.dyn        0x00012f04        0x0
 .rel.iplt      0x00012f04        0x0 c:/ti/ccs1230/ccs/tools/compiler/gcc-arm-none-eabi-9-2019-q4-major/bin/../lib/gcc/arm-none-eabi/9.2.1/thumb/v7e-m/nofp/crtbegin.o

.data           0x20000000      0xe60 load address 0x00012f04
                0x00012f04                __data_load__ = LOADADDR (.data)
                0x20000000                __data_start__ = .
 *(.data)
 .data          0x20000000        0x0 c:/ti/ccs1230/ccs/tools/compiler/gcc-arm-none-eabi-9-2019-q4-major/bin/../lib/gcc/arm-none-eabi/9.2.1/thumb/v7e-m/nofp/crti.o
 .data          0x20000000        0x4 c:/ti/ccs1230/ccs/tools/compiler/gcc-arm-none-eabi-9-2019-q4-major/bin/../lib/gcc/arm-none-eabi/9.2.1/thumb/v7e-m/nofp/crtbegin.o
                0x20000000                __dso_handle
 .data          0x20000004        0x0 c:/ti/ccs1230/ccs/tools/compiler/gcc-arm-none-eabi-9-2019-q4-major/bin/../lib/gcc/arm-none-eabi/9.2.1/../../../../arm-none-eabi/lib/thumb/v7e-m/nofp/crt0.o
 .data          0x20000004      0x438 ./main.o
 .data          0x2000043c        0x0 ./startup_msp432p401r_gcc.o
 .data          0x2000043c        0x4 ./system_msp432p401r.o
                0x2000043c                SystemCoreClock
 .data          0x20000440        0x0 ./driverlib/adc14.o
 .data          0x20000440        0x0 ./driverlib/aes256.o
 .data          0x20000440        0x0 ./driverlib/comp_e.o
 .data          0x20000440        0x0 ./driverlib/cpu.o
 .data          0x20000440        0x0 ./driverlib/crc32.o
 .data          0x20000440        0x0 ./driverlib/cs.o
 .data          0x20000440        0x0 ./driverlib/dma.o
 .data          0x20000440       0x40 ./driverlib/flash.o
 .data          0x20000480        0x0 ./driverlib/fpu.o
 .data          0x20000480       0x30 ./driverlib/gpio.o
 .data          0x200004b0        0x0 ./driverlib/i2c.o
 .data          0x200004b0        0x0 ./driverlib/interrupt.o
 .data          0x200004b0        0x0 ./driverlib/mpu.o
 .data          0x200004b0        0x0 ./driverlib/pcm.o
 .data          0x200004b0        0x0 ./driverlib/pmap.o
 .data          0x200004b0        0x0 ./driverlib/pss.o
 .data          0x200004b0        0x0 ./driverlib/ref_a.o
 .data          0x200004b0        0x0 ./driverlib/reset.o
 .data          0x200004b0        0x0 ./driverlib/rtc_c.o
 .data          0x200004b0        0x0 ./driverlib/spi.o
 .data          0x200004b0        0x0 ./driverlib/sysctl.o
 .data          0x200004b0        0x0 ./driverlib/systick.o
 .data          0x200004b0        0x0 ./driverlib/timer32.o
 .data          0x200004b0        0x0 ./driverlib/timer_a.o
 .data          0x200004b0        0x0 ./driverlib/uart.o
 .data          0x200004b0        0x0 ./driverlib/wdt_a.o
 .data          0x200004b0        0x0 ./portable8439/chacha-portable/chacha-portable.o
 .data          0x200004b0        0x0 c:/ti/ccs1230/ccs/tools/compiler/gcc-arm-none-eabi-9-2019-q4-major/bin/../lib/gcc/arm-none-eabi/9.2.1/thumb/v7e-m/nofp\libgcc.a(_arm_mulsf3.o)
 .data          0x200004b0        0x0 c:/ti/ccs1230/ccs/tools/compiler/gcc-arm-none-eabi-9-2019-q4-major/bin/../lib/gcc/arm-none-eabi/9.2.1/thumb/v7e-m/nofp\libgcc.a(_arm_addsubsf3.o)
 .data          0x200004b0        0x0 c:/ti/ccs1230/ccs/tools/compiler/gcc-arm-none-eabi-9-2019-q4-major/bin/../lib/gcc/arm-none-eabi/9.2.1/thumb/v7e-m/nofp\libgcc.a(_arm_muldivsf3.o)
 .data          0x200004b0        0x0 c:/ti/ccs1230/ccs/tools/compiler/gcc-arm-none-eabi-9-2019-q4-major/bin/../lib/gcc/arm-none-eabi/9.2.1/thumb/v7e-m/nofp\libgcc.a(_arm_fixsfsi.o)
 .data          0x200004b0        0x0 c:/ti/ccs1230/ccs/tools/compiler/gcc-arm-none-eabi-9-2019-q4-major/bin/../lib/gcc/arm-none-eabi/9.2.1/thumb/v7e-m/nofp\libgcc.a(_arm_fixunssfsi.o)
 .data          0x200004b0        0x0 c:/ti/ccs1230/ccs/tools/compiler/gcc-arm-none-eabi-9-2019-q4-major/bin/../lib/gcc/arm-none-eabi/9.2.1/../../../../arm-none-eabi/lib/thumb/v7e-m/nofp\libc.a(lib_a-exit.o)
 .data          0x200004b0        0x0 c:/ti/ccs1230/ccs/tools/compiler/gcc-arm-none-eabi-9-2019-q4-major/bin/../lib/gcc/arm-none-eabi/9.2.1/../../../../arm-none-eabi/lib/thumb/v7e-m/nofp\libc.a(lib_a-impure.o)
 .data          0x200004b0        0x0 c:/ti/ccs1230/ccs/tools/compiler/gcc-arm-none-eabi-9-2019-q4-major/bin/../lib/gcc/arm-none-eabi/9.2.1/../../../../arm-none-eabi/lib/thumb/v7e-m/nofp\libc.a(lib_a-init.o)
 .data          0x200004b0        0x0 c:/ti/ccs1230/ccs/tools/compiler/gcc-arm-none-eabi-9-2019-q4-major/bin/../lib/gcc/arm-none-eabi/9.2.1/../../../../arm-none-eabi/lib/thumb/v7e-m/nofp\libc.a(lib_a-memcmp.o)
 .data          0x200004b0        0x0 c:/ti/ccs1230/ccs/tools/compiler/gcc-arm-none-eabi-9-2019-q4-major/bin/../lib/gcc/arm-none-eabi/9.2.1/../../../../arm-none-eabi/lib/thumb/v7e-m/nofp\libc.a(lib_a-memcpy.o)
 .data          0x200004b0        0x0 c:/ti/ccs1230/ccs/tools/compiler/gcc-arm-none-eabi-9-2019-q4-major/bin/../lib/gcc/arm-none-eabi/9.2.1/../../../../arm-none-eabi/lib/thumb/v7e-m/nofp\libc.a(lib_a-memset.o)
 .data          0x200004b0        0x0 c:/ti/ccs1230/ccs/tools/compiler/gcc-arm-none-eabi-9-2019-q4-major/bin/../lib/gcc/arm-none-eabi/9.2.1/../../../../arm-none-eabi/lib/thumb/v7e-m/nofp\libc.a(lib_a-sprintf.o)
 .data          0x200004b0        0x0 c:/ti/ccs1230/ccs/tools/compiler/gcc-arm-none-eabi-9-2019-q4-major/bin/../lib/gcc/arm-none-eabi/9.2.1/../../../../arm-none-eabi/lib/thumb/v7e-m/nofp\libc.a(lib_a-svfprintf.o)
 .data          0x200004b0        0x0 c:/ti/ccs1230/ccs/tools/compiler/gcc-arm-none-eabi-9-2019-q4-major/bin/../lib/gcc/arm-none-eabi/9.2.1/../../../../arm-none-eabi/lib/thumb/v7e-m/nofp\libc.a(lib_a-__call_atexit.o)
 .data          0x200004b0        0x0 c:/ti/ccs1230/ccs/tools/compiler/gcc-arm-none-eabi-9-2019-q4-major/bin/../lib/gcc/arm-none-eabi/9.2.1/../../../../arm-none-eabi/lib/thumb/v7e-m/nofp\libc.a(lib_a-atexit.o)
 .data          0x200004b0        0x0 c:/ti/ccs1230/ccs/tools/compiler/gcc-arm-none-eabi-9-2019-q4-major/bin/../lib/gcc/arm-none-eabi/9.2.1/../../../../arm-none-eabi/lib/thumb/v7e-m/nofp\libc.a(lib_a-dtoa.o)
 .data          0x200004b0        0x0 c:/ti/ccs1230/ccs/tools/compiler/gcc-arm-none-eabi-9-2019-q4-major/bin/../lib/gcc/arm-none-eabi/9.2.1/../../../../arm-none-eabi/lib/thumb/v7e-m/nofp\libc.a(lib_a-fini.o)
 .data          0x200004b0        0x0 c:/ti/ccs1230/ccs/tools/compiler/gcc-arm-none-eabi-9-2019-q4-major/bin/../lib/gcc/arm-none-eabi/9.2.1/../../../../arm-none-eabi/lib/thumb/v7e-m/nofp\libc.a(lib_a-freer.o)
 .data          0x200004b0        0x0 c:/ti/ccs1230/ccs/tools/compiler/gcc-arm-none-eabi-9-2019-q4-major/bin/../lib/gcc/arm-none-eabi/9.2.1/../../../../arm-none-eabi/lib/thumb/v7e-m/nofp\libc.a(lib_a-localeconv.o)
 .data          0x200004b0        0x0 c:/ti/ccs1230/ccs/tools/compiler/gcc-arm-none-eabi-9-2019-q4-major/bin/../lib/gcc/arm-none-eabi/9.2.1/../../../../arm-none-eabi/lib/thumb/v7e-m/nofp\libc.a(lib_a-lock.o)
 .data          0x200004b0        0x0 c:/ti/ccs1230/ccs/tools/compiler/gcc-arm-none-eabi-9-2019-q4-major/bin/../lib/gcc/arm-none-eabi/9.2.1/../../../../arm-none-eabi/lib/thumb/v7e-m/nofp\libc.a(lib_a-mallocr.o)
 .data          0x200004b0        0x0 c:/ti/ccs1230/ccs/tools/compiler/gcc-arm-none-eabi-9-2019-q4-major/bin/../lib/gcc/arm-none-eabi/9.2.1/../../../../arm-none-eabi/lib/thumb/v7e-m/nofp\libc.a(lib_a-memchr.o)
 .data          0x200004b0        0x0 c:/ti/ccs1230/ccs/tools/compiler/gcc-arm-none-eabi-9-2019-q4-major/bin/../lib/gcc/arm-none-eabi/9.2.1/../../../../arm-none-eabi/lib/thumb/v7e-m/nofp\libc.a(lib_a-mlock.o)
 .data          0x200004b0        0x0 c:/ti/ccs1230/ccs/tools/compiler/gcc-arm-none-eabi-9-2019-q4-major/bin/../lib/gcc/arm-none-eabi/9.2.1/../../../../arm-none-eabi/lib/thumb/v7e-m/nofp\libc.a(lib_a-mprec.o)
 .data          0x200004b0        0x0 c:/ti/ccs1230/ccs/tools/compiler/gcc-arm-none-eabi-9-2019-q4-major/bin/../lib/gcc/arm-none-eabi/9.2.1/../../../../arm-none-eabi/lib/thumb/v7e-m/nofp\libc.a(lib_a-s_frexp.o)
 .data          0x200004b0        0x0 c:/ti/ccs1230/ccs/tools/compiler/gcc-arm-none-eabi-9-2019-q4-major/bin/../lib/gcc/arm-none-eabi/9.2.1/../../../../arm-none-eabi/lib/thumb/v7e-m/nofp\libc.a(lib_a-sbrkr.o)
 .data          0x200004b0        0x0 c:/ti/ccs1230/ccs/tools/compiler/gcc-arm-none-eabi-9-2019-q4-major/bin/../lib/gcc/arm-none-eabi/9.2.1/../../../../arm-none-eabi/lib/thumb/v7e-m/nofp\libc.a(lib_a-strlen.o)
 .data          0x200004b0        0x0 c:/ti/ccs1230/ccs/tools/compiler/gcc-arm-none-eabi-9-2019-q4-major/bin/../lib/gcc/arm-none-eabi/9.2.1/../../../../arm-none-eabi/lib/thumb/v7e-m/nofp\libc.a(lib_a-strncpy.o)
 .data          0x200004b0        0x0 c:/ti/ccs1230/ccs/tools/compiler/gcc-arm-none-eabi-9-2019-q4-major/bin/../lib/gcc/arm-none-eabi/9.2.1/../../../../arm-none-eabi/lib/thumb/v7e-m/nofp\libc.a(lib_a-svfiprintf.o)
 .data          0x200004b0        0x0 c:/ti/ccs1230/ccs/tools/compiler/gcc-arm-none-eabi-9-2019-q4-major/bin/../lib/gcc/arm-none-eabi/9.2.1/../../../../arm-none-eabi/lib/thumb/v7e-m/nofp\libc.a(lib_a-__atexit.o)
 .data          0x200004b0        0x0 c:/ti/ccs1230/ccs/tools/compiler/gcc-arm-none-eabi-9-2019-q4-major/bin/../lib/gcc/arm-none-eabi/9.2.1/../../../../arm-none-eabi/lib/thumb/v7e-m/nofp\libc.a(lib_a-callocr.o)
 .data          0x200004b0        0x0 c:/ti/ccs1230/ccs/tools/compiler/gcc-arm-none-eabi-9-2019-q4-major/bin/../lib/gcc/arm-none-eabi/9.2.1/../../../../arm-none-eabi/lib/thumb/v7e-m/nofp\libc.a(lib_a-locale.o)